#
# There is insufficient memory for the Java Runtime Environment to continue.
# Native memory allocation (malloc) failed to allocate 1057776 bytes. Error detail: Chunk::new
# Possible reasons:
#   The system is out of physical RAM or swap space
#   This process is running with CompressedOops enabled, and the Java Heap may be blocking the growth of the native heap
# Possible solutions:
#   Reduce memory load on the system
#   Increase physical memory or swap space
#   Check if swap backing store is full
#   Decrease Java heap size (-Xmx/-Xms)
#   Decrease number of Java threads
#   Decrease Java thread stack sizes (-Xss)
#   Set larger code cache with -XX:ReservedCodeCacheSize=
#   JVM is running with Unscaled Compressed Oops mode in which the Java heap is
#     placed in the first 4GB address space. The Java Heap base address is the
#     maximum limit for the native heap growth. Please use -XX:HeapBaseMinAddress
#     to set the Java Heap base and to place the Java Heap above 4GB virtual address.
# This output file may be truncated or incomplete.
#
#  Out of Memory Error (arena.cpp:149), pid=25556, tid=22320
#
# JRE version: Java(TM) SE Runtime Environment (23.0+37) (build 23+37-2369)
# Java VM: Java HotSpot(TM) 64-Bit Server VM (23+37-2369, mixed mode, sharing, tiered, compressed oops, compressed class ptrs, g1 gc, windows-amd64)
# No core dump will be written. Minidumps are not enabled by default on client versions of Windows
#

---------------  S U M M A R Y ------------

Command Line: --add-opens=java.base/java.lang=ALL-UNNAMED --add-opens=java.base/java.lang.invoke=ALL-UNNAMED --add-opens=java.base/java.util=ALL-UNNAMED --add-opens=java.prefs/java.util.prefs=ALL-UNNAMED --add-exports=jdk.compiler/com.sun.tools.javac.api=ALL-UNNAMED --add-exports=jdk.compiler/com.sun.tools.javac.util=ALL-UNNAMED --add-opens=java.base/java.util=ALL-UNNAMED --add-opens=java.prefs/java.util.prefs=ALL-UNNAMED --add-opens=java.base/java.nio.charset=ALL-UNNAMED --add-opens=java.base/java.net=ALL-UNNAMED --add-opens=java.base/java.util.concurrent.atomic=ALL-UNNAMED --add-opens=java.xml/javax.xml.namespace=ALL-UNNAMED -XX:MaxMetaspaceSize=384m -XX:+HeapDumpOnOutOfMemoryError -Xms256m -Xmx512m -Dfile.encoding=UTF-8 -Duser.country=IE -Duser.language=en -Duser.variant -javaagent:C:\Users\aoife\.gradle\wrapper\dists\gradle-8.14.3-bin\cv11ve7ro1n3o1j4so8xd9n66\gradle-8.14.3\lib\agents\gradle-instrumentation-agent-8.14.3.jar org.gradle.launcher.daemon.bootstrap.GradleDaemon 8.14.3

Host: AMD Ryzen 7 5700U with Radeon Graphics         , 16 cores, 15G,  Windows 11 , 64 bit Build 26100 (10.0.26100.7019)
Time: Sun Nov 16 22:18:08 2025 GMT Standard Time elapsed time: 12.145267 seconds (0d 0h 0m 12s)

---------------  T H R E A D  ---------------

Current thread (0x000001ddaedbb3a0):  JavaThread "C2 CompilerThread3" daemon [_thread_in_native, id=22320, stack(0x0000005404800000,0x0000005404900000) (1024K)]


Current CompileTask:
C2:12145 5091       4       groovyjarjarantlr4.v4.runtime.atn.ParserATNSimulator::closure (784 bytes)

Stack: [0x0000005404800000,0x0000005404900000]
Native frames: (J=compiled Java code, j=interpreted, Vv=VM code, C=native code)
V  [jvm.dll+0x6e08a9]  (no source info available)
V  [jvm.dll+0x87da63]  (no source info available)
V  [jvm.dll+0x87feee]  (no source info available)
V  [jvm.dll+0x8805c3]  (no source info available)
V  [jvm.dll+0x27aee6]  (no source info available)
V  [jvm.dll+0xbc06f]  (no source info available)
V  [jvm.dll+0xbc2cb]  (no source info available)
V  [jvm.dll+0x3b3a62]  (no source info available)
V  [jvm.dll+0x1dc39e]  (no source info available)
V  [jvm.dll+0x244be5]  (no source info available)
V  [jvm.dll+0x243dff]  (no source info available)
V  [jvm.dll+0x1c33a0]  (no source info available)
V  [jvm.dll+0x253cf1]  (no source info available)
V  [jvm.dll+0x251faa]  (no source info available)
V  [jvm.dll+0x3ee036]  (no source info available)
V  [jvm.dll+0x824f1b]  (no source info available)
V  [jvm.dll+0x6df055]  (no source info available)
C  [ucrtbase.dll+0x37b0]  (no source info available)
C  [KERNEL32.DLL+0x2e8d7]  (no source info available)
C  [ntdll.dll+0x8c53c]  (no source info available)

Lock stack of current Java thread (top to bottom):


---------------  P R O C E S S  ---------------

Threads class SMR info:
_java_thread_list=0x000001ddae26bbc0, length=36, elements={
0x000001ddf1eeaad0, 0x000001dda50239b0, 0x000001dda5026520, 0x000001dda502a780,
0x000001dda502c190, 0x000001dda502da10, 0x000001dda5051560, 0x000001dda5052300,
0x000001dda5065570, 0x000001dda5150600, 0x000001dda538c3e0, 0x000001ddaaf36750,
0x000001ddab01aaf0, 0x000001ddab2902b0, 0x000001ddab315150, 0x000001ddab314430,
0x000001ddab3129f0, 0x000001ddab314ac0, 0x000001ddab3157e0, 0x000001ddab312360,
0x000001ddab313080, 0x000001ddab313da0, 0x000001ddab313710, 0x000001ddab4cd2f0,
0x000001ddab4cbf40, 0x000001ddab4cc5d0, 0x000001ddab4cab90, 0x000001ddab4ccc60,
0x000001ddab4c9e70, 0x000001ddab4ca500, 0x000001ddab4cb220, 0x000001ddabf6f6c0,
0x000001ddaeca8dd0, 0x000001ddaedbb3a0, 0x000001dda51986b0, 0x000001dda519f0b0
}

Java Threads: ( => current thread )
  0x000001ddf1eeaad0 JavaThread "main"                              [_thread_blocked, id=20112, stack(0x0000005400f00000,0x0000005401000000) (1024K)]
  0x000001dda50239b0 JavaThread "Reference Handler"          daemon [_thread_blocked, id=6612, stack(0x0000005401700000,0x0000005401800000) (1024K)]
  0x000001dda5026520 JavaThread "Finalizer"                  daemon [_thread_blocked, id=14080, stack(0x0000005401800000,0x0000005401900000) (1024K)]
  0x000001dda502a780 JavaThread "Signal Dispatcher"          daemon [_thread_blocked, id=17544, stack(0x0000005401900000,0x0000005401a00000) (1024K)]
  0x000001dda502c190 JavaThread "Attach Listener"            daemon [_thread_blocked, id=23012, stack(0x0000005401a00000,0x0000005401b00000) (1024K)]
  0x000001dda502da10 JavaThread "Service Thread"             daemon [_thread_blocked, id=19380, stack(0x0000005401b00000,0x0000005401c00000) (1024K)]
  0x000001dda5051560 JavaThread "Monitor Deflation Thread"   daemon [_thread_blocked, id=14180, stack(0x0000005401c00000,0x0000005401d00000) (1024K)]
  0x000001dda5052300 JavaThread "C2 CompilerThread0"         daemon [_thread_blocked, id=8952, stack(0x0000005401d00000,0x0000005401e00000) (1024K)]
  0x000001dda5065570 JavaThread "C1 CompilerThread0"         daemon [_thread_blocked, id=24536, stack(0x0000005401e00000,0x0000005401f00000) (1024K)]
  0x000001dda5150600 JavaThread "Common-Cleaner"             daemon [_thread_blocked, id=13940, stack(0x0000005401f00000,0x0000005402000000) (1024K)]
  0x000001dda538c3e0 JavaThread "Notification Thread"        daemon [_thread_blocked, id=4396, stack(0x0000005402400000,0x0000005402500000) (1024K)]
  0x000001ddaaf36750 JavaThread "Daemon health stats"               [_thread_blocked, id=1028, stack(0x0000005402500000,0x0000005402600000) (1024K)]
  0x000001ddab01aaf0 JavaThread "Incoming local TCP Connector on port 60970"        [_thread_in_native, id=12256, stack(0x0000005402600000,0x0000005402700000) (1024K)]
  0x000001ddab2902b0 JavaThread "Daemon periodic checks"            [_thread_blocked, id=31724, stack(0x0000005402c00000,0x0000005402d00000) (1024K)]
  0x000001ddab315150 JavaThread "Daemon"                            [_thread_blocked, id=2472, stack(0x0000005402d00000,0x0000005402e00000) (1024K)]
  0x000001ddab314430 JavaThread "Handler for socket connection from /127.0.0.1:60970 to /127.0.0.1:60971"        [_thread_in_native, id=5964, stack(0x0000005402e00000,0x0000005402f00000) (1024K)]
  0x000001ddab3129f0 JavaThread "Cancel handler"                    [_thread_blocked, id=3120, stack(0x0000005402300000,0x0000005402400000) (1024K)]
  0x000001ddab314ac0 JavaThread "Daemon worker"                     [_thread_in_Java, id=18340, stack(0x0000005402f00000,0x0000005403000000) (1024K)]
  0x000001ddab3157e0 JavaThread "Asynchronous log dispatcher for DefaultDaemonConnection: socket connection from /127.0.0.1:60970 to /127.0.0.1:60971"        [_thread_blocked, id=26424, stack(0x0000005403000000,0x0000005403100000) (1024K)]
  0x000001ddab312360 JavaThread "Stdin handler"                     [_thread_blocked, id=14040, stack(0x0000005403100000,0x0000005403200000) (1024K)]
  0x000001ddab313080 JavaThread "Daemon client event forwarder"        [_thread_blocked, id=6972, stack(0x0000005403200000,0x0000005403300000) (1024K)]
  0x000001ddab313da0 JavaThread "Cache worker for journal cache (C:\Users\aoife\.gradle\caches\journal-1)"        [_thread_blocked, id=23360, stack(0x0000005403300000,0x0000005403400000) (1024K)]
  0x000001ddab313710 JavaThread "File lock request listener"        [_thread_in_native, id=14132, stack(0x0000005403400000,0x0000005403500000) (1024K)]
  0x000001ddab4cd2f0 JavaThread "Cache worker for file hash cache (C:\Users\aoife\.gradle\caches\8.14.3\fileHashes)"        [_thread_blocked, id=19104, stack(0x0000005403500000,0x0000005403600000) (1024K)]
  0x000001ddab4cbf40 JavaThread "Cache worker for file hash cache (C:\Users\aoife\Backend\Backend\.gradle\8.14.3\fileHashes)"        [_thread_blocked, id=15412, stack(0x0000005404000000,0x0000005404100000) (1024K)]
  0x000001ddab4cc5d0 JavaThread "Cache worker for Build Output Cleanup Cache (C:\Users\aoife\Backend\Backend\.gradle\buildOutputCleanup)"        [_thread_blocked, id=12048, stack(0x0000005404100000,0x0000005404200000) (1024K)]
  0x000001ddab4cab90 JavaThread "File watcher server"        daemon [_thread_in_native, id=18824, stack(0x0000005404200000,0x0000005404300000) (1024K)]
  0x000001ddab4ccc60 JavaThread "File watcher consumer"      daemon [_thread_blocked, id=16044, stack(0x0000005404300000,0x0000005404400000) (1024K)]
  0x000001ddab4c9e70 JavaThread "jar transforms"                    [_thread_blocked, id=32616, stack(0x0000005403f00000,0x0000005404000000) (1024K)]
  0x000001ddab4ca500 JavaThread "jar transforms Thread 2"           [_thread_blocked, id=8776, stack(0x0000005404400000,0x0000005404500000) (1024K)]
  0x000001ddab4cb220 JavaThread "jar transforms Thread 3"           [_thread_blocked, id=18204, stack(0x0000005404500000,0x0000005404600000) (1024K)]
  0x000001ddabf6f6c0 JavaThread "C2 CompilerThread1"         daemon [_thread_blocked, id=30456, stack(0x0000005404600000,0x0000005404700000) (1024K)]
  0x000001ddaeca8dd0 JavaThread "C2 CompilerThread2"         daemon [_thread_blocked, id=27936, stack(0x0000005404700000,0x0000005404800000) (1024K)]
=>0x000001ddaedbb3a0 JavaThread "C2 CompilerThread3"         daemon [_thread_in_native, id=22320, stack(0x0000005404800000,0x0000005404900000) (1024K)]
  0x000001dda51986b0 JavaThread "C1 CompilerThread1"         daemon [_thread_blocked, id=13484, stack(0x0000005402000000,0x0000005402100000) (1024K)]
  0x000001dda519f0b0 JavaThread "C1 CompilerThread2"         daemon [_thread_blocked, id=24844, stack(0x0000005402100000,0x0000005402200000) (1024K)]
Total: 36

Other Threads:
  0x000001dda5009dc0 VMThread "VM Thread"                           [id=21592, stack(0x0000005401600000,0x0000005401700000) (1024K)]
  0x000001dd8fed7890 WatcherThread "VM Periodic Task Thread"        [id=22960, stack(0x0000005401500000,0x0000005401600000) (1024K)]
  0x000001ddf434f900 WorkerThread "GC Thread#0"                     [id=10760, stack(0x0000005401000000,0x0000005401100000) (1024K)]
  0x000001dda580fa90 WorkerThread "GC Thread#1"                     [id=21972, stack(0x0000005402700000,0x0000005402800000) (1024K)]
  0x000001dda58181a0 WorkerThread "GC Thread#2"                     [id=29848, stack(0x0000005402800000,0x0000005402900000) (1024K)]
  0x000001dda5818960 WorkerThread "GC Thread#3"                     [id=480, stack(0x0000005402900000,0x0000005402a00000) (1024K)]
  0x000001dda5818d10 WorkerThread "GC Thread#4"                     [id=13024, stack(0x0000005402a00000,0x0000005402b00000) (1024K)]
  0x000001dda58190c0 WorkerThread "GC Thread#5"                     [id=9564, stack(0x0000005402b00000,0x0000005402c00000) (1024K)]
  0x000001ddaa143a80 WorkerThread "GC Thread#6"                     [id=16068, stack(0x0000005403700000,0x0000005403800000) (1024K)]
  0x000001ddac651c80 WorkerThread "GC Thread#7"                     [id=14724, stack(0x0000005403800000,0x0000005403900000) (1024K)]
  0x000001ddac652b40 WorkerThread "GC Thread#8"                     [id=19248, stack(0x0000005403900000,0x0000005403a00000) (1024K)]
  0x000001ddac653a00 WorkerThread "GC Thread#9"                     [id=17660, stack(0x0000005403a00000,0x0000005403b00000) (1024K)]
  0x000001ddac652030 WorkerThread "GC Thread#10"                    [id=1704, stack(0x0000005403b00000,0x0000005403c00000) (1024K)]
  0x000001ddac655020 WorkerThread "GC Thread#11"                    [id=3572, stack(0x0000005403c00000,0x0000005403d00000) (1024K)]
  0x000001ddac6523e0 WorkerThread "GC Thread#12"                    [id=35588, stack(0x0000005403d00000,0x0000005403e00000) (1024K)]
  0x000001ddf4356910 ConcurrentGCThread "G1 Main Marker"            [id=5612, stack(0x0000005401100000,0x0000005401200000) (1024K)]
  0x000001ddf43581b0 WorkerThread "G1 Conc#0"                       [id=16696, stack(0x0000005401200000,0x0000005401300000) (1024K)]
  0x000001ddac654160 WorkerThread "G1 Conc#1"                       [id=30940, stack(0x0000005403600000,0x0000005403700000) (1024K)]
  0x000001ddac654510 WorkerThread "G1 Conc#2"                       [id=26572, stack(0x0000005403e00000,0x0000005403f00000) (1024K)]
  0x000001dd8fdacaf0 ConcurrentGCThread "G1 Refine#0"               [id=8712, stack(0x0000005401300000,0x0000005401400000) (1024K)]
  0x000001dd8fdad320 ConcurrentGCThread "G1 Service"                [id=8436, stack(0x0000005401400000,0x0000005401500000) (1024K)]
Total: 21

Threads with active compile tasks:
C2 CompilerThread3  12320 5091       4       groovyjarjarantlr4.v4.runtime.atn.ParserATNSimulator::closure (784 bytes)
Total: 1

VM state: not at safepoint (normal execution)

VM Mutex/Monitor currently owned by a thread: None

Heap address: 0x00000000e0000000, size: 512 MB, Compressed Oops mode: 32-bit

CDS archive(s) mapped at: [0x000001dd90000000-0x000001dd90d70000-0x000001dd90d70000), size 14090240, SharedBaseAddress: 0x000001dd90000000, ArchiveRelocationMode: 1.
Compressed class space mapped at: 0x000001dd91000000-0x000001dda5000000, reserved size: 335544320
Narrow klass base: 0x000001dd90000000, Narrow klass shift: 0, Narrow klass range: 0x15000000

GC Precious Log:
 CardTable entry size: 512
 Card Set container configuration: InlinePtr #cards 5 size 8 Array Of Cards #cards 10 size 36 Howl #buckets 4 coarsen threshold 1843 Howl Bitmap #cards 512 size 80 coarsen threshold 460 Card regions per heap region 1 cards per card region 2048
 CPUs: 16 total, 16 available
 Memory: 15693M
 Large Page Support: Disabled
 NUMA Support: Disabled
 Compressed Oops: Enabled (32-bit)
 Heap Region Size: 1M
 Heap Min Capacity: 256M
 Heap Initial Capacity: 256M
 Heap Max Capacity: 512M
 Pre-touch: Disabled
 Parallel Workers: 13
 Concurrent Workers: 3
 Concurrent Refinement Workers: 13
 Periodic GC: Disabled

Heap:
 garbage-first heap   total reserved 524288K, committed 262144K, used 33962K [0x00000000e0000000, 0x0000000100000000)
  region size 1024K, 3 young (3072K), 1 survivors (1024K)
 Metaspace       used 35317K, committed 36352K, reserved 393216K
  class space    used 5231K, committed 5760K, reserved 327680K

Heap Regions: E=young(eden), S=young(survivor), O=old, HS=humongous(starts), HC=humongous(continues), CS=collection set, F=free, TAMS=top-at-mark-start, PB=parsable bottom
|   0|0x00000000e0000000, 0x00000000e0100000, 0x00000000e0100000|100%|HS|  |TAMS 0x00000000e0100000| PB 0x00000000e0000000| Complete |  0
|   1|0x00000000e0100000, 0x00000000e0200000, 0x00000000e0200000|100%|HC|  |TAMS 0x00000000e0200000| PB 0x00000000e0100000| Complete |  0
|   2|0x00000000e0200000, 0x00000000e0300000, 0x00000000e0300000|100%|HC|  |TAMS 0x00000000e0300000| PB 0x00000000e0200000| Complete |  0
|   3|0x00000000e0300000, 0x00000000e0400000, 0x00000000e0400000|100%| O|  |TAMS 0x00000000e0400000| PB 0x00000000e0300000| Untracked |  0
|   4|0x00000000e0400000, 0x00000000e0500000, 0x00000000e0500000|100%| O|  |TAMS 0x00000000e0500000| PB 0x00000000e0400000| Untracked |  0
|   5|0x00000000e0500000, 0x00000000e0600000, 0x00000000e0600000|100%| O|  |TAMS 0x00000000e0600000| PB 0x00000000e0500000| Untracked |  0
|   6|0x00000000e0600000, 0x00000000e0700000, 0x00000000e0700000|100%| O|  |TAMS 0x00000000e0700000| PB 0x00000000e0600000| Untracked |  0
|   7|0x00000000e0700000, 0x00000000e0800000, 0x00000000e0800000|100%| O|  |TAMS 0x00000000e0800000| PB 0x00000000e0700000| Untracked |  0
|   8|0x00000000e0800000, 0x00000000e0900000, 0x00000000e0900000|100%| O|  |TAMS 0x00000000e0900000| PB 0x00000000e0800000| Untracked |  0
|   9|0x00000000e0900000, 0x00000000e0a00000, 0x00000000e0a00000|100%| O|  |TAMS 0x00000000e0a00000| PB 0x00000000e0900000| Untracked |  0
|  10|0x00000000e0a00000, 0x00000000e0a00000, 0x00000000e0b00000|  0%| F|  |TAMS 0x00000000e0a00000| PB 0x00000000e0a00000| Untracked |  0
|  11|0x00000000e0b00000, 0x00000000e0c00000, 0x00000000e0c00000|100%|HS|  |TAMS 0x00000000e0c00000| PB 0x00000000e0b00000| Complete |  0
|  12|0x00000000e0c00000, 0x00000000e0d00000, 0x00000000e0d00000|100%| O|  |TAMS 0x00000000e0d00000| PB 0x00000000e0c00000| Untracked |  0
|  13|0x00000000e0d00000, 0x00000000e0e00000, 0x00000000e0e00000|100%| O|  |TAMS 0x00000000e0e00000| PB 0x00000000e0d00000| Untracked |  0
|  14|0x00000000e0e00000, 0x00000000e0f00000, 0x00000000e0f00000|100%| O|  |TAMS 0x00000000e0f00000| PB 0x00000000e0e00000| Untracked |  0
|  15|0x00000000e0f00000, 0x00000000e1000000, 0x00000000e1000000|100%| O|  |TAMS 0x00000000e1000000| PB 0x00000000e0f00000| Untracked |  0
|  16|0x00000000e1000000, 0x00000000e1100000, 0x00000000e1100000|100%| O|  |TAMS 0x00000000e1100000| PB 0x00000000e1000000| Untracked |  0
|  17|0x00000000e1100000, 0x00000000e1200000, 0x00000000e1200000|100%| O|  |TAMS 0x00000000e1200000| PB 0x00000000e1100000| Untracked |  0
|  18|0x00000000e1200000, 0x00000000e1300000, 0x00000000e1300000|100%| O|  |TAMS 0x00000000e1300000| PB 0x00000000e1200000| Untracked |  0
|  19|0x00000000e1300000, 0x00000000e1400000, 0x00000000e1400000|100%| O|  |TAMS 0x00000000e1400000| PB 0x00000000e1300000| Untracked |  0
|  20|0x00000000e1400000, 0x00000000e1500000, 0x00000000e1500000|100%| O|  |TAMS 0x00000000e1500000| PB 0x00000000e1400000| Untracked |  0
|  21|0x00000000e1500000, 0x00000000e1600000, 0x00000000e1600000|100%| O|  |TAMS 0x00000000e1600000| PB 0x00000000e1500000| Untracked |  0
|  22|0x00000000e1600000, 0x00000000e1700000, 0x00000000e1700000|100%| O|  |TAMS 0x00000000e1700000| PB 0x00000000e1600000| Untracked |  0
|  23|0x00000000e1700000, 0x00000000e1800000, 0x00000000e1800000|100%| O|  |TAMS 0x00000000e1800000| PB 0x00000000e1700000| Untracked |  0
|  24|0x00000000e1800000, 0x00000000e1900000, 0x00000000e1900000|100%| O|  |TAMS 0x00000000e1900000| PB 0x00000000e1800000| Untracked |  0
|  25|0x00000000e1900000, 0x00000000e1a00000, 0x00000000e1a00000|100%| O|  |TAMS 0x00000000e1a00000| PB 0x00000000e1900000| Untracked |  0
|  26|0x00000000e1a00000, 0x00000000e1b00000, 0x00000000e1b00000|100%| O|  |TAMS 0x00000000e1b00000| PB 0x00000000e1a00000| Untracked |  0
|  27|0x00000000e1b00000, 0x00000000e1c00000, 0x00000000e1c00000|100%| O|  |TAMS 0x00000000e1c00000| PB 0x00000000e1b00000| Untracked |  0
|  28|0x00000000e1c00000, 0x00000000e1d00000, 0x00000000e1d00000|100%| O|  |TAMS 0x00000000e1d00000| PB 0x00000000e1c00000| Untracked |  0
|  29|0x00000000e1d00000, 0x00000000e1e00000, 0x00000000e1e00000|100%| O|  |TAMS 0x00000000e1e00000| PB 0x00000000e1e00000| Untracked |  0
|  30|0x00000000e1e00000, 0x00000000e1f00000, 0x00000000e1f00000|100%| O|  |TAMS 0x00000000e1f00000| PB 0x00000000e1f00000| Untracked |  0
|  31|0x00000000e1f00000, 0x00000000e2000000, 0x00000000e2000000|100%| O|Cm|TAMS 0x00000000e2000000| PB 0x00000000e2000000| Updating |  0
|  32|0x00000000e2000000, 0x00000000e2079740, 0x00000000e2100000| 47%| O|  |TAMS 0x00000000e2079740| PB 0x00000000e2079740| Untracked |  0
|  33|0x00000000e2100000, 0x00000000e2100000, 0x00000000e2200000|  0%| F|  |TAMS 0x00000000e2100000| PB 0x00000000e2100000| Untracked |  0
|  34|0x00000000e2200000, 0x00000000e2200000, 0x00000000e2300000|  0%| F|  |TAMS 0x00000000e2200000| PB 0x00000000e2200000| Untracked |  0
|  35|0x00000000e2300000, 0x00000000e2300000, 0x00000000e2400000|  0%| F|  |TAMS 0x00000000e2300000| PB 0x00000000e2300000| Untracked |  0
|  36|0x00000000e2400000, 0x00000000e2400000, 0x00000000e2500000|  0%| F|  |TAMS 0x00000000e2400000| PB 0x00000000e2400000| Untracked |  0
|  37|0x00000000e2500000, 0x00000000e2500000, 0x00000000e2600000|  0%| F|  |TAMS 0x00000000e2500000| PB 0x00000000e2500000| Untracked |  0
|  38|0x00000000e2600000, 0x00000000e2600000, 0x00000000e2700000|  0%| F|  |TAMS 0x00000000e2600000| PB 0x00000000e2600000| Untracked |  0
|  39|0x00000000e2700000, 0x00000000e2700000, 0x00000000e2800000|  0%| F|  |TAMS 0x00000000e2700000| PB 0x00000000e2700000| Untracked |  0
|  40|0x00000000e2800000, 0x00000000e2800000, 0x00000000e2900000|  0%| F|  |TAMS 0x00000000e2800000| PB 0x00000000e2800000| Untracked |  0
|  41|0x00000000e2900000, 0x00000000e2900000, 0x00000000e2a00000|  0%| F|  |TAMS 0x00000000e2900000| PB 0x00000000e2900000| Untracked |  0
|  42|0x00000000e2a00000, 0x00000000e2a00000, 0x00000000e2b00000|  0%| F|  |TAMS 0x00000000e2a00000| PB 0x00000000e2a00000| Untracked |  0
|  43|0x00000000e2b00000, 0x00000000e2b00000, 0x00000000e2c00000|  0%| F|  |TAMS 0x00000000e2b00000| PB 0x00000000e2b00000| Untracked |  0
|  44|0x00000000e2c00000, 0x00000000e2c00000, 0x00000000e2d00000|  0%| F|  |TAMS 0x00000000e2c00000| PB 0x00000000e2c00000| Untracked |  0
|  45|0x00000000e2d00000, 0x00000000e2d00000, 0x00000000e2e00000|  0%| F|  |TAMS 0x00000000e2d00000| PB 0x00000000e2d00000| Untracked |  0
|  46|0x00000000e2e00000, 0x00000000e2e00000, 0x00000000e2f00000|  0%| F|  |TAMS 0x00000000e2e00000| PB 0x00000000e2e00000| Untracked |  0
|  47|0x00000000e2f00000, 0x00000000e2f00000, 0x00000000e3000000|  0%| F|  |TAMS 0x00000000e2f00000| PB 0x00000000e2f00000| Untracked |  0
|  48|0x00000000e3000000, 0x00000000e3000000, 0x00000000e3100000|  0%| F|  |TAMS 0x00000000e3000000| PB 0x00000000e3000000| Untracked |  0
|  49|0x00000000e3100000, 0x00000000e3100000, 0x00000000e3200000|  0%| F|  |TAMS 0x00000000e3100000| PB 0x00000000e3100000| Untracked |  0
|  50|0x00000000e3200000, 0x00000000e3200000, 0x00000000e3300000|  0%| F|  |TAMS 0x00000000e3200000| PB 0x00000000e3200000| Untracked |  0
|  51|0x00000000e3300000, 0x00000000e3300000, 0x00000000e3400000|  0%| F|  |TAMS 0x00000000e3300000| PB 0x00000000e3300000| Untracked |  0
|  52|0x00000000e3400000, 0x00000000e3400000, 0x00000000e3500000|  0%| F|  |TAMS 0x00000000e3400000| PB 0x00000000e3400000| Untracked |  0
|  53|0x00000000e3500000, 0x00000000e3500000, 0x00000000e3600000|  0%| F|  |TAMS 0x00000000e3500000| PB 0x00000000e3500000| Untracked |  0
|  54|0x00000000e3600000, 0x00000000e3600000, 0x00000000e3700000|  0%| F|  |TAMS 0x00000000e3600000| PB 0x00000000e3600000| Untracked |  0
|  55|0x00000000e3700000, 0x00000000e3700000, 0x00000000e3800000|  0%| F|  |TAMS 0x00000000e3700000| PB 0x00000000e3700000| Untracked |  0
|  56|0x00000000e3800000, 0x00000000e3800000, 0x00000000e3900000|  0%| F|  |TAMS 0x00000000e3800000| PB 0x00000000e3800000| Untracked |  0
|  57|0x00000000e3900000, 0x00000000e3900000, 0x00000000e3a00000|  0%| F|  |TAMS 0x00000000e3900000| PB 0x00000000e3900000| Untracked |  0
|  58|0x00000000e3a00000, 0x00000000e3a00000, 0x00000000e3b00000|  0%| F|  |TAMS 0x00000000e3a00000| PB 0x00000000e3a00000| Untracked |  0
|  59|0x00000000e3b00000, 0x00000000e3b00000, 0x00000000e3c00000|  0%| F|  |TAMS 0x00000000e3b00000| PB 0x00000000e3b00000| Untracked |  0
|  60|0x00000000e3c00000, 0x00000000e3c00000, 0x00000000e3d00000|  0%| F|  |TAMS 0x00000000e3c00000| PB 0x00000000e3c00000| Untracked |  0
|  61|0x00000000e3d00000, 0x00000000e3d00000, 0x00000000e3e00000|  0%| F|  |TAMS 0x00000000e3d00000| PB 0x00000000e3d00000| Untracked |  0
|  62|0x00000000e3e00000, 0x00000000e3e00000, 0x00000000e3f00000|  0%| F|  |TAMS 0x00000000e3e00000| PB 0x00000000e3e00000| Untracked |  0
|  63|0x00000000e3f00000, 0x00000000e3f00000, 0x00000000e4000000|  0%| F|  |TAMS 0x00000000e3f00000| PB 0x00000000e3f00000| Untracked |  0
|  64|0x00000000e4000000, 0x00000000e4000000, 0x00000000e4100000|  0%| F|  |TAMS 0x00000000e4000000| PB 0x00000000e4000000| Untracked |  0
|  65|0x00000000e4100000, 0x00000000e4100000, 0x00000000e4200000|  0%| F|  |TAMS 0x00000000e4100000| PB 0x00000000e4100000| Untracked |  0
|  66|0x00000000e4200000, 0x00000000e4200000, 0x00000000e4300000|  0%| F|  |TAMS 0x00000000e4200000| PB 0x00000000e4200000| Untracked |  0
|  67|0x00000000e4300000, 0x00000000e4300000, 0x00000000e4400000|  0%| F|  |TAMS 0x00000000e4300000| PB 0x00000000e4300000| Untracked |  0
|  68|0x00000000e4400000, 0x00000000e4400000, 0x00000000e4500000|  0%| F|  |TAMS 0x00000000e4400000| PB 0x00000000e4400000| Untracked |  0
|  69|0x00000000e4500000, 0x00000000e4500000, 0x00000000e4600000|  0%| F|  |TAMS 0x00000000e4500000| PB 0x00000000e4500000| Untracked |  0
|  70|0x00000000e4600000, 0x00000000e4600000, 0x00000000e4700000|  0%| F|  |TAMS 0x00000000e4600000| PB 0x00000000e4600000| Untracked |  0
|  71|0x00000000e4700000, 0x00000000e4700000, 0x00000000e4800000|  0%| F|  |TAMS 0x00000000e4700000| PB 0x00000000e4700000| Untracked |  0
|  72|0x00000000e4800000, 0x00000000e4800000, 0x00000000e4900000|  0%| F|  |TAMS 0x00000000e4800000| PB 0x00000000e4800000| Untracked |  0
|  73|0x00000000e4900000, 0x00000000e4900000, 0x00000000e4a00000|  0%| F|  |TAMS 0x00000000e4900000| PB 0x00000000e4900000| Untracked |  0
|  74|0x00000000e4a00000, 0x00000000e4a00000, 0x00000000e4b00000|  0%| F|  |TAMS 0x00000000e4a00000| PB 0x00000000e4a00000| Untracked |  0
|  75|0x00000000e4b00000, 0x00000000e4b00000, 0x00000000e4c00000|  0%| F|  |TAMS 0x00000000e4b00000| PB 0x00000000e4b00000| Untracked |  0
|  76|0x00000000e4c00000, 0x00000000e4c00000, 0x00000000e4d00000|  0%| F|  |TAMS 0x00000000e4c00000| PB 0x00000000e4c00000| Untracked |  0
|  77|0x00000000e4d00000, 0x00000000e4d00000, 0x00000000e4e00000|  0%| F|  |TAMS 0x00000000e4d00000| PB 0x00000000e4d00000| Untracked |  0
|  78|0x00000000e4e00000, 0x00000000e4e00000, 0x00000000e4f00000|  0%| F|  |TAMS 0x00000000e4e00000| PB 0x00000000e4e00000| Untracked |  0
|  79|0x00000000e4f00000, 0x00000000e4f00000, 0x00000000e5000000|  0%| F|  |TAMS 0x00000000e4f00000| PB 0x00000000e4f00000| Untracked |  0
|  80|0x00000000e5000000, 0x00000000e5000000, 0x00000000e5100000|  0%| F|  |TAMS 0x00000000e5000000| PB 0x00000000e5000000| Untracked |  0
|  81|0x00000000e5100000, 0x00000000e5100000, 0x00000000e5200000|  0%| F|  |TAMS 0x00000000e5100000| PB 0x00000000e5100000| Untracked |  0
|  82|0x00000000e5200000, 0x00000000e5200000, 0x00000000e5300000|  0%| F|  |TAMS 0x00000000e5200000| PB 0x00000000e5200000| Untracked |  0
|  83|0x00000000e5300000, 0x00000000e5300000, 0x00000000e5400000|  0%| F|  |TAMS 0x00000000e5300000| PB 0x00000000e5300000| Untracked |  0
|  84|0x00000000e5400000, 0x00000000e5400000, 0x00000000e5500000|  0%| F|  |TAMS 0x00000000e5400000| PB 0x00000000e5400000| Untracked |  0
|  85|0x00000000e5500000, 0x00000000e5500000, 0x00000000e5600000|  0%| F|  |TAMS 0x00000000e5500000| PB 0x00000000e5500000| Untracked |  0
|  86|0x00000000e5600000, 0x00000000e5600000, 0x00000000e5700000|  0%| F|  |TAMS 0x00000000e5600000| PB 0x00000000e5600000| Untracked |  0
|  87|0x00000000e5700000, 0x00000000e5700000, 0x00000000e5800000|  0%| F|  |TAMS 0x00000000e5700000| PB 0x00000000e5700000| Untracked |  0
|  88|0x00000000e5800000, 0x00000000e5800000, 0x00000000e5900000|  0%| F|  |TAMS 0x00000000e5800000| PB 0x00000000e5800000| Untracked |  0
|  89|0x00000000e5900000, 0x00000000e5900000, 0x00000000e5a00000|  0%| F|  |TAMS 0x00000000e5900000| PB 0x00000000e5900000| Untracked |  0
|  90|0x00000000e5a00000, 0x00000000e5a00000, 0x00000000e5b00000|  0%| F|  |TAMS 0x00000000e5a00000| PB 0x00000000e5a00000| Untracked |  0
|  91|0x00000000e5b00000, 0x00000000e5b00000, 0x00000000e5c00000|  0%| F|  |TAMS 0x00000000e5b00000| PB 0x00000000e5b00000| Untracked |  0
|  92|0x00000000e5c00000, 0x00000000e5c00000, 0x00000000e5d00000|  0%| F|  |TAMS 0x00000000e5c00000| PB 0x00000000e5c00000| Untracked |  0
|  93|0x00000000e5d00000, 0x00000000e5d00000, 0x00000000e5e00000|  0%| F|  |TAMS 0x00000000e5d00000| PB 0x00000000e5d00000| Untracked |  0
|  94|0x00000000e5e00000, 0x00000000e5e00000, 0x00000000e5f00000|  0%| F|  |TAMS 0x00000000e5e00000| PB 0x00000000e5e00000| Untracked |  0
|  95|0x00000000e5f00000, 0x00000000e5f00000, 0x00000000e6000000|  0%| F|  |TAMS 0x00000000e5f00000| PB 0x00000000e5f00000| Untracked |  0
|  96|0x00000000e6000000, 0x00000000e6000000, 0x00000000e6100000|  0%| F|  |TAMS 0x00000000e6000000| PB 0x00000000e6000000| Untracked |  0
|  97|0x00000000e6100000, 0x00000000e6100000, 0x00000000e6200000|  0%| F|  |TAMS 0x00000000e6100000| PB 0x00000000e6100000| Untracked |  0
|  98|0x00000000e6200000, 0x00000000e6200000, 0x00000000e6300000|  0%| F|  |TAMS 0x00000000e6200000| PB 0x00000000e6200000| Untracked |  0
|  99|0x00000000e6300000, 0x00000000e6300000, 0x00000000e6400000|  0%| F|  |TAMS 0x00000000e6300000| PB 0x00000000e6300000| Untracked |  0
| 100|0x00000000e6400000, 0x00000000e6400000, 0x00000000e6500000|  0%| F|  |TAMS 0x00000000e6400000| PB 0x00000000e6400000| Untracked |  0
| 101|0x00000000e6500000, 0x00000000e6500000, 0x00000000e6600000|  0%| F|  |TAMS 0x00000000e6500000| PB 0x00000000e6500000| Untracked |  0
| 102|0x00000000e6600000, 0x00000000e6600000, 0x00000000e6700000|  0%| F|  |TAMS 0x00000000e6600000| PB 0x00000000e6600000| Untracked |  0
| 103|0x00000000e6700000, 0x00000000e6700000, 0x00000000e6800000|  0%| F|  |TAMS 0x00000000e6700000| PB 0x00000000e6700000| Untracked |  0
| 104|0x00000000e6800000, 0x00000000e6800000, 0x00000000e6900000|  0%| F|  |TAMS 0x00000000e6800000| PB 0x00000000e6800000| Untracked |  0
| 105|0x00000000e6900000, 0x00000000e6900000, 0x00000000e6a00000|  0%| F|  |TAMS 0x00000000e6900000| PB 0x00000000e6900000| Untracked |  0
| 106|0x00000000e6a00000, 0x00000000e6a00000, 0x00000000e6b00000|  0%| F|  |TAMS 0x00000000e6a00000| PB 0x00000000e6a00000| Untracked |  0
| 107|0x00000000e6b00000, 0x00000000e6b00000, 0x00000000e6c00000|  0%| F|  |TAMS 0x00000000e6b00000| PB 0x00000000e6b00000| Untracked |  0
| 108|0x00000000e6c00000, 0x00000000e6c00000, 0x00000000e6d00000|  0%| F|  |TAMS 0x00000000e6c00000| PB 0x00000000e6c00000| Untracked |  0
| 109|0x00000000e6d00000, 0x00000000e6d00000, 0x00000000e6e00000|  0%| F|  |TAMS 0x00000000e6d00000| PB 0x00000000e6d00000| Untracked |  0
| 110|0x00000000e6e00000, 0x00000000e6e00000, 0x00000000e6f00000|  0%| F|  |TAMS 0x00000000e6e00000| PB 0x00000000e6e00000| Untracked |  0
| 111|0x00000000e6f00000, 0x00000000e6f00000, 0x00000000e7000000|  0%| F|  |TAMS 0x00000000e6f00000| PB 0x00000000e6f00000| Untracked |  0
| 112|0x00000000e7000000, 0x00000000e7000000, 0x00000000e7100000|  0%| F|  |TAMS 0x00000000e7000000| PB 0x00000000e7000000| Untracked |  0
| 113|0x00000000e7100000, 0x00000000e7100000, 0x00000000e7200000|  0%| F|  |TAMS 0x00000000e7100000| PB 0x00000000e7100000| Untracked |  0
| 114|0x00000000e7200000, 0x00000000e7200000, 0x00000000e7300000|  0%| F|  |TAMS 0x00000000e7200000| PB 0x00000000e7200000| Untracked |  0
| 115|0x00000000e7300000, 0x00000000e7300000, 0x00000000e7400000|  0%| F|  |TAMS 0x00000000e7300000| PB 0x00000000e7300000| Untracked |  0
| 116|0x00000000e7400000, 0x00000000e7400000, 0x00000000e7500000|  0%| F|  |TAMS 0x00000000e7400000| PB 0x00000000e7400000| Untracked |  0
| 117|0x00000000e7500000, 0x00000000e7500000, 0x00000000e7600000|  0%| F|  |TAMS 0x00000000e7500000| PB 0x00000000e7500000| Untracked |  0
| 118|0x00000000e7600000, 0x00000000e7600000, 0x00000000e7700000|  0%| F|  |TAMS 0x00000000e7600000| PB 0x00000000e7600000| Untracked |  0
| 119|0x00000000e7700000, 0x00000000e7700000, 0x00000000e7800000|  0%| F|  |TAMS 0x00000000e7700000| PB 0x00000000e7700000| Untracked |  0
| 120|0x00000000e7800000, 0x00000000e7800000, 0x00000000e7900000|  0%| F|  |TAMS 0x00000000e7800000| PB 0x00000000e7800000| Untracked |  0
| 121|0x00000000e7900000, 0x00000000e7900000, 0x00000000e7a00000|  0%| F|  |TAMS 0x00000000e7900000| PB 0x00000000e7900000| Untracked |  0
| 122|0x00000000e7a00000, 0x00000000e7a00000, 0x00000000e7b00000|  0%| F|  |TAMS 0x00000000e7a00000| PB 0x00000000e7a00000| Untracked |  0
| 123|0x00000000e7b00000, 0x00000000e7b00000, 0x00000000e7c00000|  0%| F|  |TAMS 0x00000000e7b00000| PB 0x00000000e7b00000| Untracked |  0
| 124|0x00000000e7c00000, 0x00000000e7c00000, 0x00000000e7d00000|  0%| F|  |TAMS 0x00000000e7c00000| PB 0x00000000e7c00000| Untracked |  0
| 125|0x00000000e7d00000, 0x00000000e7d00000, 0x00000000e7e00000|  0%| F|  |TAMS 0x00000000e7d00000| PB 0x00000000e7d00000| Untracked |  0
| 126|0x00000000e7e00000, 0x00000000e7e00000, 0x00000000e7f00000|  0%| F|  |TAMS 0x00000000e7e00000| PB 0x00000000e7e00000| Untracked |  0
| 127|0x00000000e7f00000, 0x00000000e7f00000, 0x00000000e8000000|  0%| F|  |TAMS 0x00000000e7f00000| PB 0x00000000e7f00000| Untracked |  0
| 128|0x00000000e8000000, 0x00000000e8000000, 0x00000000e8100000|  0%| F|  |TAMS 0x00000000e8000000| PB 0x00000000e8000000| Untracked |  0
| 129|0x00000000e8100000, 0x00000000e8100000, 0x00000000e8200000|  0%| F|  |TAMS 0x00000000e8100000| PB 0x00000000e8100000| Untracked |  0
| 130|0x00000000e8200000, 0x00000000e8200000, 0x00000000e8300000|  0%| F|  |TAMS 0x00000000e8200000| PB 0x00000000e8200000| Untracked |  0
| 131|0x00000000e8300000, 0x00000000e8300000, 0x00000000e8400000|  0%| F|  |TAMS 0x00000000e8300000| PB 0x00000000e8300000| Untracked |  0
| 132|0x00000000e8400000, 0x00000000e8400000, 0x00000000e8500000|  0%| F|  |TAMS 0x00000000e8400000| PB 0x00000000e8400000| Untracked |  0
| 133|0x00000000e8500000, 0x00000000e8500000, 0x00000000e8600000|  0%| F|  |TAMS 0x00000000e8500000| PB 0x00000000e8500000| Untracked |  0
| 134|0x00000000e8600000, 0x00000000e8600000, 0x00000000e8700000|  0%| F|  |TAMS 0x00000000e8600000| PB 0x00000000e8600000| Untracked |  0
| 135|0x00000000e8700000, 0x00000000e8700000, 0x00000000e8800000|  0%| F|  |TAMS 0x00000000e8700000| PB 0x00000000e8700000| Untracked |  0
| 136|0x00000000e8800000, 0x00000000e8800000, 0x00000000e8900000|  0%| F|  |TAMS 0x00000000e8800000| PB 0x00000000e8800000| Untracked |  0
| 137|0x00000000e8900000, 0x00000000e8900000, 0x00000000e8a00000|  0%| F|  |TAMS 0x00000000e8900000| PB 0x00000000e8900000| Untracked |  0
| 138|0x00000000e8a00000, 0x00000000e8a00000, 0x00000000e8b00000|  0%| F|  |TAMS 0x00000000e8a00000| PB 0x00000000e8a00000| Untracked |  0
| 139|0x00000000e8b00000, 0x00000000e8b00000, 0x00000000e8c00000|  0%| F|  |TAMS 0x00000000e8b00000| PB 0x00000000e8b00000| Untracked |  0
| 140|0x00000000e8c00000, 0x00000000e8c00000, 0x00000000e8d00000|  0%| F|  |TAMS 0x00000000e8c00000| PB 0x00000000e8c00000| Untracked |  0
| 141|0x00000000e8d00000, 0x00000000e8d00000, 0x00000000e8e00000|  0%| F|  |TAMS 0x00000000e8d00000| PB 0x00000000e8d00000| Untracked |  0
| 142|0x00000000e8e00000, 0x00000000e8e00000, 0x00000000e8f00000|  0%| F|  |TAMS 0x00000000e8e00000| PB 0x00000000e8e00000| Untracked |  0
| 143|0x00000000e8f00000, 0x00000000e8f00000, 0x00000000e9000000|  0%| F|  |TAMS 0x00000000e8f00000| PB 0x00000000e8f00000| Untracked |  0
| 144|0x00000000e9000000, 0x00000000e9000000, 0x00000000e9100000|  0%| F|  |TAMS 0x00000000e9000000| PB 0x00000000e9000000| Untracked |  0
| 145|0x00000000e9100000, 0x00000000e9100000, 0x00000000e9200000|  0%| F|  |TAMS 0x00000000e9100000| PB 0x00000000e9100000| Untracked |  0
| 146|0x00000000e9200000, 0x00000000e9200000, 0x00000000e9300000|  0%| F|  |TAMS 0x00000000e9200000| PB 0x00000000e9200000| Untracked |  0
| 147|0x00000000e9300000, 0x00000000e9300000, 0x00000000e9400000|  0%| F|  |TAMS 0x00000000e9300000| PB 0x00000000e9300000| Untracked |  0
| 148|0x00000000e9400000, 0x00000000e9400000, 0x00000000e9500000|  0%| F|  |TAMS 0x00000000e9400000| PB 0x00000000e9400000| Untracked |  0
| 149|0x00000000e9500000, 0x00000000e9500000, 0x00000000e9600000|  0%| F|  |TAMS 0x00000000e9500000| PB 0x00000000e9500000| Untracked |  0
| 150|0x00000000e9600000, 0x00000000e9600000, 0x00000000e9700000|  0%| F|  |TAMS 0x00000000e9600000| PB 0x00000000e9600000| Untracked |  0
| 151|0x00000000e9700000, 0x00000000e9700000, 0x00000000e9800000|  0%| F|  |TAMS 0x00000000e9700000| PB 0x00000000e9700000| Untracked |  0
| 152|0x00000000e9800000, 0x00000000e9800000, 0x00000000e9900000|  0%| F|  |TAMS 0x00000000e9800000| PB 0x00000000e9800000| Untracked |  0
| 153|0x00000000e9900000, 0x00000000e9900000, 0x00000000e9a00000|  0%| F|  |TAMS 0x00000000e9900000| PB 0x00000000e9900000| Untracked |  0
| 154|0x00000000e9a00000, 0x00000000e9a00000, 0x00000000e9b00000|  0%| F|  |TAMS 0x00000000e9a00000| PB 0x00000000e9a00000| Untracked |  0
| 155|0x00000000e9b00000, 0x00000000e9b00000, 0x00000000e9c00000|  0%| F|  |TAMS 0x00000000e9b00000| PB 0x00000000e9b00000| Untracked |  0
| 156|0x00000000e9c00000, 0x00000000e9c00000, 0x00000000e9d00000|  0%| F|  |TAMS 0x00000000e9c00000| PB 0x00000000e9c00000| Untracked |  0
| 157|0x00000000e9d00000, 0x00000000e9d00000, 0x00000000e9e00000|  0%| F|  |TAMS 0x00000000e9d00000| PB 0x00000000e9d00000| Untracked |  0
| 158|0x00000000e9e00000, 0x00000000e9e00000, 0x00000000e9f00000|  0%| F|  |TAMS 0x00000000e9e00000| PB 0x00000000e9e00000| Untracked |  0
| 159|0x00000000e9f00000, 0x00000000e9f00000, 0x00000000ea000000|  0%| F|  |TAMS 0x00000000e9f00000| PB 0x00000000e9f00000| Untracked |  0
| 160|0x00000000ea000000, 0x00000000ea000000, 0x00000000ea100000|  0%| F|  |TAMS 0x00000000ea000000| PB 0x00000000ea000000| Untracked |  0
| 161|0x00000000ea100000, 0x00000000ea100000, 0x00000000ea200000|  0%| F|  |TAMS 0x00000000ea100000| PB 0x00000000ea100000| Untracked |  0
| 162|0x00000000ea200000, 0x00000000ea200000, 0x00000000ea300000|  0%| F|  |TAMS 0x00000000ea200000| PB 0x00000000ea200000| Untracked |  0
| 163|0x00000000ea300000, 0x00000000ea300000, 0x00000000ea400000|  0%| F|  |TAMS 0x00000000ea300000| PB 0x00000000ea300000| Untracked |  0
| 164|0x00000000ea400000, 0x00000000ea400000, 0x00000000ea500000|  0%| F|  |TAMS 0x00000000ea400000| PB 0x00000000ea400000| Untracked |  0
| 165|0x00000000ea500000, 0x00000000ea500000, 0x00000000ea600000|  0%| F|  |TAMS 0x00000000ea500000| PB 0x00000000ea500000| Untracked |  0
| 166|0x00000000ea600000, 0x00000000ea600000, 0x00000000ea700000|  0%| F|  |TAMS 0x00000000ea600000| PB 0x00000000ea600000| Untracked |  0
| 167|0x00000000ea700000, 0x00000000ea700000, 0x00000000ea800000|  0%| F|  |TAMS 0x00000000ea700000| PB 0x00000000ea700000| Untracked |  0
| 168|0x00000000ea800000, 0x00000000ea800000, 0x00000000ea900000|  0%| F|  |TAMS 0x00000000ea800000| PB 0x00000000ea800000| Untracked |  0
| 169|0x00000000ea900000, 0x00000000ea900000, 0x00000000eaa00000|  0%| F|  |TAMS 0x00000000ea900000| PB 0x00000000ea900000| Untracked |  0
| 170|0x00000000eaa00000, 0x00000000eaa00000, 0x00000000eab00000|  0%| F|  |TAMS 0x00000000eaa00000| PB 0x00000000eaa00000| Untracked |  0
| 171|0x00000000eab00000, 0x00000000eab00000, 0x00000000eac00000|  0%| F|  |TAMS 0x00000000eab00000| PB 0x00000000eab00000| Untracked |  0
| 172|0x00000000eac00000, 0x00000000eac00000, 0x00000000ead00000|  0%| F|  |TAMS 0x00000000eac00000| PB 0x00000000eac00000| Untracked |  0
| 173|0x00000000ead00000, 0x00000000ead00000, 0x00000000eae00000|  0%| F|  |TAMS 0x00000000ead00000| PB 0x00000000ead00000| Untracked |  0
| 174|0x00000000eae00000, 0x00000000eae00000, 0x00000000eaf00000|  0%| F|  |TAMS 0x00000000eae00000| PB 0x00000000eae00000| Untracked |  0
| 175|0x00000000eaf00000, 0x00000000eaf00000, 0x00000000eb000000|  0%| F|  |TAMS 0x00000000eaf00000| PB 0x00000000eaf00000| Untracked |  0
| 176|0x00000000eb000000, 0x00000000eb000000, 0x00000000eb100000|  0%| F|  |TAMS 0x00000000eb000000| PB 0x00000000eb000000| Untracked |  0
| 177|0x00000000eb100000, 0x00000000eb100000, 0x00000000eb200000|  0%| F|  |TAMS 0x00000000eb100000| PB 0x00000000eb100000| Untracked |  0
| 178|0x00000000eb200000, 0x00000000eb200000, 0x00000000eb300000|  0%| F|  |TAMS 0x00000000eb200000| PB 0x00000000eb200000| Untracked |  0
| 179|0x00000000eb300000, 0x00000000eb300000, 0x00000000eb400000|  0%| F|  |TAMS 0x00000000eb300000| PB 0x00000000eb300000| Untracked |  0
| 180|0x00000000eb400000, 0x00000000eb400000, 0x00000000eb500000|  0%| F|  |TAMS 0x00000000eb400000| PB 0x00000000eb400000| Untracked |  0
| 181|0x00000000eb500000, 0x00000000eb500000, 0x00000000eb600000|  0%| F|  |TAMS 0x00000000eb500000| PB 0x00000000eb500000| Untracked |  0
| 182|0x00000000eb600000, 0x00000000eb600000, 0x00000000eb700000|  0%| F|  |TAMS 0x00000000eb600000| PB 0x00000000eb600000| Untracked |  0
| 183|0x00000000eb700000, 0x00000000eb700000, 0x00000000eb800000|  0%| F|  |TAMS 0x00000000eb700000| PB 0x00000000eb700000| Untracked |  0
| 184|0x00000000eb800000, 0x00000000eb800000, 0x00000000eb900000|  0%| F|  |TAMS 0x00000000eb800000| PB 0x00000000eb800000| Untracked |  0
| 185|0x00000000eb900000, 0x00000000eb900000, 0x00000000eba00000|  0%| F|  |TAMS 0x00000000eb900000| PB 0x00000000eb900000| Untracked |  0
| 186|0x00000000eba00000, 0x00000000eba00000, 0x00000000ebb00000|  0%| F|  |TAMS 0x00000000eba00000| PB 0x00000000eba00000| Untracked |  0
| 187|0x00000000ebb00000, 0x00000000ebb00000, 0x00000000ebc00000|  0%| F|  |TAMS 0x00000000ebb00000| PB 0x00000000ebb00000| Untracked |  0
| 188|0x00000000ebc00000, 0x00000000ebc00000, 0x00000000ebd00000|  0%| F|  |TAMS 0x00000000ebc00000| PB 0x00000000ebc00000| Untracked |  0
| 189|0x00000000ebd00000, 0x00000000ebd00000, 0x00000000ebe00000|  0%| F|  |TAMS 0x00000000ebd00000| PB 0x00000000ebd00000| Untracked |  0
| 190|0x00000000ebe00000, 0x00000000ebe00000, 0x00000000ebf00000|  0%| F|  |TAMS 0x00000000ebe00000| PB 0x00000000ebe00000| Untracked |  0
| 191|0x00000000ebf00000, 0x00000000ebf00000, 0x00000000ec000000|  0%| F|  |TAMS 0x00000000ebf00000| PB 0x00000000ebf00000| Untracked |  0
| 192|0x00000000ec000000, 0x00000000ec000000, 0x00000000ec100000|  0%| F|  |TAMS 0x00000000ec000000| PB 0x00000000ec000000| Untracked |  0
| 193|0x00000000ec100000, 0x00000000ec100000, 0x00000000ec200000|  0%| F|  |TAMS 0x00000000ec100000| PB 0x00000000ec100000| Untracked |  0
| 194|0x00000000ec200000, 0x00000000ec200000, 0x00000000ec300000|  0%| F|  |TAMS 0x00000000ec200000| PB 0x00000000ec200000| Untracked |  0
| 195|0x00000000ec300000, 0x00000000ec300000, 0x00000000ec400000|  0%| F|  |TAMS 0x00000000ec300000| PB 0x00000000ec300000| Untracked |  0
| 196|0x00000000ec400000, 0x00000000ec400000, 0x00000000ec500000|  0%| F|  |TAMS 0x00000000ec400000| PB 0x00000000ec400000| Untracked |  0
| 197|0x00000000ec500000, 0x00000000ec500000, 0x00000000ec600000|  0%| F|  |TAMS 0x00000000ec500000| PB 0x00000000ec500000| Untracked |  0
| 198|0x00000000ec600000, 0x00000000ec600000, 0x00000000ec700000|  0%| F|  |TAMS 0x00000000ec600000| PB 0x00000000ec600000| Untracked |  0
| 199|0x00000000ec700000, 0x00000000ec700000, 0x00000000ec800000|  0%| F|  |TAMS 0x00000000ec700000| PB 0x00000000ec700000| Untracked |  0
| 200|0x00000000ec800000, 0x00000000ec800000, 0x00000000ec900000|  0%| F|  |TAMS 0x00000000ec800000| PB 0x00000000ec800000| Untracked |  0
| 201|0x00000000ec900000, 0x00000000ec900000, 0x00000000eca00000|  0%| F|  |TAMS 0x00000000ec900000| PB 0x00000000ec900000| Untracked |  0
| 202|0x00000000eca00000, 0x00000000eca00000, 0x00000000ecb00000|  0%| F|  |TAMS 0x00000000eca00000| PB 0x00000000eca00000| Untracked |  0
| 203|0x00000000ecb00000, 0x00000000ecb00000, 0x00000000ecc00000|  0%| F|  |TAMS 0x00000000ecb00000| PB 0x00000000ecb00000| Untracked |  0
| 204|0x00000000ecc00000, 0x00000000ecc00000, 0x00000000ecd00000|  0%| F|  |TAMS 0x00000000ecc00000| PB 0x00000000ecc00000| Untracked |  0
| 205|0x00000000ecd00000, 0x00000000ecd00000, 0x00000000ece00000|  0%| F|  |TAMS 0x00000000ecd00000| PB 0x00000000ecd00000| Untracked |  0
| 206|0x00000000ece00000, 0x00000000ece00000, 0x00000000ecf00000|  0%| F|  |TAMS 0x00000000ece00000| PB 0x00000000ece00000| Untracked |  0
| 207|0x00000000ecf00000, 0x00000000ecf00000, 0x00000000ed000000|  0%| F|  |TAMS 0x00000000ecf00000| PB 0x00000000ecf00000| Untracked |  0
| 208|0x00000000ed000000, 0x00000000ed000000, 0x00000000ed100000|  0%| F|  |TAMS 0x00000000ed000000| PB 0x00000000ed000000| Untracked |  0
| 209|0x00000000ed100000, 0x00000000ed100000, 0x00000000ed200000|  0%| F|  |TAMS 0x00000000ed100000| PB 0x00000000ed100000| Untracked |  0
| 210|0x00000000ed200000, 0x00000000ed200000, 0x00000000ed300000|  0%| F|  |TAMS 0x00000000ed200000| PB 0x00000000ed200000| Untracked |  0
| 211|0x00000000ed300000, 0x00000000ed300000, 0x00000000ed400000|  0%| F|  |TAMS 0x00000000ed300000| PB 0x00000000ed300000| Untracked |  0
| 212|0x00000000ed400000, 0x00000000ed400000, 0x00000000ed500000|  0%| F|  |TAMS 0x00000000ed400000| PB 0x00000000ed400000| Untracked |  0
| 213|0x00000000ed500000, 0x00000000ed500000, 0x00000000ed600000|  0%| F|  |TAMS 0x00000000ed500000| PB 0x00000000ed500000| Untracked |  0
| 214|0x00000000ed600000, 0x00000000ed600000, 0x00000000ed700000|  0%| F|  |TAMS 0x00000000ed600000| PB 0x00000000ed600000| Untracked |  0
| 215|0x00000000ed700000, 0x00000000ed700000, 0x00000000ed800000|  0%| F|  |TAMS 0x00000000ed700000| PB 0x00000000ed700000| Untracked |  0
| 216|0x00000000ed800000, 0x00000000ed800000, 0x00000000ed900000|  0%| F|  |TAMS 0x00000000ed800000| PB 0x00000000ed800000| Untracked |  0
| 217|0x00000000ed900000, 0x00000000ed900000, 0x00000000eda00000|  0%| F|  |TAMS 0x00000000ed900000| PB 0x00000000ed900000| Untracked |  0
| 218|0x00000000eda00000, 0x00000000eda00000, 0x00000000edb00000|  0%| F|  |TAMS 0x00000000eda00000| PB 0x00000000eda00000| Untracked |  0
| 219|0x00000000edb00000, 0x00000000edb00000, 0x00000000edc00000|  0%| F|  |TAMS 0x00000000edb00000| PB 0x00000000edb00000| Untracked |  0
| 220|0x00000000edc00000, 0x00000000edc00000, 0x00000000edd00000|  0%| F|  |TAMS 0x00000000edc00000| PB 0x00000000edc00000| Untracked |  0
| 221|0x00000000edd00000, 0x00000000edd00000, 0x00000000ede00000|  0%| F|  |TAMS 0x00000000edd00000| PB 0x00000000edd00000| Untracked |  0
| 222|0x00000000ede00000, 0x00000000ede00000, 0x00000000edf00000|  0%| F|  |TAMS 0x00000000ede00000| PB 0x00000000ede00000| Untracked |  0
| 223|0x00000000edf00000, 0x00000000edf00000, 0x00000000ee000000|  0%| F|  |TAMS 0x00000000edf00000| PB 0x00000000edf00000| Untracked |  0
| 224|0x00000000ee000000, 0x00000000ee000000, 0x00000000ee100000|  0%| F|  |TAMS 0x00000000ee000000| PB 0x00000000ee000000| Untracked |  0
| 225|0x00000000ee100000, 0x00000000ee100000, 0x00000000ee200000|  0%| F|  |TAMS 0x00000000ee100000| PB 0x00000000ee100000| Untracked |  0
| 226|0x00000000ee200000, 0x00000000ee200000, 0x00000000ee300000|  0%| F|  |TAMS 0x00000000ee200000| PB 0x00000000ee200000| Untracked |  0
| 227|0x00000000ee300000, 0x00000000ee300000, 0x00000000ee400000|  0%| F|  |TAMS 0x00000000ee300000| PB 0x00000000ee300000| Untracked |  0
| 228|0x00000000ee400000, 0x00000000ee400000, 0x00000000ee500000|  0%| F|  |TAMS 0x00000000ee400000| PB 0x00000000ee400000| Untracked |  0
| 229|0x00000000ee500000, 0x00000000ee500000, 0x00000000ee600000|  0%| F|  |TAMS 0x00000000ee500000| PB 0x00000000ee500000| Untracked |  0
| 230|0x00000000ee600000, 0x00000000ee600000, 0x00000000ee700000|  0%| F|  |TAMS 0x00000000ee600000| PB 0x00000000ee600000| Untracked |  0
| 231|0x00000000ee700000, 0x00000000ee700000, 0x00000000ee800000|  0%| F|  |TAMS 0x00000000ee700000| PB 0x00000000ee700000| Untracked |  0
| 232|0x00000000ee800000, 0x00000000ee800000, 0x00000000ee900000|  0%| F|  |TAMS 0x00000000ee800000| PB 0x00000000ee800000| Untracked |  0
| 233|0x00000000ee900000, 0x00000000ee900000, 0x00000000eea00000|  0%| F|  |TAMS 0x00000000ee900000| PB 0x00000000ee900000| Untracked |  0
| 234|0x00000000eea00000, 0x00000000eea00000, 0x00000000eeb00000|  0%| F|  |TAMS 0x00000000eea00000| PB 0x00000000eea00000| Untracked |  0
| 235|0x00000000eeb00000, 0x00000000eeb00000, 0x00000000eec00000|  0%| F|  |TAMS 0x00000000eeb00000| PB 0x00000000eeb00000| Untracked |  0
| 236|0x00000000eec00000, 0x00000000eec00000, 0x00000000eed00000|  0%| F|  |TAMS 0x00000000eec00000| PB 0x00000000eec00000| Untracked |  0
| 237|0x00000000eed00000, 0x00000000eed00000, 0x00000000eee00000|  0%| F|  |TAMS 0x00000000eed00000| PB 0x00000000eed00000| Untracked |  0
| 238|0x00000000eee00000, 0x00000000eee00000, 0x00000000eef00000|  0%| F|  |TAMS 0x00000000eee00000| PB 0x00000000eee00000| Untracked |  0
| 239|0x00000000eef00000, 0x00000000eef00000, 0x00000000ef000000|  0%| F|  |TAMS 0x00000000eef00000| PB 0x00000000eef00000| Untracked |  0
| 240|0x00000000ef000000, 0x00000000ef000000, 0x00000000ef100000|  0%| F|  |TAMS 0x00000000ef000000| PB 0x00000000ef000000| Untracked |  0
| 241|0x00000000ef100000, 0x00000000ef100000, 0x00000000ef200000|  0%| F|  |TAMS 0x00000000ef100000| PB 0x00000000ef100000| Untracked |  0
| 242|0x00000000ef200000, 0x00000000ef200000, 0x00000000ef300000|  0%| F|  |TAMS 0x00000000ef200000| PB 0x00000000ef200000| Untracked |  0
| 243|0x00000000ef300000, 0x00000000ef300000, 0x00000000ef400000|  0%| F|  |TAMS 0x00000000ef300000| PB 0x00000000ef300000| Untracked |  0
| 244|0x00000000ef400000, 0x00000000ef400000, 0x00000000ef500000|  0%| F|  |TAMS 0x00000000ef400000| PB 0x00000000ef400000| Untracked |  0
| 245|0x00000000ef500000, 0x00000000ef500000, 0x00000000ef600000|  0%| F|  |TAMS 0x00000000ef500000| PB 0x00000000ef500000| Untracked |  0
| 246|0x00000000ef600000, 0x00000000ef600000, 0x00000000ef700000|  0%| F|  |TAMS 0x00000000ef600000| PB 0x00000000ef600000| Untracked |  0
| 247|0x00000000ef700000, 0x00000000ef700000, 0x00000000ef800000|  0%| F|  |TAMS 0x00000000ef700000| PB 0x00000000ef700000| Untracked |  0
| 248|0x00000000ef800000, 0x00000000ef800000, 0x00000000ef900000|  0%| F|  |TAMS 0x00000000ef800000| PB 0x00000000ef800000| Untracked |  0
| 249|0x00000000ef900000, 0x00000000ef900000, 0x00000000efa00000|  0%| F|  |TAMS 0x00000000ef900000| PB 0x00000000ef900000| Untracked |  0
| 250|0x00000000efa00000, 0x00000000efa00000, 0x00000000efb00000|  0%| F|  |TAMS 0x00000000efa00000| PB 0x00000000efa00000| Untracked |  0
| 251|0x00000000efb00000, 0x00000000efb00000, 0x00000000efc00000|  0%| F|  |TAMS 0x00000000efb00000| PB 0x00000000efb00000| Untracked |  0
| 252|0x00000000efc00000, 0x00000000efcb12f8, 0x00000000efd00000| 69%| S|CS|TAMS 0x00000000efc00000| PB 0x00000000efc00000| Complete |  0
| 253|0x00000000efd00000, 0x00000000efd00000, 0x00000000efe00000|  0%| F|  |TAMS 0x00000000efd00000| PB 0x00000000efd00000| Untracked |  0
| 254|0x00000000efe00000, 0x00000000efed7e38, 0x00000000eff00000| 84%| E|  |TAMS 0x00000000efe00000| PB 0x00000000efe00000| Complete |  0
| 255|0x00000000eff00000, 0x00000000f0000000, 0x00000000f0000000|100%| E|CS|TAMS 0x00000000eff00000| PB 0x00000000eff00000| Complete |  0

Card table byte_map: [0x000001ddfd4f0000,0x000001ddfd5f0000] _byte_map_base: 0x000001ddfcdf0000

Marking Bits: (CMBitMap*) 0x000001ddf434ff20
 Bits: [0x000001ddfd5f0000, 0x000001ddfddf0000)

Polling page: 0x000001ddf3910000

Metaspace:

Usage:
  Non-class:     29.38 MB used.
      Class:      5.11 MB used.
       Both:     34.49 MB used.

Virtual space:
  Non-class space:       64.00 MB reserved,      29.88 MB ( 47%) committed,  1 nodes.
      Class space:      320.00 MB reserved,       5.62 MB (  2%) committed,  1 nodes.
             Both:      384.00 MB reserved,      35.50 MB (  9%) committed. 

Chunk freelists:
   Non-Class:  1.32 MB
       Class:  10.25 MB
        Both:  11.56 MB

MaxMetaspaceSize: 384.00 MB
CompressedClassSpaceSize: 320.00 MB
Initial GC threshold: 21.00 MB
Current GC threshold: 59.19 MB
CDS: on
 - commit_granule_bytes: 65536.
 - commit_granule_words: 8192.
 - virtual_space_node_default_size: 8388608.
 - enlarge_chunks_in_place: 1.
 - use_allocation_guard: 0.


Internal statistics:

num_allocs_failed_limit: 9.
num_arena_births: 1568.
num_arena_deaths: 0.
num_vsnodes_births: 2.
num_vsnodes_deaths: 0.
num_space_committed: 568.
num_space_uncommitted: 0.
num_chunks_returned_to_freelist: 9.
num_chunks_taken_from_freelist: 2946.
num_chunk_merges: 9.
num_chunk_splits: 1946.
num_chunks_enlarged: 1293.
num_inconsistent_stats: 0.

CodeHeap 'non-profiled nmethods': size=119232Kb used=2182Kb max_used=2424Kb free=117049Kb
 bounds [0x000001dd87b90000, 0x000001dd87e00000, 0x000001dd8f000000]
CodeHeap 'profiled nmethods': size=119104Kb used=6851Kb max_used=7887Kb free=112252Kb
 bounds [0x000001dd80000000, 0x000001dd807c0000, 0x000001dd87450000]
CodeHeap 'non-nmethods': size=7424Kb used=3069Kb max_used=3674Kb free=4354Kb
 bounds [0x000001dd87450000, 0x000001dd877f0000, 0x000001dd87b90000]
CodeCache: size=245760Kb, used=12102Kb, max_used=13985Kb, free=233655Kb
 total_blobs=5433, nmethods=4704, adapters=632, full_count=0
Compilation: enabled, stopped_count=0, restarted_count=0

Compilation events (20 events):
Event: 11.106 Thread 0x000001dda5065570 nmethod 5212 0x000001dd87dd4588 code [0x000001dd87dd46a0, 0x000001dd87dd4768]
Event: 11.109 Thread 0x000001ddaeca8dd0 nmethod 5148 0x000001dd87dd4888 code [0x000001dd87dd4c40, 0x000001dd87dd7298]
Event: 11.110 Thread 0x000001ddaeca8dd0 5182       4       groovyjarjarantlr4.v4.runtime.atn.ATNConfig::setPrecedenceFilterSuppressed (30 bytes)
Event: 11.111 Thread 0x000001ddaeca8dd0 nmethod 5182 0x000001dd87dd7508 code [0x000001dd87dd7600, 0x000001dd87dd7698]
Event: 11.111 Thread 0x000001ddaeca8dd0 5094       4       java.util.LinkedList::listIterator (15 bytes)
Event: 11.114 Thread 0x000001ddaeca8dd0 nmethod 5094 0x000001dd87dd7808 code [0x000001dd87dd7920, 0x000001dd87dd7bb0]
Event: 11.114 Thread 0x000001ddaeca8dd0 5110       4       java.util.AbstractSequentialList::iterator (5 bytes)
Event: 11.117 Thread 0x000001ddaeca8dd0 nmethod 5110 0x000001dd87dd7c08 code [0x000001dd87dd7d20, 0x000001dd87dd7f70]
Event: 11.117 Thread 0x000001ddaeca8dd0 5111       4       java.util.LinkedList$ListItr::<init> (47 bytes)
Event: 11.120 Thread 0x000001ddaeca8dd0 nmethod 5111 0x000001dd87dd8008 code [0x000001dd87dd8120, 0x000001dd87dd8408]
Event: 11.120 Thread 0x000001ddaeca8dd0 5160       4       java.util.BitSet::wordIndex (5 bytes)
Event: 11.120 Thread 0x000001ddaeca8dd0 nmethod 5160 0x000001dd87dd8488 code [0x000001dd87dd8580, 0x000001dd87dd85f0]
Event: 11.120 Thread 0x000001ddaeca8dd0 5098       4       java.util.LinkedList::linkLast (59 bytes)
Event: 11.124 Thread 0x000001ddaeca8dd0 nmethod 5098 0x000001dd87dd8788 code [0x000001dd87dd88a0, 0x000001dd87dd8c50]
Event: 11.124 Thread 0x000001ddaeca8dd0 5179       4       groovyjarjarantlr4.v4.runtime.atn.PredictionContextCache$PredictionContextAndInt::equals (70 bytes)
Event: 11.128 Thread 0x000001ddaeca8dd0 nmethod 5179 0x000001dd87dd8c88 code [0x000001dd87dd8dc0, 0x000001dd87dd8f98]
Event: 11.128 Thread 0x000001ddaeca8dd0 5188       4       groovyjarjarantlr4.v4.runtime.atn.PredictionContextCache::join (79 bytes)
Event: 12.138 Thread 0x000001ddaa2fa540 nmethod 5134 0x000001dd87dd9008 code [0x000001dd87dd92c0, 0x000001dd87ddad98]
Event: 12.138 Thread 0x000001ddaa2fa540 5187       4       groovyjarjarantlr4.v4.runtime.atn.ParserATNSimulator::precedenceTransition (52 bytes)
Event: 12.140 Thread 0x000001ddaeca8dd0 nmethod 5188 0x000001dd87ddaf08 code [0x000001dd87ddb0a0, 0x000001dd87ddb508]

GC Heap History (12 events):
Event: 0.839 GC heap before
{Heap before GC invocations=0 (full 0):
 garbage-first heap   total reserved 524288K, committed 262144K, used 23552K [0x00000000e0000000, 0x0000000100000000)
  region size 1024K, 24 young (24576K), 0 survivors (0K)
 Metaspace       used 1092K, committed 1216K, reserved 393216K
  class space    used 78K, committed 128K, reserved 327680K
}
Event: 0.844 GC heap after
{Heap after GC invocations=1 (full 0):
 garbage-first heap   total reserved 524288K, committed 262144K, used 2463K [0x00000000e0000000, 0x0000000100000000)
  region size 1024K, 3 young (3072K), 3 survivors (3072K)
 Metaspace       used 1092K, committed 1216K, reserved 393216K
  class space    used 78K, committed 128K, reserved 327680K
}
Event: 2.009 GC heap before
{Heap before GC invocations=1 (full 0):
 garbage-first heap   total reserved 524288K, committed 262144K, used 30111K [0x00000000e0000000, 0x0000000100000000)
  region size 1024K, 28 young (28672K), 3 survivors (3072K)
 Metaspace       used 4697K, committed 4928K, reserved 393216K
  class space    used 600K, committed 704K, reserved 327680K
}
Event: 2.014 GC heap after
{Heap after GC invocations=2 (full 0):
 garbage-first heap   total reserved 524288K, committed 262144K, used 10929K [0x00000000e0000000, 0x0000000100000000)
  region size 1024K, 4 young (4096K), 4 survivors (4096K)
 Metaspace       used 4697K, committed 4928K, reserved 393216K
  class space    used 600K, committed 704K, reserved 327680K
}
Event: 2.416 GC heap before
{Heap before GC invocations=2 (full 0):
 garbage-first heap   total reserved 524288K, committed 262144K, used 51889K [0x00000000e0000000, 0x0000000100000000)
  region size 1024K, 44 young (45056K), 4 survivors (4096K)
 Metaspace       used 4772K, committed 4992K, reserved 393216K
  class space    used 600K, committed 704K, reserved 327680K
}
Event: 2.453 GC heap after
{Heap after GC invocations=3 (full 0):
 garbage-first heap   total reserved 524288K, committed 262144K, used 12150K [0x00000000e0000000, 0x0000000100000000)
  region size 1024K, 2 young (2048K), 2 survivors (2048K)
 Metaspace       used 4772K, committed 4992K, reserved 393216K
  class space    used 600K, committed 704K, reserved 327680K
}
Event: 5.496 GC heap before
{Heap before GC invocations=3 (full 0):
 garbage-first heap   total reserved 524288K, committed 262144K, used 88950K [0x00000000e0000000, 0x0000000100000000)
  region size 1024K, 76 young (77824K), 2 survivors (2048K)
 Metaspace       used 16725K, committed 17216K, reserved 393216K
  class space    used 2345K, committed 2560K, reserved 327680K
}
Event: 5.503 GC heap after
{Heap after GC invocations=4 (full 0):
 garbage-first heap   total reserved 524288K, committed 262144K, used 21877K [0x00000000e0000000, 0x0000000100000000)
  region size 1024K, 10 young (10240K), 10 survivors (10240K)
 Metaspace       used 16725K, committed 17216K, reserved 393216K
  class space    used 2345K, committed 2560K, reserved 327680K
}
Event: 6.809 GC heap before
{Heap before GC invocations=4 (full 0):
 garbage-first heap   total reserved 524288K, committed 262144K, used 55669K [0x00000000e0000000, 0x0000000100000000)
  region size 1024K, 44 young (45056K), 10 survivors (10240K)
 Metaspace       used 20803K, committed 21504K, reserved 393216K
  class space    used 3075K, committed 3392K, reserved 327680K
}
Event: 6.815 GC heap after
{Heap after GC invocations=5 (full 0):
 garbage-first heap   total reserved 524288K, committed 262144K, used 24316K [0x00000000e0000000, 0x0000000100000000)
  region size 1024K, 3 young (3072K), 3 survivors (3072K)
 Metaspace       used 20803K, committed 21504K, reserved 393216K
  class space    used 3075K, committed 3392K, reserved 327680K
}
Event: 10.963 GC heap before
{Heap before GC invocations=6 (full 0):
 garbage-first heap   total reserved 524288K, committed 262144K, used 152316K [0x00000000e0000000, 0x0000000100000000)
  region size 1024K, 129 young (132096K), 3 survivors (3072K)
 Metaspace       used 34720K, committed 35776K, reserved 393216K
  class space    used 5166K, committed 5696K, reserved 327680K
}
Event: 10.971 GC heap after
{Heap after GC invocations=7 (full 0):
 garbage-first heap   total reserved 524288K, committed 262144K, used 33387K [0x00000000e0000000, 0x0000000100000000)
  region size 1024K, 12 young (12288K), 12 survivors (12288K)
 Metaspace       used 34720K, committed 35776K, reserved 393216K
  class space    used 5166K, committed 5696K, reserved 327680K
}

Dll operation events (15 events):
Event: 0.109 Loaded shared library C:\Program Files\Java\jdk-23\bin\java.dll
Event: 0.140 Loaded shared library C:\Program Files\Java\jdk-23\bin\jsvml.dll
Event: 0.221 Loaded shared library C:\Program Files\Java\jdk-23\bin\zip.dll
Event: 0.225 Loaded shared library C:\Program Files\Java\jdk-23\bin\instrument.dll
Event: 0.264 Loaded shared library C:\Program Files\Java\jdk-23\bin\net.dll
Event: 0.298 Loaded shared library C:\Program Files\Java\jdk-23\bin\nio.dll
Event: 0.302 Loaded shared library C:\Program Files\Java\jdk-23\bin\zip.dll
Event: 0.704 Loaded shared library C:\Program Files\Java\jdk-23\bin\jimage.dll
Event: 0.923 Loaded shared library C:\Program Files\Java\jdk-23\bin\verify.dll
Event: 1.383 Loaded shared library C:\Users\aoife\.gradle\native\1def1411415f61bf3af743bc5b6707747c0891f09f0c88961ee8f79bc544acac\windows-amd64\native-platform.dll
Event: 1.396 Loaded shared library C:\Users\aoife\.gradle\native\0.2.7\x86_64-windows-gnu\gradle-fileevents.dll
Event: 3.149 Loaded shared library C:\Program Files\Java\jdk-23\bin\management.dll
Event: 3.157 Loaded shared library C:\Program Files\Java\jdk-23\bin\management_ext.dll
Event: 3.603 Loaded shared library C:\Program Files\Java\jdk-23\bin\extnet.dll
Event: 4.375 Loaded shared library C:\Program Files\Java\jdk-23\bin\sunmscapi.dll

Deoptimization events (20 events):
Event: 10.985 Thread 0x000001ddab314ac0 Uncommon trap: trap_request=0xffffffde fr.pc=0x000001dd87db90e4 relative=0x00000000000000c4
Event: 10.985 Thread 0x000001ddab314ac0 Uncommon trap: reason=class_check action=maybe_recompile pc=0x000001dd87db90e4 method=groovyjarjarantlr4.v4.runtime.atn.SemanticContext$Predicate.equals(Ljava/lang/Object;)Z @ 1 c2
Event: 10.985 Thread 0x000001ddab314ac0 DEOPT PACKING pc=0x000001dd87db90e4 sp=0x0000005402ff5490
Event: 10.985 Thread 0x000001ddab314ac0 DEOPT UNPACKING pc=0x000001dd874a4402 sp=0x0000005402ff5428 mode 2
Event: 10.985 Thread 0x000001ddab314ac0 Uncommon trap: trap_request=0xffffff45 fr.pc=0x000001dd87dc275c relative=0x000000000000005c
Event: 10.985 Thread 0x000001ddab314ac0 Uncommon trap: reason=unstable_if action=reinterpret pc=0x000001dd87dc275c method=groovyjarjarantlr4.v4.runtime.atn.ATNConfig.isPrecedenceFilterSuppressed()Z @ 7 c2
Event: 10.985 Thread 0x000001ddab314ac0 DEOPT PACKING pc=0x000001dd87dc275c sp=0x0000005402ff5240
Event: 10.985 Thread 0x000001ddab314ac0 DEOPT UNPACKING pc=0x000001dd874a4402 sp=0x0000005402ff51d0 mode 2
Event: 11.024 Thread 0x000001ddab314ac0 Uncommon trap: trap_request=0xffffffde fr.pc=0x000001dd87c96ee4 relative=0x0000000000000d84
Event: 11.024 Thread 0x000001ddab314ac0 Uncommon trap: reason=class_check action=maybe_recompile pc=0x000001dd87c96ee4 method=java.util.concurrent.ConcurrentHashMap.putVal(Ljava/lang/Object;Ljava/lang/Object;Z)Ljava/lang/Object; @ 159 c2
Event: 11.024 Thread 0x000001ddab314ac0 DEOPT PACKING pc=0x000001dd87c96ee4 sp=0x0000005402ff51a0
Event: 11.024 Thread 0x000001ddab314ac0 DEOPT UNPACKING pc=0x000001dd874a4402 sp=0x0000005402ff5120 mode 2
Event: 11.033 Thread 0x000001ddab314ac0 Uncommon trap: trap_request=0xffffff45 fr.pc=0x000001dd87dc21f0 relative=0x00000000000000f0
Event: 11.033 Thread 0x000001ddab314ac0 Uncommon trap: reason=unstable_if action=reinterpret pc=0x000001dd87dc21f0 method=groovyjarjarantlr4.v4.runtime.atn.SemanticContext$Predicate.hashCode()I @ 27 c2
Event: 11.033 Thread 0x000001ddab314ac0 DEOPT PACKING pc=0x000001dd87dc21f0 sp=0x0000005402ff4430
Event: 11.033 Thread 0x000001ddab314ac0 DEOPT UNPACKING pc=0x000001dd874a4402 sp=0x0000005402ff43b8 mode 2
Event: 11.080 Thread 0x000001ddab314ac0 Uncommon trap: trap_request=0xffffffde fr.pc=0x000001dd87c96ee4 relative=0x0000000000000d84
Event: 11.080 Thread 0x000001ddab314ac0 Uncommon trap: reason=class_check action=maybe_recompile pc=0x000001dd87c96ee4 method=java.util.concurrent.ConcurrentHashMap.putVal(Ljava/lang/Object;Ljava/lang/Object;Z)Ljava/lang/Object; @ 159 c2
Event: 11.080 Thread 0x000001ddab314ac0 DEOPT PACKING pc=0x000001dd87c96ee4 sp=0x0000005402ff4d20
Event: 11.080 Thread 0x000001ddab314ac0 DEOPT UNPACKING pc=0x000001dd874a4402 sp=0x0000005402ff4ca0 mode 2

Classes loaded (20 events):
Event: 9.999 Loading class java/util/WeakHashMap$KeyIterator
Event: 9.999 Loading class java/util/WeakHashMap$HashIterator
Event: 10.000 Loading class java/util/WeakHashMap$HashIterator done
Event: 10.000 Loading class java/util/WeakHashMap$KeyIterator done
Event: 10.372 Loading class java/io/FileReader
Event: 10.372 Loading class java/io/FileReader done
Event: 10.474 Loading class java/util/EmptyStackException
Event: 10.475 Loading class java/util/EmptyStackException done
Event: 10.482 Loading class java/util/DualPivotQuicksort
Event: 10.484 Loading class java/util/DualPivotQuicksort done
Event: 10.484 Loading class java/util/DualPivotQuicksort$SortOperation
Event: 10.485 Loading class java/util/DualPivotQuicksort$SortOperation done
Event: 10.488 Loading class java/io/InvalidClassException
Event: 10.488 Loading class java/io/InvalidClassException done
Event: 10.566 Loading class java/util/concurrent/locks/ReentrantReadWriteLock$FairSync
Event: 10.566 Loading class java/util/concurrent/locks/ReentrantReadWriteLock$FairSync done
Event: 10.761 Loading class java/util/concurrent/atomic/AtomicIntegerArray
Event: 10.772 Loading class java/util/concurrent/atomic/AtomicIntegerArray done
Event: 10.773 Loading class java/lang/invoke/VarHandleInts$Array
Event: 10.806 Loading class java/lang/invoke/VarHandleInts$Array done

Classes unloaded (0 events):
No events

Classes redefined (0 events):
No events

Internal exceptions (20 events):
Event: 8.828 Thread 0x000001ddab314ac0 Exception <a 'java/lang/NoSuchMethodError'{0x00000000ecd37528}: static Lorg/gradle/tooling/internal/consumer/versioning/VersionDetails;.<clinit>()V> (0x00000000ecd37528) 
thrown [s\open\src\hotspot\share\prims\jni.cpp, line 1111]
Event: 8.828 Thread 0x000001ddab314ac0 Exception <a 'java/lang/NoSuchMethodError'{0x00000000ecd3a140}: static Lorg/gradle/tooling/internal/consumer/versioning/VersionDetails$R26VersionDetails;.<clinit>()V> (0x00000000ecd3a140) 
thrown [s\open\src\hotspot\share\prims\jni.cpp, line 1111]
Event: 8.828 Thread 0x000001ddab314ac0 Exception <a 'java/lang/NoSuchMethodError'{0x00000000ecd3b7d8}: static Lorg/gradle/tooling/internal/consumer/versioning/VersionDetails$R28VersionDetails;.<clinit>()V> (0x00000000ecd3b7d8) 
thrown [s\open\src\hotspot\share\prims\jni.cpp, line 1111]
Event: 8.828 Thread 0x000001ddab314ac0 Exception <a 'java/lang/NoSuchMethodError'{0x00000000ecd3cd70}: static Lorg/gradle/tooling/internal/consumer/versioning/VersionDetails$R35VersionDetails;.<clinit>()V> (0x00000000ecd3cd70) 
thrown [s\open\src\hotspot\share\prims\jni.cpp, line 1111]
Event: 8.828 Thread 0x000001ddab314ac0 Exception <a 'java/lang/NoSuchMethodError'{0x00000000ecd3e4c0}: static Lorg/gradle/tooling/internal/consumer/versioning/VersionDetails$R44VersionDetails;.<clinit>()V> (0x00000000ecd3e4c0) 
thrown [s\open\src\hotspot\share\prims\jni.cpp, line 1111]
Event: 8.828 Thread 0x000001ddab314ac0 Exception <a 'java/lang/NoSuchMethodError'{0x00000000ecd3fb58}: static Lorg/gradle/tooling/internal/consumer/versioning/VersionDetails$R48VersionDetails;.<clinit>()V> (0x00000000ecd3fb58) 
thrown [s\open\src\hotspot\share\prims\jni.cpp, line 1111]
Event: 8.829 Thread 0x000001ddab314ac0 Exception <a 'java/lang/NoSuchMethodError'{0x00000000ecd40de0}: static Lorg/gradle/tooling/internal/consumer/versioning/VersionDetails$R51VersionDetails;.<clinit>()V> (0x00000000ecd40de0) 
thrown [s\open\src\hotspot\share\prims\jni.cpp, line 1111]
Event: 8.831 Thread 0x000001ddab314ac0 Exception <a 'java/lang/NoSuchMethodError'{0x00000000ecd50120}: static [Lorg/gradle/tooling/BuildAction;.<clinit>()V> (0x00000000ecd50120) 
thrown [s\open\src\hotspot\share\prims\jni.cpp, line 1111]
Event: 8.832 Thread 0x000001ddab314ac0 Exception <a 'java/lang/NoSuchMethodError'{0x00000000ecd5d968}: static Lorg/eclipse/buildship/core/internal/workspace/TellGradleToRunSynchronizationTasks;.<clinit>()V> (0x00000000ecd5d968) 
thrown [s\open\src\hotspot\share\prims\jni.cpp, line 1111]
Event: 8.836 Thread 0x000001ddab314ac0 Exception <a 'java/lang/NoSuchMethodError'{0x00000000ecd80d38}: 'java.lang.Object java.lang.invoke.DirectMethodHandle$Holder.newInvokeSpecial(java.lang.Object, java.lang.Object, java.lang.Object, int)'> (0x00000000ecd80d38) 
thrown [s\open\src\hotspot\share\interpreter\linkResolver.cpp, line 796]
Event: 8.836 Thread 0x000001ddab314ac0 Exception <a 'java/lang/NoSuchMethodError'{0x00000000ecd85188}: 'java.lang.Object java.lang.invoke.DirectMethodHandle$Holder.invokeSpecial(java.lang.Object, java.lang.Object, java.lang.Object, java.lang.Object, int)'> (0x00000000ecd85188) 
thrown [s\open\src\hotspot\share\interpreter\linkResolver.cpp, line 796]
Event: 8.837 Thread 0x000001ddab314ac0 Exception <a 'java/lang/NoSuchMethodError'{0x00000000ecd88d98}: 'java.lang.Object java.lang.invoke.Invokers$Holder.linkToTargetMethod(java.lang.Object, java.lang.Object, int, java.lang.Object)'> (0x00000000ecd88d98) 
thrown [s\open\src\hotspot\share\interpreter\linkResolver.cpp, line 796]
Event: 9.198 Thread 0x000001ddab314ac0 Exception <a 'java/lang/NoSuchMethodError'{0x00000000ec4a9a60}: 'void java.lang.invoke.DirectMethodHandle$Holder.invokeInterface(java.lang.Object, java.lang.Object, java.lang.Object, java.lang.Object, java.lang.Object)'> (0x00000000ec4a9a60) 
thrown [s\open\src\hotspot\share\interpreter\linkResolver.cpp, line 796]
Event: 9.439 Thread 0x000001ddab314ac0 Exception <a 'java/lang/IncompatibleClassChangeError'{0x00000000ebce1bf8}: Found class java.lang.Object, but interface was expected> (0x00000000ebce1bf8) 
thrown [s\open\src\hotspot\share\interpreter\linkResolver.cpp, line 863]
Event: 9.467 Thread 0x000001ddab314ac0 Exception <a 'java/lang/IncompatibleClassChangeError'{0x00000000eba70998}: Found class java.lang.Object, but interface was expected> (0x00000000eba70998) 
thrown [s\open\src\hotspot\share\interpreter\linkResolver.cpp, line 863]
Event: 9.598 Thread 0x000001ddab314ac0 Exception <a 'java/lang/NoSuchMethodError'{0x00000000eb4dd3e0}: 'java.lang.Object java.lang.invoke.DirectMethodHandle$Holder.invokeStaticInit(java.lang.Object, java.lang.Object, java.lang.Object)'> (0x00000000eb4dd3e0) 
thrown [s\open\src\hotspot\share\interpreter\linkResolver.cpp, line 796]
Event: 9.621 Thread 0x000001ddab314ac0 Exception <a 'java/lang/NoSuchMethodError'{0x00000000eb202c70}: 'void java.lang.invoke.DirectMethodHandle$Holder.invokeStaticInit(java.lang.Object, java.lang.Object, java.lang.Object, java.lang.Object, java.lang.Object)'> (0x00000000eb202c70) 
thrown [s\open\src\hotspot\share\interpreter\linkResolver.cpp, line 796]
Event: 9.790 Thread 0x000001ddab314ac0 Exception <a 'java/lang/NoSuchMethodError'{0x00000000ead94330}: 'java.lang.Object java.lang.invoke.DirectMethodHandle$Holder.invokeStatic(java.lang.Object, int, java.lang.Object)'> (0x00000000ead94330) 
thrown [s\open\src\hotspot\share\interpreter\linkResolver.cpp, line 796]
Event: 10.057 Thread 0x000001ddab314ac0 Exception <a 'java/lang/NoSuchMethodError'{0x00000000e9732320}: 'void java.lang.invoke.Invokers$Holder.invokeExact_MT(java.lang.Object, java.lang.Object, java.lang.Object, java.lang.Object)'> (0x00000000e9732320) 
thrown [s\open\src\hotspot\share\interpreter\linkResolver.cpp, line 796]
Event: 10.485 Thread 0x000001ddab314ac0 Exception <a 'java/lang/NoSuchMethodError'{0x00000000e9037c58}: 'void java.lang.invoke.DirectMethodHandle$Holder.invokeStatic(java.lang.Object, java.lang.Object, int, int)'> (0x00000000e9037c58) 
thrown [s\open\src\hotspot\share\interpreter\linkResolver.cpp, line 796]

VM Operations (20 events):
Event: 9.441 Executing VM operation: HandshakeAllThreads (Deoptimize)
Event: 9.441 Executing VM operation: HandshakeAllThreads (Deoptimize) done
Event: 9.729 Executing VM operation: HandshakeAllThreads (Deoptimize)
Event: 9.730 Executing VM operation: HandshakeAllThreads (Deoptimize) done
Event: 9.735 Executing VM operation: HandshakeAllThreads (Deoptimize)
Event: 9.735 Executing VM operation: HandshakeAllThreads (Deoptimize) done
Event: 9.736 Executing VM operation: HandshakeAllThreads (Deoptimize)
Event: 9.737 Executing VM operation: HandshakeAllThreads (Deoptimize) done
Event: 9.744 Executing VM operation: HandshakeAllThreads (Deoptimize)
Event: 9.744 Executing VM operation: HandshakeAllThreads (Deoptimize) done
Event: 9.911 Executing VM operation: HandshakeAllThreads (Deoptimize)
Event: 9.911 Executing VM operation: HandshakeAllThreads (Deoptimize) done
Event: 10.757 Executing VM operation: HandshakeAllThreads (Deoptimize)
Event: 10.757 Executing VM operation: HandshakeAllThreads (Deoptimize) done
Event: 10.812 Executing VM operation: HandshakeAllThreads (Deoptimize)
Event: 10.812 Executing VM operation: HandshakeAllThreads (Deoptimize) done
Event: 10.829 Executing VM operation: HandshakeAllThreads (Deoptimize)
Event: 10.830 Executing VM operation: HandshakeAllThreads (Deoptimize) done
Event: 10.963 Executing VM operation: G1CollectForAllocation (G1 Evacuation Pause)
Event: 10.971 Executing VM operation: G1CollectForAllocation (G1 Evacuation Pause) done

Memory protections (0 events):
No events

Nmethod flushes (0 events):
No events

Events (20 events):
Event: 8.387 Thread 0x000001ddace15620 Thread exited: 0x000001ddace15620
Event: 8.567 Thread 0x000001ddab314ac0 Thread added: 0x000001ddab4c9e70
Event: 8.567 Thread 0x000001ddab314ac0 Thread added: 0x000001ddab4ca500
Event: 8.567 Thread 0x000001ddab314ac0 Thread added: 0x000001ddab4cb220
Event: 8.598 Thread 0x000001dda519f0b0 Thread added: 0x000001ddacd9a7e0
Event: 8.607 Thread 0x000001ddacd9a7e0 Thread added: 0x000001ddacd9b3c0
Event: 9.307 Thread 0x000001ddacd9b3c0 Thread exited: 0x000001ddacd9b3c0
Event: 9.335 Thread 0x000001ddacd9a7e0 Thread exited: 0x000001ddacd9a7e0
Event: 9.624 Thread 0x000001dda51986b0 Thread added: 0x000001ddad732820
Event: 9.626 Thread 0x000001dda5065570 Thread added: 0x000001ddad7064a0
Event: 9.633 Thread 0x000001dda5052300 Thread added: 0x000001ddabf6f6c0
Event: 10.314 Thread 0x000001ddabf6f6c0 Thread exited: 0x000001ddabf6f6c0
Event: 10.314 Thread 0x000001ddad7064a0 Thread exited: 0x000001ddad7064a0
Event: 10.486 Thread 0x000001ddad732820 Thread exited: 0x000001ddad732820
Event: 10.553 Thread 0x000001dda51986b0 Thread added: 0x000001ddabf6f6c0
Event: 10.554 Thread 0x000001dda51986b0 Thread added: 0x000001ddad888910
Event: 10.806 Thread 0x000001ddad888910 Thread exited: 0x000001ddad888910
Event: 10.853 Thread 0x000001dda519fee0 Thread added: 0x000001ddaeca8dd0
Event: 10.873 Thread 0x000001dda519fee0 Thread added: 0x000001ddaedbb3a0
Event: 10.878 Thread 0x000001dda519fee0 Thread added: 0x000001ddaa2fa540


Dynamic libraries:
0x00007ff744f70000 - 0x00007ff744f80000 	C:\Program Files\Java\jdk-23\bin\java.exe
0x00007ffabde00000 - 0x00007ffabe068000 	C:\WINDOWS\SYSTEM32\ntdll.dll
0x00007ffabcb70000 - 0x00007ffabcc39000 	C:\WINDOWS\System32\KERNEL32.DLL
0x00007ffabaf50000 - 0x00007ffabb348000 	C:\WINDOWS\System32\KERNELBASE.dll
0x00007ffabb350000 - 0x00007ffabb49b000 	C:\WINDOWS\System32\ucrtbase.dll
0x00007ffaa3330000 - 0x00007ffaa334b000 	C:\Program Files\Java\jdk-23\bin\VCRUNTIME140.dll
0x00007ffaa3920000 - 0x00007ffaa3937000 	C:\Program Files\Java\jdk-23\bin\jli.dll
0x00007ffabdb70000 - 0x00007ffabdd37000 	C:\WINDOWS\System32\USER32.dll
0x00007ffaa0df0000 - 0x00007ffaa1084000 	C:\WINDOWS\WinSxS\amd64_microsoft.windows.common-controls_6595b64144ccf1df_6.0.26100.7019_none_3e06ffa0e335b8a8\COMCTL32.dll
0x00007ffabbab0000 - 0x00007ffabbad7000 	C:\WINDOWS\System32\win32u.dll
0x00007ffabbc00000 - 0x00007ffabbca9000 	C:\WINDOWS\System32\msvcrt.dll
0x00007ffabbba0000 - 0x00007ffabbbcb000 	C:\WINDOWS\System32\GDI32.dll
0x00007ffabb690000 - 0x00007ffabb7bc000 	C:\WINDOWS\System32\gdi32full.dll
0x00007ffabb4a0000 - 0x00007ffabb543000 	C:\WINDOWS\System32\msvcp_win.dll
0x00007ffabc070000 - 0x00007ffabc0a1000 	C:\WINDOWS\System32\IMM32.DLL
0x00007ffa926a0000 - 0x00007ffa926ac000 	C:\Program Files\Java\jdk-23\bin\vcruntime140_1.dll
0x00007ffa5ca60000 - 0x00007ffa5caee000 	C:\Program Files\Java\jdk-23\bin\msvcp140.dll
0x00007ffa29e50000 - 0x00007ffa2ab9f000 	C:\Program Files\Java\jdk-23\bin\server\jvm.dll
0x00007ffabbcb0000 - 0x00007ffabbd64000 	C:\WINDOWS\System32\ADVAPI32.dll
0x00007ffabbfc0000 - 0x00007ffabc066000 	C:\WINDOWS\System32\sechost.dll
0x00007ffabc790000 - 0x00007ffabc8a8000 	C:\WINDOWS\System32\RPCRT4.dll
0x00007ffabc930000 - 0x00007ffabc9a4000 	C:\WINDOWS\System32\WS2_32.dll
0x00007ffab39d0000 - 0x00007ffab3a05000 	C:\WINDOWS\SYSTEM32\WINMM.dll
0x00007ffab3a10000 - 0x00007ffab3a1b000 	C:\WINDOWS\SYSTEM32\VERSION.dll
0x00007ffabadb0000 - 0x00007ffabae0e000 	C:\WINDOWS\SYSTEM32\POWRPROF.dll
0x00007ffabad90000 - 0x00007ffabada4000 	C:\WINDOWS\SYSTEM32\UMPDC.dll
0x00007ffab9d10000 - 0x00007ffab9d2b000 	C:\WINDOWS\SYSTEM32\kernel.appcore.dll
0x00007ffa8b9d0000 - 0x00007ffa8b9da000 	C:\Program Files\Java\jdk-23\bin\jimage.dll
0x00007ffab88b0000 - 0x00007ffab8af2000 	C:\WINDOWS\SYSTEM32\DBGHELP.DLL
0x00007ffabd7e0000 - 0x00007ffabdb6b000 	C:\WINDOWS\System32\combase.dll
0x00007ffabbd70000 - 0x00007ffabbe47000 	C:\WINDOWS\System32\OLEAUT32.dll
0x00007ffaa0db0000 - 0x00007ffaa0dec000 	C:\WINDOWS\SYSTEM32\dbgcore.DLL
0x00007ffabb5e0000 - 0x00007ffabb685000 	C:\WINDOWS\System32\bcryptPrimitives.dll
0x00007ffa8b960000 - 0x00007ffa8b96f000 	C:\Program Files\Java\jdk-23\bin\instrument.dll
0x00007ffa8ae10000 - 0x00007ffa8ae2e000 	C:\Program Files\Java\jdk-23\bin\java.dll
0x00007ffabc9b0000 - 0x00007ffabcb47000 	C:\WINDOWS\System32\ole32.dll
0x00007ffabcdb0000 - 0x00007ffabd4ff000 	C:\WINDOWS\System32\SHELL32.dll
0x00007ffabb940000 - 0x00007ffabbaab000 	C:\WINDOWS\System32\wintypes.dll
0x00007ffab8b70000 - 0x00007ffab93cd000 	C:\WINDOWS\SYSTEM32\windows.storage.dll
0x00007ffabc600000 - 0x00007ffabc6f2000 	C:\WINDOWS\System32\SHCORE.dll
0x00007ffabdd50000 - 0x00007ffabddb7000 	C:\WINDOWS\System32\shlwapi.dll
0x00007ffabae70000 - 0x00007ffabae99000 	C:\WINDOWS\SYSTEM32\profapi.dll
0x00007ffa5bdc0000 - 0x00007ffa5be97000 	C:\Program Files\Java\jdk-23\bin\jsvml.dll
0x00007ffa8add0000 - 0x00007ffa8ade7000 	C:\Program Files\Java\jdk-23\bin\zip.dll
0x00007ffa8b550000 - 0x00007ffa8b560000 	C:\Program Files\Java\jdk-23\bin\net.dll
0x00007ffaba280000 - 0x00007ffaba2eb000 	C:\WINDOWS\system32\mswsock.dll
0x00007ffa897e0000 - 0x00007ffa897f6000 	C:\Program Files\Java\jdk-23\bin\nio.dll
0x00007ffa894b0000 - 0x00007ffa894c0000 	C:\Program Files\Java\jdk-23\bin\verify.dll
0x00007ffa7e730000 - 0x00007ffa7e757000 	C:\Users\aoife\.gradle\native\1def1411415f61bf3af743bc5b6707747c0891f09f0c88961ee8f79bc544acac\windows-amd64\native-platform.dll
0x00007ffa5c5e0000 - 0x00007ffa5c658000 	C:\Users\aoife\.gradle\native\0.2.7\x86_64-windows-gnu\gradle-fileevents.dll
0x00007ffa894a0000 - 0x00007ffa894aa000 	C:\Program Files\Java\jdk-23\bin\management.dll
0x00007ffa89470000 - 0x00007ffa8947b000 	C:\Program Files\Java\jdk-23\bin\management_ext.dll
0x00007ffabcb50000 - 0x00007ffabcb58000 	C:\WINDOWS\System32\PSAPI.DLL
0x00007ffab9700000 - 0x00007ffab9734000 	C:\WINDOWS\SYSTEM32\IPHLPAPI.DLL
0x00007ffabd750000 - 0x00007ffabd75a000 	C:\WINDOWS\System32\NSI.dll
0x00007ffa89460000 - 0x00007ffa89469000 	C:\Program Files\Java\jdk-23\bin\extnet.dll
0x00007ffaba550000 - 0x00007ffaba56b000 	C:\WINDOWS\SYSTEM32\CRYPTSP.dll
0x00007ffab9c70000 - 0x00007ffab9caa000 	C:\WINDOWS\system32\rsaenh.dll
0x00007ffaba330000 - 0x00007ffaba35b000 	C:\WINDOWS\SYSTEM32\USERENV.dll
0x00007ffabae40000 - 0x00007ffabae6a000 	C:\WINDOWS\SYSTEM32\bcrypt.dll
0x00007ffaba540000 - 0x00007ffaba54c000 	C:\WINDOWS\SYSTEM32\CRYPTBASE.dll
0x00007ffa88450000 - 0x00007ffa8845e000 	C:\Program Files\Java\jdk-23\bin\sunmscapi.dll
0x00007ffabb7c0000 - 0x00007ffabb937000 	C:\WINDOWS\System32\CRYPT32.dll
0x00007ffaba760000 - 0x00007ffaba790000 	C:\WINDOWS\SYSTEM32\ncrypt.dll
0x00007ffaba710000 - 0x00007ffaba74f000 	C:\WINDOWS\SYSTEM32\NTASN1.dll
0x00007ffa51640000 - 0x00007ffa51648000 	C:\WINDOWS\system32\wshunix.dll
0x00007ffab9e30000 - 0x00007ffab9e66000 	C:\WINDOWS\SYSTEM32\ntmarta.dll

dbghelp: loaded successfully - version: 4.0.5 - missing functions: none
symbol engine: initialized successfully - sym options: 0x614 - pdb path: .;C:\Program Files\Java\jdk-23\bin;C:\WINDOWS\SYSTEM32;C:\WINDOWS\WinSxS\amd64_microsoft.windows.common-controls_6595b64144ccf1df_6.0.26100.7019_none_3e06ffa0e335b8a8;C:\Program Files\Java\jdk-23\bin\server;C:\Users\aoife\.gradle\native\1def1411415f61bf3af743bc5b6707747c0891f09f0c88961ee8f79bc544acac\windows-amd64;C:\Users\aoife\.gradle\native\0.2.7\x86_64-windows-gnu

VM Arguments:
jvm_args: --add-opens=java.base/java.lang=ALL-UNNAMED --add-opens=java.base/java.lang.invoke=ALL-UNNAMED --add-opens=java.base/java.util=ALL-UNNAMED --add-opens=java.prefs/java.util.prefs=ALL-UNNAMED --add-exports=jdk.compiler/com.sun.tools.javac.api=ALL-UNNAMED --add-exports=jdk.compiler/com.sun.tools.javac.util=ALL-UNNAMED --add-opens=java.base/java.util=ALL-UNNAMED --add-opens=java.prefs/java.util.prefs=ALL-UNNAMED --add-opens=java.base/java.nio.charset=ALL-UNNAMED --add-opens=java.base/java.net=ALL-UNNAMED --add-opens=java.base/java.util.concurrent.atomic=ALL-UNNAMED --add-opens=java.xml/javax.xml.namespace=ALL-UNNAMED -XX:MaxMetaspaceSize=384m -XX:+HeapDumpOnOutOfMemoryError -Xms256m -Xmx512m -Dfile.encoding=UTF-8 -Duser.country=IE -Duser.language=en -Duser.variant -javaagent:C:\Users\aoife\.gradle\wrapper\dists\gradle-8.14.3-bin\cv11ve7ro1n3o1j4so8xd9n66\gradle-8.14.3\lib\agents\gradle-instrumentation-agent-8.14.3.jar 
java_command: org.gradle.launcher.daemon.bootstrap.GradleDaemon 8.14.3
java_class_path (initial): C:\Users\aoife\.gradle\wrapper\dists\gradle-8.14.3-bin\cv11ve7ro1n3o1j4so8xd9n66\gradle-8.14.3\lib\gradle-daemon-main-8.14.3.jar
Launcher Type: SUN_STANDARD

[Global flags]
     intx CICompilerCount                          = 12                                        {product} {ergonomic}
   size_t CompressedClassSpaceSize                 = 335544320                                 {product} {ergonomic}
     uint ConcGCThreads                            = 3                                         {product} {ergonomic}
     uint G1ConcRefinementThreads                  = 13                                        {product} {ergonomic}
   size_t G1HeapRegionSize                         = 1048576                                   {product} {ergonomic}
     bool HeapDumpOnOutOfMemoryError               = true                                   {manageable} {command line}
   size_t InitialHeapSize                          = 268435456                                 {product} {command line}
   size_t MarkStackSize                            = 4194304                                   {product} {ergonomic}
   size_t MarkStackSizeMax                         = 536870912                                 {product} {ergonomic}
   size_t MaxHeapSize                              = 536870912                                 {product} {command line}
   size_t MaxMetaspaceSize                         = 402653184                                 {product} {command line}
   size_t MaxNewSize                               = 321912832                                 {product} {ergonomic}
   size_t MinHeapDeltaBytes                        = 1048576                                   {product} {ergonomic}
   size_t MinHeapSize                              = 268435456                                 {product} {command line}
    uintx NonNMethodCodeHeapSize                   = 7602176                                {pd product} {ergonomic}
    uintx NonProfiledCodeHeapSize                  = 122093568                              {pd product} {ergonomic}
    uintx ProfiledCodeHeapSize                     = 121962496                              {pd product} {ergonomic}
    uintx ReservedCodeCacheSize                    = 251658240                              {pd product} {ergonomic}
     bool SegmentedCodeCache                       = true                                      {product} {ergonomic}
   size_t SoftMaxHeapSize                          = 536870912                              {manageable} {ergonomic}
     bool UseCompressedOops                        = true                           {product lp64_product} {ergonomic}
     bool UseG1GC                                  = true                                      {product} {ergonomic}
     bool UseLargePagesIndividualAllocation        = false                                  {pd product} {ergonomic}

Logging:
Log output configuration:
 #0: stdout all=warning uptime,level,tags foldmultilines=false
 #1: stderr all=off uptime,level,tags foldmultilines=false

Environment Variables:
PATH=C:\Program Files\Common Files\Oracle\Java\javapath;C:\Program Files (x86)\Common Files\Oracle\Java\javapath;C:\ProgramData\Oracle\Java\javapath;C:\windows\system32;C:\windows;C:\windows\System32\Wbem;C:\windows\System32\WindowsPowerShell\v1.0\;C:\windows\System32\OpenSSH\;C:\Users\aoife\AppData\Roaming\nvm;C:\Program Files\nodejs;C:\xampp\php;C:\composer;C:\Program Files\HP\HP One Agent;C:\Program Files\Git\cmd;C:\Program Files\CMake\bin;C:\Program Files (x86)\Windows Kits\10\Windows Performance Toolkit\;C:\Program Files\PuTTY\;C:\WINDOWS\system32;C:\WINDOWS;C:\WINDOWS\System32\Wbem;C:\WINDOWS\System32\WindowsPowerShell\v1.0\;C:\WINDOWS\System32\OpenSSH\;C:\Program Files\Wolfram Research\WolframScript\;C:\Program Files\Docker\Docker\resources\bin;C:\Users\aoife\anaconda3;C:\Users\aoife\anaconda3\Library\mingw-w64\bin;C:\Users\aoife\anaconda3\Library\usr\bin;C:\Users\aoife\anaconda3\Library\bin;C:\Users\aoife\anaconda3\Scripts;C:\Ruby32-x64\bin;C:\Users\aoife\AppData\Local\Microsoft\WindowsApps;C:\Users\aoife\AppData\Local\Programs\Microsoft VS Code\bin;C:\Users\aoife\AppData\Local\GitHubDesktop\bin;C:\Users\aoife\AppData\Roaming\npm;C:\Users\aoife\AppData\Roaming\nvm;C:\Program Files\nodejs;C:\msys64\ucrt64\bin;C:\Program Files\JetBrains\CLion 2023.3.3\bin;;C:\Users\aoife\AppData\Roaming\Composer\vendor\bin;C:\Program Files\MySQL\MySQL Server 8.0\bin;C:\flutter\flutter\bin;
USERNAME=aoife
OS=Windows_NT
PROCESSOR_IDENTIFIER=AMD64 Family 23 Model 104 Stepping 1, AuthenticAMD
TMP=C:\Users\aoife\AppData\Local\Temp
TEMP=C:\Users\aoife\AppData\Local\Temp




Periodic native trim disabled

---------------  S Y S T E M  ---------------

OS:
 Windows 11 , 64 bit Build 26100 (10.0.26100.7019)
OS uptime: 4 days 16:54 hours
Hyper-V role detected

CPU: total 16 (initial active 16) (16 cores per cpu, 2 threads per core) family 23 model 104 stepping 1 microcode 0x8608107, cx8, cmov, fxsr, ht, mmx, 3dnowpref, sse, sse2, sse3, ssse3, sse4a, sse4.1, sse4.2, popcnt, lzcnt, tsc, tscinvbit, avx, avx2, aes, clmul, bmi1, bmi2, adx, sha, fma, vzeroupper, clflush, clflushopt, hv, rdtscp, rdpid, f16c
Processor Information for the first 16 processors :
  Max Mhz: 1801, Current Mhz: 1801, Mhz Limit: 1801

Memory: 4k page, system-wide physical 15693M (1250M free)
TotalPageFile size 62797M (AvailPageFile size 8M)
current process WorkingSet (physical memory assigned to process): 338M, peak: 347M
current process commit charge ("private bytes"): 473M, peak: 488M

vm_info: Java HotSpot(TM) 64-Bit Server VM (23+37-2369) for windows-amd64 JRE (23+37-2369), built on 2024-08-20T16:01:23Z with MS VC++ 17.6 (VS2022)

END.
