#
# There is insufficient memory for the Java Runtime Environment to continue.
# Native memory allocation (malloc) failed to allocate 1562192 bytes. Error detail: Chunk::new
# Possible reasons:
#   The system is out of physical RAM or swap space
#   This process is running with CompressedOops enabled, and the Java Heap may be blocking the growth of the native heap
# Possible solutions:
#   Reduce memory load on the system
#   Increase physical memory or swap space
#   Check if swap backing store is full
#   Decrease Java heap size (-Xmx/-Xms)
#   Decrease number of Java threads
#   Decrease Java thread stack sizes (-Xss)
#   Set larger code cache with -XX:ReservedCodeCacheSize=
#   JVM is running with Unscaled Compressed Oops mode in which the Java heap is
#     placed in the first 4GB address space. The Java Heap base address is the
#     maximum limit for the native heap growth. Please use -XX:HeapBaseMinAddress
#     to set the Java Heap base and to place the Java Heap above 4GB virtual address.
# This output file may be truncated or incomplete.
#
#  Out of Memory Error (arena.cpp:168), pid=30784, tid=30684
#
# JRE version: OpenJDK Runtime Environment Temurin-21.0.8+9 (21.0.8+9) (build 21.0.8+9-LTS)
# Java VM: OpenJDK 64-Bit Server VM Temurin-21.0.8+9 (21.0.8+9-LTS, mixed mode, sharing, tiered, compressed oops, compressed class ptrs, parallel gc, windows-amd64)
# No core dump will be written. Minidumps are not enabled by default on client versions of Windows
#

---------------  S U M M A R Y ------------

Command Line: --add-modules=ALL-SYSTEM --add-opens=java.base/java.util=ALL-UNNAMED --add-opens=java.base/java.lang=ALL-UNNAMED --add-opens=java.base/sun.nio.fs=ALL-UNNAMED -Declipse.application=org.eclipse.jdt.ls.core.id1 -Dosgi.bundles.defaultStartLevel=4 -Declipse.product=org.eclipse.jdt.ls.core.product -Djava.import.generatesMetadataFilesAtProjectRoot=false -DDetectVMInstallationsJob.disabled=true -Dfile.encoding=utf8 -XX:+UseParallelGC -XX:GCTimeRatio=4 -XX:AdaptiveSizePolicyWeight=90 -Dsun.zip.disableMemoryMapping=true -Xmx2G -Xms100m -Xlog:disable -javaagent:c:\Users\aoife\.vscode\extensions\redhat.java-1.47.0-win32-x64\lombok\lombok-1.18.39-4050.jar -XX:+HeapDumpOnOutOfMemoryError -XX:HeapDumpPath=c:\Users\aoife\AppData\Roaming\Code\User\workspaceStorage\75d32d1431a1d4da82323331620cd040\redhat.java -Daether.dependencyCollector.impl=bf c:\Users\aoife\.vscode\extensions\redhat.java-1.47.0-win32-x64\server\plugins\org.eclipse.equinox.launcher_1.7.100.v20251014-1222.jar -configuration c:\Users\aoife\AppData\Roaming\Code\User\globalStorage\redhat.java\1.47.0\config_win -data c:\Users\aoife\AppData\Roaming\Code\User\workspaceStorage\75d32d1431a1d4da82323331620cd040\redhat.java\jdt_ws --pipe=\\.\pipe\lsp-37d3be80724c8eb9b894ca015f7d4550-sock

Host: AMD Ryzen 7 5700U with Radeon Graphics         , 16 cores, 15G,  Windows 11 , 64 bit Build 26100 (10.0.26100.7019)
Time: Sun Nov 16 22:16:28 2025 GMT Standard Time elapsed time: 122.399001 seconds (0d 0h 2m 2s)

---------------  T H R E A D  ---------------

Current thread (0x00000114816c5c80):  JavaThread "C2 CompilerThread1" daemon [_thread_in_native, id=30684, stack(0x0000000100100000,0x0000000100200000) (1024K)]


Current CompileTask:
C2:122399 11716       4       java.lang.invoke.LambdaFormEditor::bindArgumentL (59 bytes)

Stack: [0x0000000100100000,0x0000000100200000]
Native frames: (J=compiled Java code, j=interpreted, Vv=VM code, C=native code)
V  [jvm.dll+0x6d2449]
V  [jvm.dll+0x8ae341]
V  [jvm.dll+0x8b08be]
V  [jvm.dll+0x8b0fa3]
V  [jvm.dll+0x280c96]
V  [jvm.dll+0xc581d]
V  [jvm.dll+0xc5d53]
V  [jvm.dll+0x3b919c]
V  [jvm.dll+0x385315]
V  [jvm.dll+0x38477a]
V  [jvm.dll+0x248ed0]
V  [jvm.dll+0x2484af]
V  [jvm.dll+0x1c89ee]
V  [jvm.dll+0x257d4d]
V  [jvm.dll+0x2562ea]
V  [jvm.dll+0x3f2d16]
V  [jvm.dll+0x857e6b]
V  [jvm.dll+0x6d0b0d]
C  [ucrtbase.dll+0x37b0]
C  [KERNEL32.DLL+0x2e8d7]
C  [ntdll.dll+0x8c53c]


---------------  P R O C E S S  ---------------

Threads class SMR info:
_java_thread_list=0x000001148205d200, length=75, elements={
0x000001149eee56b0, 0x000001149ef893b0, 0x000001149ee8d6d0, 0x000001149ef8bf10,
0x000001149ef8cf10, 0x000001149ef92d30, 0x000001149ef97fe0, 0x000001149ef9d510,
0x00000114f7c41930, 0x000001149ef53030, 0x00000114f95c74a0, 0x00000114f99cde60,
0x00000114f99cf210, 0x00000114f99cf8a0, 0x00000114f99cd7d0, 0x00000114f99ceb80,
0x00000114f99ce4f0, 0x00000114f99ccab0, 0x00000114fe69d690, 0x00000114fe69b5c0,
0x00000114fe69dd20, 0x00000114fe69af30, 0x00000114fe69c2e0, 0x00000114fe69bc50,
0x00000114fe69e3b0, 0x00000114fe69c970, 0x00000114fe69f760, 0x00000114fe69ea40,
0x00000114fe69f0d0, 0x00000114fe6a0480, 0x00000114fe69fdf0, 0x00000114fe69d000,
0x00000114fe6a0b10, 0x00000114fe6a11a0, 0x00000114fe6a1830, 0x00000114fe6a1ec0,
0x00000114fe6a2550, 0x00000114fe7f42d0, 0x00000114fe7f4960, 0x00000114fe7f4ff0,
0x00000114fe7f5680, 0x00000114fe7f5d10, 0x00000114fe7f63a0, 0x00000114fe7f2f20,
0x00000114fe7f6a30, 0x00000114fe7f3c40, 0x00000114fe7f70c0, 0x00000114fe7f9eb0,
0x00000114fe7f9820, 0x00000114fe7f8470, 0x00000114fe7f7750, 0x00000114fe7f7de0,
0x00000114fe7f8b00, 0x0000011481d6b5f0, 0x0000011481d6c9a0, 0x0000011481d6af60,
0x0000011481d6bc80, 0x0000011481d6a8d0, 0x0000011481d6d6c0, 0x0000011481d6c310,
0x0000011481d6d030, 0x0000011481d6a240, 0x0000011481d6f100, 0x0000011481d6ea70,
0x0000011481d6f790, 0x0000011481d704b0, 0x0000011481d70b40, 0x0000011481d6e3e0,
0x0000011481d6fe20, 0x0000011481d71860, 0x00000114816c6350, 0x00000114fe7f35b0,
0x00000114fe8a3030, 0x00000114816c5c80, 0x00000114816c70f0
}

Java Threads: ( => current thread )
  0x000001149eee56b0 JavaThread "main"                              [_thread_blocked, id=28888, stack(0x0000000100600000,0x0000000100700000) (1024K)]
  0x000001149ef893b0 JavaThread "Reference Handler"          daemon [_thread_blocked, id=16232, stack(0x0000000100a00000,0x0000000100b00000) (1024K)]
  0x000001149ee8d6d0 JavaThread "Finalizer"                  daemon [_thread_blocked, id=21740, stack(0x0000000100b00000,0x0000000100c00000) (1024K)]
  0x000001149ef8bf10 JavaThread "Signal Dispatcher"          daemon [_thread_blocked, id=17632, stack(0x0000000100c00000,0x0000000100d00000) (1024K)]
  0x000001149ef8cf10 JavaThread "Attach Listener"            daemon [_thread_blocked, id=32024, stack(0x0000000100d00000,0x0000000100e00000) (1024K)]
  0x000001149ef92d30 JavaThread "Service Thread"             daemon [_thread_blocked, id=14488, stack(0x0000000100e00000,0x0000000100f00000) (1024K)]
  0x000001149ef97fe0 JavaThread "Monitor Deflation Thread"   daemon [_thread_blocked, id=33828, stack(0x0000000100f00000,0x0000000101000000) (1024K)]
  0x000001149ef9d510 JavaThread "C2 CompilerThread0"         daemon [_thread_blocked, id=19068, stack(0x0000000101000000,0x0000000101100000) (1024K)]
  0x00000114f7c41930 JavaThread "C1 CompilerThread0"         daemon [_thread_blocked, id=18240, stack(0x0000000101100000,0x0000000101200000) (1024K)]
  0x000001149ef53030 JavaThread "Common-Cleaner"             daemon [_thread_blocked, id=27844, stack(0x0000000101200000,0x0000000101300000) (1024K)]
  0x00000114f95c74a0 JavaThread "Notification Thread"        daemon [_thread_blocked, id=25260, stack(0x0000000101400000,0x0000000101500000) (1024K)]
  0x00000114f99cde60 JavaThread "Active Thread: Equinox Container: c023e797-2f62-46ff-a065-034885cb5647"        [_thread_blocked, id=22972, stack(0x0000000101d00000,0x0000000101e00000) (1024K)]
  0x00000114f99cf210 JavaThread "Refresh Thread: Equinox Container: c023e797-2f62-46ff-a065-034885cb5647" daemon [_thread_blocked, id=14828, stack(0x0000000101300000,0x0000000101400000) (1024K)]
  0x00000114f99cf8a0 JavaThread "Framework Event Dispatcher: Equinox Container: c023e797-2f62-46ff-a065-034885cb5647" daemon [_thread_blocked, id=17416, stack(0x0000000101500000,0x0000000101600000) (1024K)]
  0x00000114f99cd7d0 JavaThread "Start Level: Equinox Container: c023e797-2f62-46ff-a065-034885cb5647" daemon [_thread_blocked, id=33160, stack(0x0000000101c00000,0x0000000101d00000) (1024K)]
  0x00000114f99ceb80 JavaThread "Bundle File Closer"         daemon [_thread_blocked, id=29032, stack(0x0000000102300000,0x0000000102400000) (1024K)]
  0x00000114f99ce4f0 JavaThread "SCR Component Actor"        daemon [_thread_blocked, id=22512, stack(0x0000000102400000,0x0000000102500000) (1024K)]
  0x00000114f99ccab0 JavaThread "Worker-JM"                         [_thread_blocked, id=26728, stack(0x0000000102600000,0x0000000102700000) (1024K)]
  0x00000114fe69d690 JavaThread "JNA Cleaner"                daemon [_thread_blocked, id=12192, stack(0x0000000102800000,0x0000000102900000) (1024K)]
  0x00000114fe69b5c0 JavaThread "Worker-0"                          [_thread_blocked, id=31068, stack(0x0000000102900000,0x0000000102a00000) (1024K)]
  0x00000114fe69dd20 JavaThread "Worker-1"                          [_thread_blocked, id=35480, stack(0x0000000102a00000,0x0000000102b00000) (1024K)]
  0x00000114fe69af30 JavaThread "Java indexing"              daemon [_thread_blocked, id=18712, stack(0x0000000102d00000,0x0000000102e00000) (1024K)]
  0x00000114fe69c2e0 JavaThread "Worker-2"                          [_thread_blocked, id=25440, stack(0x0000000102e00000,0x0000000102f00000) (1024K)]
  0x00000114fe69bc50 JavaThread "Worker-3"                          [_thread_blocked, id=5372, stack(0x0000000103100000,0x0000000103200000) (1024K)]
  0x00000114fe69e3b0 JavaThread "Worker-4"                          [_thread_blocked, id=20244, stack(0x0000000103200000,0x0000000103300000) (1024K)]
  0x00000114fe69c970 JavaThread "Worker-5"                          [_thread_blocked, id=11488, stack(0x0000000103300000,0x0000000103400000) (1024K)]
  0x00000114fe69f760 JavaThread "Thread-1"                   daemon [_thread_in_native, id=10380, stack(0x0000000103400000,0x0000000103500000) (1024K)]
  0x00000114fe69ea40 JavaThread "Thread-2"                   daemon [_thread_in_native, id=5948, stack(0x0000000103500000,0x0000000103600000) (1024K)]
  0x00000114fe69f0d0 JavaThread "Thread-3"                   daemon [_thread_in_native, id=23588, stack(0x0000000103600000,0x0000000103700000) (1024K)]
  0x00000114fe6a0480 JavaThread "Thread-4"                   daemon [_thread_in_native, id=9676, stack(0x0000000103700000,0x0000000103800000) (1024K)]
  0x00000114fe69fdf0 JavaThread "Thread-5"                   daemon [_thread_in_native, id=15812, stack(0x0000000103800000,0x0000000103900000) (1024K)]
  0x00000114fe69d000 JavaThread "Thread-6"                   daemon [_thread_in_native, id=18632, stack(0x0000000103900000,0x0000000103a00000) (1024K)]
  0x00000114fe6a0b10 JavaThread "Thread-7"                   daemon [_thread_in_native, id=34020, stack(0x0000000103a00000,0x0000000103b00000) (1024K)]
  0x00000114fe6a11a0 JavaThread "Thread-8"                   daemon [_thread_in_native, id=23980, stack(0x0000000103b00000,0x0000000103c00000) (1024K)]
  0x00000114fe6a1830 JavaThread "Thread-9"                   daemon [_thread_in_native, id=12512, stack(0x0000000103c00000,0x0000000103d00000) (1024K)]
  0x00000114fe6a1ec0 JavaThread "Thread-10"                  daemon [_thread_in_native, id=21016, stack(0x0000000103d00000,0x0000000103e00000) (1024K)]
  0x00000114fe6a2550 JavaThread "Thread-11"                  daemon [_thread_in_native, id=17152, stack(0x0000000103e00000,0x0000000103f00000) (1024K)]
  0x00000114fe7f42d0 JavaThread "Thread-12"                  daemon [_thread_in_native, id=22344, stack(0x0000000103f00000,0x0000000104000000) (1024K)]
  0x00000114fe7f4960 JavaThread "Thread-13"                  daemon [_thread_in_native, id=6940, stack(0x0000000104000000,0x0000000104100000) (1024K)]
  0x00000114fe7f4ff0 JavaThread "Thread-14"                  daemon [_thread_in_native, id=32404, stack(0x0000000104100000,0x0000000104200000) (1024K)]
  0x00000114fe7f5680 JavaThread "Thread-15"                  daemon [_thread_in_native, id=25760, stack(0x0000000104200000,0x0000000104300000) (1024K)]
  0x00000114fe7f5d10 JavaThread "Thread-16"                  daemon [_thread_in_native, id=7160, stack(0x0000000104300000,0x0000000104400000) (1024K)]
  0x00000114fe7f63a0 JavaThread "Thread-17"                  daemon [_thread_in_native, id=19936, stack(0x0000000104400000,0x0000000104500000) (1024K)]
  0x00000114fe7f2f20 JavaThread "pool-2-thread-1"                   [_thread_blocked, id=10640, stack(0x0000000104500000,0x0000000104600000) (1024K)]
  0x00000114fe7f6a30 JavaThread "WorkspaceEventsHandler"            [_thread_blocked, id=29624, stack(0x0000000104600000,0x0000000104700000) (1024K)]
  0x00000114fe7f3c40 JavaThread "pool-1-thread-1"                   [_thread_blocked, id=9908, stack(0x0000000104700000,0x0000000104800000) (1024K)]
  0x00000114fe7f70c0 JavaThread "ForkJoinPool.commonPool-worker-1" daemon [_thread_blocked, id=15120, stack(0x0000000104a00000,0x0000000104b00000) (1024K)]
  0x00000114fe7f9eb0 JavaThread "ForkJoinPool.commonPool-worker-2" daemon [_thread_in_native, id=3784, stack(0x0000000104b00000,0x0000000104c00000) (1024K)]
  0x00000114fe7f9820 JavaThread "ForkJoinPool.commonPool-worker-3" daemon [_thread_blocked, id=20200, stack(0x0000000104c00000,0x0000000104d00000) (1024K)]
  0x00000114fe7f8470 JavaThread "ForkJoinPool.commonPool-worker-4" daemon [_thread_blocked, id=21196, stack(0x0000000104d00000,0x0000000104e00000) (1024K)]
  0x00000114fe7f7750 JavaThread "ForkJoinPool.commonPool-worker-5" daemon [_thread_blocked, id=30916, stack(0x0000000104e00000,0x0000000104f00000) (1024K)]
  0x00000114fe7f7de0 JavaThread "ForkJoinPool.commonPool-worker-6" daemon [_thread_blocked, id=30968, stack(0x0000000104f00000,0x0000000105000000) (1024K)]
  0x00000114fe7f8b00 JavaThread "ForkJoinPool.commonPool-worker-7" daemon [_thread_blocked, id=27008, stack(0x0000000105000000,0x0000000105100000) (1024K)]
  0x0000011481d6b5f0 JavaThread "ForkJoinPool.commonPool-worker-8" daemon [_thread_blocked, id=29548, stack(0x0000000105100000,0x0000000105200000) (1024K)]
  0x0000011481d6c9a0 JavaThread "ForkJoinPool.commonPool-worker-9" daemon [_thread_blocked, id=1952, stack(0x0000000105200000,0x0000000105300000) (1024K)]
  0x0000011481d6af60 JavaThread "ForkJoinPool.commonPool-worker-11" daemon [_thread_blocked, id=13712, stack(0x0000000105300000,0x0000000105400000) (1024K)]
  0x0000011481d6bc80 JavaThread "ForkJoinPool.commonPool-worker-12" daemon [_thread_blocked, id=16764, stack(0x0000000105400000,0x0000000105500000) (1024K)]
  0x0000011481d6a8d0 JavaThread "ForkJoinPool.commonPool-worker-10" daemon [_thread_blocked, id=21568, stack(0x0000000105500000,0x0000000105600000) (1024K)]
  0x0000011481d6d6c0 JavaThread "ForkJoinPool.commonPool-worker-13" daemon [_thread_blocked, id=14312, stack(0x0000000105600000,0x0000000105700000) (1024K)]
  0x0000011481d6c310 JavaThread "ForkJoinPool.commonPool-worker-14" daemon [_thread_blocked, id=2724, stack(0x0000000105700000,0x0000000105800000) (1024K)]
  0x0000011481d6d030 JavaThread "ForkJoinPool.commonPool-worker-15" daemon [_thread_blocked, id=26628, stack(0x0000000105800000,0x0000000105900000) (1024K)]
  0x0000011481d6a240 JavaThread "pool-3-thread-1"                   [_thread_blocked, id=3924, stack(0x0000000102c00000,0x0000000102d00000) (1024K)]
  0x0000011481d6f100 JavaThread "Compiler Source File Reader" daemon [_thread_blocked, id=34500, stack(0x0000000104900000,0x0000000104a00000) (1024K)]
  0x0000011481d6ea70 JavaThread "Compiler Source File Reader" daemon [_thread_blocked, id=20128, stack(0x0000000105900000,0x0000000105a00000) (1024K)]
  0x0000011481d6f790 JavaThread "Compiler Source File Reader" daemon [_thread_blocked, id=22716, stack(0x0000000105a00000,0x0000000105b00000) (1024K)]
  0x0000011481d704b0 JavaThread "Compiler Source File Reader" daemon [_thread_blocked, id=35348, stack(0x0000000105b00000,0x0000000105c00000) (1024K)]
  0x0000011481d70b40 JavaThread "Compiler Source File Reader" daemon [_thread_blocked, id=12636, stack(0x0000000105c00000,0x0000000105d00000) (1024K)]
  0x0000011481d6e3e0 JavaThread "Compiler Source File Reader" daemon [_thread_blocked, id=17016, stack(0x0000000105d00000,0x0000000105e00000) (1024K)]
  0x0000011481d6fe20 JavaThread "Compiler Processing Task"   daemon [_thread_blocked, id=19592, stack(0x0000000105e00000,0x0000000105f00000) (1024K)]
  0x0000011481d71860 JavaThread "Compiler Source File Reader" daemon [_thread_blocked, id=10460, stack(0x0000000106200000,0x0000000106300000) (1024K)]
  0x00000114816c6350 JavaThread "C1 CompilerThread1"         daemon [_thread_blocked, id=22588, stack(0x0000000100400000,0x0000000100500000) (1024K)]
  0x00000114fe7f35b0 JavaThread "Compiler Source File Reader" daemon [_thread_blocked, id=23084, stack(0x0000000100500000,0x0000000100600000) (1024K)]
  0x00000114fe8a3030 JavaThread "Compiler Source File Reader" daemon [_thread_blocked, id=32672, stack(0x0000000101f00000,0x0000000102000000) (1024K)]
=>0x00000114816c5c80 JavaThread "C2 CompilerThread1"         daemon [_thread_in_native, id=30684, stack(0x0000000100100000,0x0000000100200000) (1024K)]
  0x00000114816c70f0 JavaThread "C2 CompilerThread2"         daemon [_thread_blocked, id=25188, stack(0x0000000102b00000,0x0000000102c00000) (1024K)]
Total: 75

Other Threads:
  0x000001149ee74120 VMThread "VM Thread"                           [id=8888, stack(0x0000000100900000,0x0000000100a00000) (1024K)]
  0x000001149ed6ca00 WatcherThread "VM Periodic Task Thread"        [id=18156, stack(0x0000000100800000,0x0000000100900000) (1024K)]
  0x000001149ef03a10 WorkerThread "GC Thread#0"                     [id=15640, stack(0x0000000100700000,0x0000000100800000) (1024K)]
  0x00000114f981b700 WorkerThread "GC Thread#1"                     [id=29412, stack(0x0000000101600000,0x0000000101700000) (1024K)]
  0x00000114f9821680 WorkerThread "GC Thread#2"                     [id=10484, stack(0x0000000101700000,0x0000000101800000) (1024K)]
  0x00000114f97db500 WorkerThread "GC Thread#3"                     [id=4608, stack(0x0000000101800000,0x0000000101900000) (1024K)]
  0x00000114f97db8a0 WorkerThread "GC Thread#4"                     [id=32704, stack(0x0000000101900000,0x0000000101a00000) (1024K)]
  0x00000114f9610a80 WorkerThread "GC Thread#5"                     [id=32468, stack(0x0000000101a00000,0x0000000101b00000) (1024K)]
  0x00000114f9610e20 WorkerThread "GC Thread#6"                     [id=29160, stack(0x0000000101b00000,0x0000000101c00000) (1024K)]
  0x00000114f9c33fe0 WorkerThread "GC Thread#7"                     [id=31604, stack(0x0000000101e00000,0x0000000101f00000) (1024K)]
  0x00000114f9cbe100 WorkerThread "GC Thread#8"                     [id=28268, stack(0x0000000102000000,0x0000000102100000) (1024K)]
  0x00000114f99f52a0 WorkerThread "GC Thread#9"                     [id=23620, stack(0x0000000102100000,0x0000000102200000) (1024K)]
  0x00000114f9a16d50 WorkerThread "GC Thread#10"                    [id=29332, stack(0x0000000102200000,0x0000000102300000) (1024K)]
  0x00000114f9a16270 WorkerThread "GC Thread#11"                    [id=9944, stack(0x0000000102500000,0x0000000102600000) (1024K)]
  0x00000114f9a169b0 WorkerThread "GC Thread#12"                    [id=7116, stack(0x0000000102700000,0x0000000102800000) (1024K)]
Total: 15

Threads with active compile tasks:
C2 CompilerThread1  122896 11716       4       java.lang.invoke.LambdaFormEditor::bindArgumentL (59 bytes)
Total: 1

VM state: not at safepoint (normal execution)

VM Mutex/Monitor currently owned by a thread: None

Heap address: 0x0000000080000000, size: 2048 MB, Compressed Oops mode: 32-bit

CDS archive(s) mapped at: [0x00000114b6000000-0x00000114b6ba0000-0x00000114b6ba0000), size 12189696, SharedBaseAddress: 0x00000114b6000000, ArchiveRelocationMode: 1.
Compressed class space mapped at: 0x00000114b7000000-0x00000114f7000000, reserved size: 1073741824
Narrow klass base: 0x00000114b6000000, Narrow klass shift: 0, Narrow klass range: 0x100000000

GC Precious Log:
 CardTable entry size: 512
 CPUs: 16 total, 16 available
 Memory: 15693M
 Large Page Support: Disabled
 NUMA Support: Disabled
 Compressed Oops: Enabled (32-bit)
 Alignments: Space 512K, Generation 512K, Heap 2M
 Heap Min Capacity: 100M
 Heap Initial Capacity: 100M
 Heap Max Capacity: 2G
 Pre-touch: Disabled
 Parallel Workers: 13

Heap:
 PSYoungGen      total 9728K, used 4935K [0x00000000d5580000, 0x00000000d6200000, 0x0000000100000000)
  eden space 9216K, 48% used [0x00000000d5580000,0x00000000d59d3510,0x00000000d5e80000)
  from space 512K, 98% used [0x00000000d6180000,0x00000000d61fe900,0x00000000d6200000)
  to   space 1024K, 0% used [0x00000000d6000000,0x00000000d6000000,0x00000000d6100000)
 ParOldGen       total 173056K, used 172774K [0x0000000080000000, 0x000000008a900000, 0x00000000d5580000)
  object space 173056K, 99% used [0x0000000080000000,0x000000008a8b98d8,0x000000008a900000)
 Metaspace       used 71672K, committed 73152K, reserved 1114112K
  class space    used 7712K, committed 8320K, reserved 1048576K

Card table byte_map: [0x000001149e880000,0x000001149ec90000] _byte_map_base: 0x000001149e480000

Marking Bits: (ParMarkBitMap*) 0x00007ffa4035a340
 Begin Bits: [0x00000114b1380000, 0x00000114b3380000)
 End Bits:   [0x00000114b3380000, 0x00000114b5380000)

Polling page: 0x000001149e600000

Metaspace:

Usage:
  Non-class:     62.46 MB used.
      Class:      7.53 MB used.
       Both:     69.99 MB used.

Virtual space:
  Non-class space:       64.00 MB reserved,      63.31 MB ( 99%) committed,  1 nodes.
      Class space:        1.00 GB reserved,       8.12 MB ( <1%) committed,  1 nodes.
             Both:        1.06 GB reserved,      71.44 MB (  7%) committed. 

Chunk freelists:
   Non-Class:  368.00 KB
       Class:  7.83 MB
        Both:  8.19 MB

MaxMetaspaceSize: unlimited
CompressedClassSpaceSize: 1.00 GB
Initial GC threshold: 21.00 MB
Current GC threshold: 97.31 MB
CDS: on
 - commit_granule_bytes: 65536.
 - commit_granule_words: 8192.
 - virtual_space_node_default_size: 8388608.
 - enlarge_chunks_in_place: 1.
 - use_allocation_guard: 0.


Internal statistics:

num_allocs_failed_limit: 9.
num_arena_births: 1256.
num_arena_deaths: 14.
num_vsnodes_births: 2.
num_vsnodes_deaths: 0.
num_space_committed: 1143.
num_space_uncommitted: 0.
num_chunks_returned_to_freelist: 23.
num_chunks_taken_from_freelist: 4494.
num_chunk_merges: 12.
num_chunk_splits: 2715.
num_chunks_enlarged: 1517.
num_inconsistent_stats: 0.

CodeHeap 'non-profiled nmethods': size=119168Kb used=6823Kb max_used=6823Kb free=112345Kb
 bounds [0x00000114a9c70000, 0x00000114aa320000, 0x00000114b10d0000]
CodeHeap 'profiled nmethods': size=119104Kb used=25559Kb max_used=25559Kb free=93544Kb
 bounds [0x00000114a20d0000, 0x00000114a39d0000, 0x00000114a9520000]
CodeHeap 'non-nmethods': size=7488Kb used=2050Kb max_used=3211Kb free=5437Kb
 bounds [0x00000114a9520000, 0x00000114a9890000, 0x00000114a9c70000]
CodeCache: size=245760Kb, used=34432Kb, max_used=35593Kb, free=211326Kb
 total_blobs=11914, nmethods=11101, adapters=716, full_count=0
Compilation: enabled, stopped_count=0, restarted_count=0

Compilation events (20 events):
Event: 122.352 Thread 0x00000114f7c41930 11738       3       lombok.core.JavaIdentifiers::isPrimitive (11 bytes)
Event: 122.353 Thread 0x00000114f7c41930 nmethod 11738 0x00000114a3969810 code [0x00000114a39699e0, 0x00000114a3969bc8]
Event: 122.353 Thread 0x00000114f7c41930 11745       1       org.eclipse.jdt.internal.compiler.ast.ConstructorDeclaration::isConstructor (2 bytes)
Event: 122.353 Thread 0x00000114f7c41930 nmethod 11745 0x00000114aa2fd990 code [0x00000114aa2fdb20, 0x00000114aa2fdbe8]
Event: 122.353 Thread 0x00000114f7c41930 11754       3       org.eclipse.jdt.internal.compiler.parser.Parser::consumeInvocationExpression (1 bytes)
Event: 122.353 Thread 0x00000114f7c41930 nmethod 11754 0x00000114a3969d10 code [0x00000114a3969ea0, 0x00000114a3969fa8]
Event: 122.353 Thread 0x00000114f7c41930 11755       3       org.eclipse.jdt.internal.compiler.parser.Parser::constructTypeReference (551 bytes)
Event: 122.355 Thread 0x00000114f7c41930 nmethod 11755 0x00000114a396a010 code [0x00000114a396a340, 0x00000114a396b950]
Event: 122.355 Thread 0x00000114f7c41930 11756       3       org.eclipse.jdt.internal.compiler.parser.Parser::newMessageSend (65 bytes)
Event: 122.356 Thread 0x00000114f7c41930 nmethod 11756 0x00000114a396c210 code [0x00000114a396c400, 0x00000114a396c9a0]
Event: 122.356 Thread 0x00000114f7c41930 11758       3       java.lang.invoke.DirectMethodHandle$Holder::invokeStatic (18 bytes)
Event: 122.356 Thread 0x00000114f7c41930 nmethod 11758 0x00000114a396cb90 code [0x00000114a396cd60, 0x00000114a396d2b8]
Event: 122.356 Thread 0x00000114f7c41930 11757       3       org.eclipse.jdt.internal.compiler.lookup.MethodBinding::getAnnotationTagBits (153 bytes)
Event: 122.358 Thread 0x00000114f7c41930 nmethod 11757 0x00000114a396d410 code [0x00000114a396d680, 0x00000114a396e438]
Event: 122.358 Thread 0x00000114f7c41930 11759       3       org.eclipse.jdt.internal.compiler.lookup.PackageBinding::findPackage (13 bytes)
Event: 122.358 Thread 0x00000114f7c41930 nmethod 11759 0x00000114a396e990 code [0x00000114a396eb40, 0x00000114a396ed50]
Event: 122.358 Thread 0x00000114f7c41930 11760       3       org.eclipse.jdt.internal.core.JavaModelStatus::<init> (37 bytes)
Event: 122.358 Thread 0x00000114f7c41930 nmethod 11760 0x00000114a396ee90 code [0x00000114a396f040, 0x00000114a396f2b0]
Event: 122.362 Thread 0x00000114816c70f0 nmethod 11728 0x00000114aa2fe090 code [0x00000114aa2fe2e0, 0x00000114aa2ff3e0]
Event: 122.362 Thread 0x00000114816c70f0 11749   !   4       jdk.internal.reflect.DirectMethodHandleAccessor::invoke (92 bytes)

GC Heap History (20 events):
Event: 113.539 GC heap before
{Heap before GC invocations=259 (full 3):
 PSYoungGen      total 10752K, used 10741K [0x00000000d5580000, 0x00000000d6780000, 0x0000000100000000)
  eden space 9216K, 100% used [0x00000000d5580000,0x00000000d5e80000,0x00000000d5e80000)
  from space 1536K, 99% used [0x00000000d5f00000,0x00000000d607d508,0x00000000d6080000)
  to   space 4608K, 0% used [0x00000000d6300000,0x00000000d6300000,0x00000000d6780000)
 ParOldGen       total 168448K, used 168134K [0x0000000080000000, 0x000000008a480000, 0x00000000d5580000)
  object space 168448K, 99% used [0x0000000080000000,0x000000008a431a10,0x000000008a480000)
 Metaspace       used 67730K, committed 69184K, reserved 1114112K
  class space    used 7325K, committed 7936K, reserved 1048576K
}
Event: 113.541 GC heap after
{Heap after GC invocations=259 (full 3):
 PSYoungGen      total 10240K, used 640K [0x00000000d5580000, 0x00000000d6400000, 0x0000000100000000)
  eden space 9216K, 0% used [0x00000000d5580000,0x00000000d5580000,0x00000000d5e80000)
  from space 1024K, 62% used [0x00000000d6300000,0x00000000d63a0020,0x00000000d6400000)
  to   space 2048K, 0% used [0x00000000d6000000,0x00000000d6000000,0x00000000d6200000)
 ParOldGen       total 169472K, used 169076K [0x0000000080000000, 0x000000008a580000, 0x00000000d5580000)
  object space 169472K, 99% used [0x0000000080000000,0x000000008a51d210,0x000000008a580000)
 Metaspace       used 67730K, committed 69184K, reserved 1114112K
  class space    used 7325K, committed 7936K, reserved 1048576K
}
Event: 113.785 GC heap before
{Heap before GC invocations=260 (full 3):
 PSYoungGen      total 10240K, used 9856K [0x00000000d5580000, 0x00000000d6400000, 0x0000000100000000)
  eden space 9216K, 100% used [0x00000000d5580000,0x00000000d5e80000,0x00000000d5e80000)
  from space 1024K, 62% used [0x00000000d6300000,0x00000000d63a0020,0x00000000d6400000)
  to   space 2048K, 0% used [0x00000000d6000000,0x00000000d6000000,0x00000000d6200000)
 ParOldGen       total 169472K, used 169076K [0x0000000080000000, 0x000000008a580000, 0x00000000d5580000)
  object space 169472K, 99% used [0x0000000080000000,0x000000008a51d210,0x000000008a580000)
 Metaspace       used 68136K, committed 69568K, reserved 1114112K
  class space    used 7363K, committed 8000K, reserved 1048576K
}
Event: 113.787 GC heap after
{Heap after GC invocations=260 (full 3):
 PSYoungGen      total 11264K, used 576K [0x00000000d5580000, 0x00000000d6380000, 0x0000000100000000)
  eden space 9216K, 0% used [0x00000000d5580000,0x00000000d5580000,0x00000000d5e80000)
  from space 2048K, 28% used [0x00000000d6000000,0x00000000d6090020,0x00000000d6200000)
  to   space 1024K, 0% used [0x00000000d6280000,0x00000000d6280000,0x00000000d6380000)
 ParOldGen       total 169472K, used 169452K [0x0000000080000000, 0x000000008a580000, 0x00000000d5580000)
  object space 169472K, 99% used [0x0000000080000000,0x000000008a57b230,0x000000008a580000)
 Metaspace       used 68136K, committed 69568K, reserved 1114112K
  class space    used 7363K, committed 8000K, reserved 1048576K
}
Event: 115.271 GC heap before
{Heap before GC invocations=261 (full 3):
 PSYoungGen      total 11264K, used 9792K [0x00000000d5580000, 0x00000000d6380000, 0x0000000100000000)
  eden space 9216K, 100% used [0x00000000d5580000,0x00000000d5e80000,0x00000000d5e80000)
  from space 2048K, 28% used [0x00000000d6000000,0x00000000d6090020,0x00000000d6200000)
  to   space 1024K, 0% used [0x00000000d6280000,0x00000000d6280000,0x00000000d6380000)
 ParOldGen       total 169472K, used 169452K [0x0000000080000000, 0x000000008a580000, 0x00000000d5580000)
  object space 169472K, 99% used [0x0000000080000000,0x000000008a57b230,0x000000008a580000)
 Metaspace       used 68534K, committed 69952K, reserved 1114112K
  class space    used 7425K, committed 8064K, reserved 1048576K
}
Event: 115.272 GC heap after
{Heap after GC invocations=261 (full 3):
 PSYoungGen      total 9728K, used 511K [0x00000000d5580000, 0x00000000d6300000, 0x0000000100000000)
  eden space 9216K, 0% used [0x00000000d5580000,0x00000000d5580000,0x00000000d5e80000)
  from space 512K, 99% used [0x00000000d6280000,0x00000000d62ffef8,0x00000000d6300000)
  to   space 1024K, 0% used [0x00000000d6100000,0x00000000d6100000,0x00000000d6200000)
 ParOldGen       total 169984K, used 169756K [0x0000000080000000, 0x000000008a600000, 0x00000000d5580000)
  object space 169984K, 99% used [0x0000000080000000,0x000000008a5c7250,0x000000008a600000)
 Metaspace       used 68534K, committed 69952K, reserved 1114112K
  class space    used 7425K, committed 8064K, reserved 1048576K
}
Event: 115.386 GC heap before
{Heap before GC invocations=262 (full 3):
 PSYoungGen      total 9728K, used 9706K [0x00000000d5580000, 0x00000000d6300000, 0x0000000100000000)
  eden space 9216K, 99% used [0x00000000d5580000,0x00000000d5e7aae8,0x00000000d5e80000)
  from space 512K, 99% used [0x00000000d6280000,0x00000000d62ffef8,0x00000000d6300000)
  to   space 1024K, 0% used [0x00000000d6100000,0x00000000d6100000,0x00000000d6200000)
 ParOldGen       total 169984K, used 169756K [0x0000000080000000, 0x000000008a600000, 0x00000000d5580000)
  object space 169984K, 99% used [0x0000000080000000,0x000000008a5c7250,0x000000008a600000)
 Metaspace       used 69307K, committed 70784K, reserved 1114112K
  class space    used 7493K, committed 8128K, reserved 1048576K
}
Event: 115.388 GC heap after
{Heap after GC invocations=262 (full 3):
 PSYoungGen      total 10240K, used 384K [0x00000000d5580000, 0x00000000d6300000, 0x0000000100000000)
  eden space 9216K, 0% used [0x00000000d5580000,0x00000000d5580000,0x00000000d5e80000)
  from space 1024K, 37% used [0x00000000d6100000,0x00000000d6160000,0x00000000d6200000)
  to   space 512K, 0% used [0x00000000d6280000,0x00000000d6280000,0x00000000d6300000)
 ParOldGen       total 169984K, used 169860K [0x0000000080000000, 0x000000008a600000, 0x00000000d5580000)
  object space 169984K, 99% used [0x0000000080000000,0x000000008a5e1250,0x000000008a600000)
 Metaspace       used 69307K, committed 70784K, reserved 1114112K
  class space    used 7493K, committed 8128K, reserved 1048576K
}
Event: 115.462 GC heap before
{Heap before GC invocations=263 (full 3):
 PSYoungGen      total 10240K, used 9600K [0x00000000d5580000, 0x00000000d6300000, 0x0000000100000000)
  eden space 9216K, 100% used [0x00000000d5580000,0x00000000d5e80000,0x00000000d5e80000)
  from space 1024K, 37% used [0x00000000d6100000,0x00000000d6160000,0x00000000d6200000)
  to   space 512K, 0% used [0x00000000d6280000,0x00000000d6280000,0x00000000d6300000)
 ParOldGen       total 169984K, used 169860K [0x0000000080000000, 0x000000008a600000, 0x00000000d5580000)
  object space 169984K, 99% used [0x0000000080000000,0x000000008a5e1250,0x000000008a600000)
 Metaspace       used 70376K, committed 71808K, reserved 1114112K
  class space    used 7587K, committed 8192K, reserved 1048576K
}
Event: 115.463 GC heap after
{Heap after GC invocations=263 (full 3):
 PSYoungGen      total 9728K, used 506K [0x00000000d5580000, 0x00000000d6300000, 0x0000000100000000)
  eden space 9216K, 0% used [0x00000000d5580000,0x00000000d5580000,0x00000000d5e80000)
  from space 512K, 98% used [0x00000000d6280000,0x00000000d62fe900,0x00000000d6300000)
  to   space 1024K, 0% used [0x00000000d6100000,0x00000000d6100000,0x00000000d6200000)
 ParOldGen       total 170496K, used 169988K [0x0000000080000000, 0x000000008a680000, 0x00000000d5580000)
  object space 170496K, 99% used [0x0000000080000000,0x000000008a601250,0x000000008a680000)
 Metaspace       used 70376K, committed 71808K, reserved 1114112K
  class space    used 7587K, committed 8192K, reserved 1048576K
}
Event: 115.503 GC heap before
{Heap before GC invocations=264 (full 3):
 PSYoungGen      total 9728K, used 9722K [0x00000000d5580000, 0x00000000d6300000, 0x0000000100000000)
  eden space 9216K, 100% used [0x00000000d5580000,0x00000000d5e80000,0x00000000d5e80000)
  from space 512K, 98% used [0x00000000d6280000,0x00000000d62fe900,0x00000000d6300000)
  to   space 1024K, 0% used [0x00000000d6100000,0x00000000d6100000,0x00000000d6200000)
 ParOldGen       total 170496K, used 169988K [0x0000000080000000, 0x000000008a680000, 0x00000000d5580000)
  object space 170496K, 99% used [0x0000000080000000,0x000000008a601250,0x000000008a680000)
 Metaspace       used 70582K, committed 72064K, reserved 1114112K
  class space    used 7601K, committed 8256K, reserved 1048576K
}
Event: 115.505 GC heap after
{Heap after GC invocations=264 (full 3):
 PSYoungGen      total 10240K, used 992K [0x00000000d5580000, 0x00000000d6300000, 0x0000000100000000)
  eden space 9216K, 0% used [0x00000000d5580000,0x00000000d5580000,0x00000000d5e80000)
  from space 1024K, 96% used [0x00000000d6100000,0x00000000d61f81a8,0x00000000d6200000)
  to   space 1024K, 0% used [0x00000000d6200000,0x00000000d6200000,0x00000000d6300000)
 ParOldGen       total 171008K, used 170721K [0x0000000080000000, 0x000000008a700000, 0x00000000d5580000)
  object space 171008K, 99% used [0x0000000080000000,0x000000008a6b84a0,0x000000008a700000)
 Metaspace       used 70582K, committed 72064K, reserved 1114112K
  class space    used 7601K, committed 8256K, reserved 1048576K
}
Event: 115.856 GC heap before
{Heap before GC invocations=265 (full 3):
 PSYoungGen      total 10240K, used 10208K [0x00000000d5580000, 0x00000000d6300000, 0x0000000100000000)
  eden space 9216K, 100% used [0x00000000d5580000,0x00000000d5e80000,0x00000000d5e80000)
  from space 1024K, 96% used [0x00000000d6100000,0x00000000d61f81a8,0x00000000d6200000)
  to   space 1024K, 0% used [0x00000000d6200000,0x00000000d6200000,0x00000000d6300000)
 ParOldGen       total 171008K, used 170721K [0x0000000080000000, 0x000000008a700000, 0x00000000d5580000)
  object space 171008K, 99% used [0x0000000080000000,0x000000008a6b84a0,0x000000008a700000)
 Metaspace       used 70873K, committed 72320K, reserved 1114112K
  class space    used 7623K, committed 8256K, reserved 1048576K
}
Event: 115.858 GC heap after
{Heap after GC invocations=265 (full 3):
 PSYoungGen      total 10240K, used 756K [0x00000000d5580000, 0x00000000d6300000, 0x0000000100000000)
  eden space 9216K, 0% used [0x00000000d5580000,0x00000000d5580000,0x00000000d5e80000)
  from space 1024K, 73% used [0x00000000d6200000,0x00000000d62bd200,0x00000000d6300000)
  to   space 1536K, 0% used [0x00000000d6000000,0x00000000d6000000,0x00000000d6180000)
 ParOldGen       total 172032K, used 171713K [0x0000000080000000, 0x000000008a800000, 0x00000000d5580000)
  object space 172032K, 99% used [0x0000000080000000,0x000000008a7b0658,0x000000008a800000)
 Metaspace       used 70873K, committed 72320K, reserved 1114112K
  class space    used 7623K, committed 8256K, reserved 1048576K
}
Event: 120.882 GC heap before
{Heap before GC invocations=266 (full 3):
 PSYoungGen      total 10240K, used 9972K [0x00000000d5580000, 0x00000000d6300000, 0x0000000100000000)
  eden space 9216K, 100% used [0x00000000d5580000,0x00000000d5e80000,0x00000000d5e80000)
  from space 1024K, 73% used [0x00000000d6200000,0x00000000d62bd200,0x00000000d6300000)
  to   space 1536K, 0% used [0x00000000d6000000,0x00000000d6000000,0x00000000d6180000)
 ParOldGen       total 172032K, used 171713K [0x0000000080000000, 0x000000008a800000, 0x00000000d5580000)
  object space 172032K, 99% used [0x0000000080000000,0x000000008a7b0658,0x000000008a800000)
 Metaspace       used 70951K, committed 72448K, reserved 1114112K
  class space    used 7624K, committed 8256K, reserved 1048576K
}
Event: 120.883 GC heap after
{Heap after GC invocations=266 (full 3):
 PSYoungGen      total 10752K, used 666K [0x00000000d5580000, 0x00000000d6280000, 0x0000000100000000)
  eden space 9216K, 0% used [0x00000000d5580000,0x00000000d5580000,0x00000000d5e80000)
  from space 1536K, 43% used [0x00000000d6000000,0x00000000d60a6900,0x00000000d6180000)
  to   space 1024K, 0% used [0x00000000d6180000,0x00000000d6180000,0x00000000d6280000)
 ParOldGen       total 172544K, used 172270K [0x0000000080000000, 0x000000008a880000, 0x00000000d5580000)
  object space 172544K, 99% used [0x0000000080000000,0x000000008a83b888,0x000000008a880000)
 Metaspace       used 70951K, committed 72448K, reserved 1114112K
  class space    used 7624K, committed 8256K, reserved 1048576K
}
Event: 121.064 GC heap before
{Heap before GC invocations=267 (full 3):
 PSYoungGen      total 10752K, used 9882K [0x00000000d5580000, 0x00000000d6280000, 0x0000000100000000)
  eden space 9216K, 100% used [0x00000000d5580000,0x00000000d5e80000,0x00000000d5e80000)
  from space 1536K, 43% used [0x00000000d6000000,0x00000000d60a6900,0x00000000d6180000)
  to   space 1024K, 0% used [0x00000000d6180000,0x00000000d6180000,0x00000000d6280000)
 ParOldGen       total 172544K, used 172270K [0x0000000080000000, 0x000000008a880000, 0x00000000d5580000)
  object space 172544K, 99% used [0x0000000080000000,0x000000008a83b888,0x000000008a880000)
 Metaspace       used 70999K, committed 72512K, reserved 1114112K
  class space    used 7624K, committed 8256K, reserved 1048576K
}
Event: 121.066 GC heap after
{Heap after GC invocations=267 (full 3):
 PSYoungGen      total 10240K, used 698K [0x00000000d5580000, 0x00000000d6280000, 0x0000000100000000)
  eden space 9216K, 0% used [0x00000000d5580000,0x00000000d5580000,0x00000000d5e80000)
  from space 1024K, 68% used [0x00000000d6180000,0x00000000d622e900,0x00000000d6280000)
  to   space 1024K, 0% used [0x00000000d6080000,0x00000000d6080000,0x00000000d6180000)
 ParOldGen       total 172544K, used 172494K [0x0000000080000000, 0x000000008a880000, 0x00000000d5580000)
  object space 172544K, 99% used [0x0000000080000000,0x000000008a8738a8,0x000000008a880000)
 Metaspace       used 70999K, committed 72512K, reserved 1114112K
  class space    used 7624K, committed 8256K, reserved 1048576K
}
Event: 122.345 GC heap before
{Heap before GC invocations=268 (full 3):
 PSYoungGen      total 10240K, used 9914K [0x00000000d5580000, 0x00000000d6280000, 0x0000000100000000)
  eden space 9216K, 100% used [0x00000000d5580000,0x00000000d5e80000,0x00000000d5e80000)
  from space 1024K, 68% used [0x00000000d6180000,0x00000000d622e900,0x00000000d6280000)
  to   space 1024K, 0% used [0x00000000d6080000,0x00000000d6080000,0x00000000d6180000)
 ParOldGen       total 172544K, used 172494K [0x0000000080000000, 0x000000008a880000, 0x00000000d5580000)
  object space 172544K, 99% used [0x0000000080000000,0x000000008a8738a8,0x000000008a880000)
 Metaspace       used 71168K, committed 72640K, reserved 1114112K
  class space    used 7632K, committed 8256K, reserved 1048576K
}
Event: 122.346 GC heap after
{Heap after GC invocations=268 (full 3):
 PSYoungGen      total 10240K, used 698K [0x00000000d5580000, 0x00000000d6200000, 0x0000000100000000)
  eden space 9216K, 0% used [0x00000000d5580000,0x00000000d5580000,0x00000000d5e80000)
  from space 1024K, 68% used [0x00000000d6080000,0x00000000d612e900,0x00000000d6180000)
  to   space 512K, 0% used [0x00000000d6180000,0x00000000d6180000,0x00000000d6200000)
 ParOldGen       total 173056K, used 172550K [0x0000000080000000, 0x000000008a900000, 0x00000000d5580000)
  object space 173056K, 99% used [0x0000000080000000,0x000000008a8818a8,0x000000008a900000)
 Metaspace       used 71168K, committed 72640K, reserved 1114112K
  class space    used 7632K, committed 8256K, reserved 1048576K
}

Dll operation events (12 events):
Event: 0.014 Loaded shared library c:\Users\aoife\.vscode\extensions\redhat.java-1.47.0-win32-x64\jre\21.0.8-win32-x86_64\bin\java.dll
Event: 0.102 Loaded shared library c:\Users\aoife\.vscode\extensions\redhat.java-1.47.0-win32-x64\jre\21.0.8-win32-x86_64\bin\zip.dll
Event: 0.130 Loaded shared library C:\Users\aoife\.vscode\extensions\redhat.java-1.47.0-win32-x64\jre\21.0.8-win32-x86_64\bin\instrument.dll
Event: 0.136 Loaded shared library C:\Users\aoife\.vscode\extensions\redhat.java-1.47.0-win32-x64\jre\21.0.8-win32-x86_64\bin\net.dll
Event: 0.139 Loaded shared library C:\Users\aoife\.vscode\extensions\redhat.java-1.47.0-win32-x64\jre\21.0.8-win32-x86_64\bin\nio.dll
Event: 0.144 Loaded shared library C:\Users\aoife\.vscode\extensions\redhat.java-1.47.0-win32-x64\jre\21.0.8-win32-x86_64\bin\zip.dll
Event: 0.168 Loaded shared library C:\Users\aoife\.vscode\extensions\redhat.java-1.47.0-win32-x64\jre\21.0.8-win32-x86_64\bin\jimage.dll
Event: 0.266 Loaded shared library c:\Users\aoife\.vscode\extensions\redhat.java-1.47.0-win32-x64\jre\21.0.8-win32-x86_64\bin\verify.dll
Event: 7.815 Loaded shared library C:\Users\aoife\AppData\Roaming\Code\User\globalStorage\redhat.java\1.47.0\config_win\org.eclipse.equinox.launcher\org.eclipse.equinox.launcher.win32.win32.x86_64_1.2.1400.v20250801-0854\eclipse_11916.dll
Event: 22.230 Loaded shared library C:\Users\aoife\AppData\Local\Temp\jna-92992506\jna3746706711660868426.dll
Event: 24.206 Loaded shared library C:\Users\aoife\.vscode\extensions\redhat.java-1.47.0-win32-x64\jre\21.0.8-win32-x86_64\bin\sunmscapi.dll
Event: 24.637 Loaded shared library C:\Users\aoife\.vscode\extensions\redhat.java-1.47.0-win32-x64\jre\21.0.8-win32-x86_64\bin\extnet.dll

Deoptimization events (20 events):
Event: 115.829 Thread 0x00000114fe69c970 DEOPT PACKING pc=0x00000114a335f169 sp=0x00000001033fe190
Event: 115.829 Thread 0x00000114fe69c970 DEOPT UNPACKING pc=0x00000114a9574242 sp=0x00000001033fd6b0 mode 0
Event: 120.848 Thread 0x00000114fe7f9eb0 DEOPT PACKING pc=0x00000114a2bfa4bd sp=0x0000000104bfe4f0
Event: 120.848 Thread 0x00000114fe7f9eb0 DEOPT UNPACKING pc=0x00000114a9574242 sp=0x0000000104bfd9d0 mode 0
Event: 120.849 Thread 0x00000114fe7f9eb0 DEOPT PACKING pc=0x00000114a33a600b sp=0x0000000104bfded0
Event: 120.849 Thread 0x00000114fe7f9eb0 DEOPT UNPACKING pc=0x00000114a9574242 sp=0x0000000104bfd3b8 mode 0
Event: 120.868 Thread 0x00000114fe7f9eb0 DEOPT PACKING pc=0x00000114a35a1ba2 sp=0x0000000104bfda70
Event: 120.868 Thread 0x00000114fe7f9eb0 DEOPT UNPACKING pc=0x00000114a9574242 sp=0x0000000104bfce98 mode 0
Event: 120.868 Thread 0x00000114fe7f9eb0 DEOPT PACKING pc=0x00000114a34577f4 sp=0x0000000104bfda00
Event: 120.868 Thread 0x00000114fe7f9eb0 DEOPT UNPACKING pc=0x00000114a9574242 sp=0x0000000104bfce90 mode 0
Event: 120.896 Thread 0x00000114fe7f9eb0 DEOPT PACKING pc=0x00000114a37d910d sp=0x0000000104bfe1d0
Event: 120.896 Thread 0x00000114fe7f9eb0 DEOPT UNPACKING pc=0x00000114a9574242 sp=0x0000000104bfd678 mode 0
Event: 121.057 Thread 0x00000114fe7f9eb0 DEOPT PACKING pc=0x00000114a37d909a sp=0x0000000104bfe100
Event: 121.057 Thread 0x00000114fe7f9eb0 DEOPT UNPACKING pc=0x00000114a9574242 sp=0x0000000104bfd5a8 mode 0
Event: 121.067 Thread 0x00000114fe7f9eb0 DEOPT PACKING pc=0x00000114a37a0381 sp=0x0000000104bfd840
Event: 121.067 Thread 0x00000114fe7f9eb0 DEOPT UNPACKING pc=0x00000114a9574242 sp=0x0000000104bfcd70 mode 0
Event: 121.094 Thread 0x00000114fe7f9eb0 Uncommon trap: trap_request=0xffffff45 fr.pc=0x00000114aa201ca4 relative=0x00000000000028e4
Event: 121.094 Thread 0x00000114fe7f9eb0 Uncommon trap: reason=unstable_if action=reinterpret pc=0x00000114aa201ca4 method=org.eclipse.jdt.internal.compiler.parser.Parser.consumeRule(I)V @ 1 c2
Event: 121.094 Thread 0x00000114fe7f9eb0 DEOPT PACKING pc=0x00000114aa201ca4 sp=0x0000000104bfe2d0
Event: 121.094 Thread 0x00000114fe7f9eb0 DEOPT UNPACKING pc=0x00000114a9573aa2 sp=0x0000000104bfe270 mode 2

Classes loaded (20 events):
Event: 55.695 Loading class java/lang/UnsupportedClassVersionError
Event: 55.695 Loading class java/lang/UnsupportedClassVersionError done
Event: 57.195 Loading class java/util/stream/ReduceOps$4
Event: 57.195 Loading class java/util/stream/ReduceOps$4 done
Event: 57.196 Loading class java/util/stream/ReduceOps$4ReducingSink
Event: 57.196 Loading class java/util/stream/ReduceOps$4ReducingSink done
Event: 57.472 Loading class java/util/concurrent/ArrayBlockingQueue
Event: 57.472 Loading class java/util/concurrent/ArrayBlockingQueue done
Event: 113.607 Loading class java/util/stream/ReduceOps$5
Event: 113.608 Loading class java/util/stream/ReduceOps$5 done
Event: 113.608 Loading class java/util/stream/ReduceOps$CountingSink$OfRef
Event: 113.608 Loading class java/util/stream/ReduceOps$CountingSink
Event: 113.608 Loading class java/util/stream/ReduceOps$CountingSink done
Event: 113.608 Loading class java/util/stream/ReduceOps$CountingSink$OfRef done
Event: 113.917 Loading class java/util/stream/DistinctOps
Event: 113.917 Loading class java/util/stream/DistinctOps done
Event: 113.917 Loading class java/util/stream/DistinctOps$1
Event: 113.918 Loading class java/util/stream/DistinctOps$1 done
Event: 113.920 Loading class java/util/stream/DistinctOps$1$2
Event: 113.920 Loading class java/util/stream/DistinctOps$1$2 done

Classes unloaded (7 events):
Event: 22.933 Thread 0x000001149ee74120 Unloading class 0x00000114b71a9400 'java/lang/invoke/LambdaForm$MH+0x00000114b71a9400'
Event: 22.933 Thread 0x000001149ee74120 Unloading class 0x00000114b71a9000 'java/lang/invoke/LambdaForm$MH+0x00000114b71a9000'
Event: 22.933 Thread 0x000001149ee74120 Unloading class 0x00000114b71a8c00 'java/lang/invoke/LambdaForm$MH+0x00000114b71a8c00'
Event: 22.933 Thread 0x000001149ee74120 Unloading class 0x00000114b71a8800 'java/lang/invoke/LambdaForm$MH+0x00000114b71a8800'
Event: 22.933 Thread 0x000001149ee74120 Unloading class 0x00000114b71a8400 'java/lang/invoke/LambdaForm$BMH+0x00000114b71a8400'
Event: 22.933 Thread 0x000001149ee74120 Unloading class 0x00000114b71a8000 'java/lang/invoke/LambdaForm$DMH+0x00000114b71a8000'
Event: 22.933 Thread 0x000001149ee74120 Unloading class 0x00000114b71a6c00 'java/lang/invoke/LambdaForm$DMH+0x00000114b71a6c00'

Classes redefined (0 events):
No events

Internal exceptions (20 events):
Event: 57.542 Thread 0x00000114fe69bc50 Exception <a 'java/lang/NoSuchMethodError'{0x00000000d579b238}: 'void java.lang.invoke.DirectMethodHandle$Holder.invokeVirtual(java.lang.Object, java.lang.Object, java.lang.Object, java.lang.Object, java.lang.Object)'> (0x00000000d579b238) 
thrown [s\src\hotspot\share\interpreter\linkResolver.cpp, line 773]
Event: 57.542 Thread 0x00000114fe7f9eb0 Exception <a 'java/lang/NoSuchMethodError'{0x00000000d584e608}: 'void java.lang.invoke.DirectMethodHandle$Holder.invokeVirtual(java.lang.Object, java.lang.Object, java.lang.Object, java.lang.Object, java.lang.Object)'> (0x00000000d584e608) 
thrown [s\src\hotspot\share\interpreter\linkResolver.cpp, line 773]
Event: 57.561 Thread 0x0000011481d6fe20 Exception <a 'java/lang/NoSuchMethodError'{0x00000000d59b42f0}: 'void java.lang.invoke.DirectMethodHandle$Holder.invokeStatic(java.lang.Object, int, java.lang.Object)'> (0x00000000d59b42f0) 
thrown [s\src\hotspot\share\interpreter\linkResolver.cpp, line 773]
Event: 57.835 Thread 0x00000114fe69c2e0 Exception <a 'sun/nio/fs/WindowsException'{0x00000000d5bfdc20}> (0x00000000d5bfdc20) 
thrown [s\src\hotspot\share\prims\jni.cpp, line 520]
Event: 57.835 Thread 0x00000114fe69c2e0 Exception <a 'sun/nio/fs/WindowsException'{0x00000000d5c093f0}> (0x00000000d5c093f0) 
thrown [s\src\hotspot\share\prims\jni.cpp, line 520]
Event: 57.836 Thread 0x00000114fe69c2e0 Exception <a 'sun/nio/fs/WindowsException'{0x00000000d5c1e2e0}> (0x00000000d5c1e2e0) 
thrown [s\src\hotspot\share\prims\jni.cpp, line 520]
Event: 57.836 Thread 0x00000114fe69c2e0 Exception <a 'sun/nio/fs/WindowsException'{0x00000000d5c1f9f8}> (0x00000000d5c1f9f8) 
thrown [s\src\hotspot\share\prims\jni.cpp, line 520]
Event: 57.858 Thread 0x00000114fe7f9eb0 Implicit null exception at 0x00000114a9f56304 to 0x00000114a9f57090
Event: 57.862 Thread 0x00000114fe69c2e0 Exception <a 'sun/nio/fs/WindowsException'{0x00000000d57b5038}> (0x00000000d57b5038) 
thrown [s\src\hotspot\share\prims\jni.cpp, line 520]
Event: 57.862 Thread 0x00000114fe69c2e0 Exception <a 'sun/nio/fs/WindowsException'{0x00000000d57b5ac8}> (0x00000000d57b5ac8) 
thrown [s\src\hotspot\share\prims\jni.cpp, line 520]
Event: 57.862 Thread 0x00000114fe69c2e0 Exception <a 'sun/nio/fs/WindowsException'{0x00000000d57b6eb8}> (0x00000000d57b6eb8) 
thrown [s\src\hotspot\share\prims\jni.cpp, line 520]
Event: 57.862 Thread 0x00000114fe69c2e0 Exception <a 'sun/nio/fs/WindowsException'{0x00000000d57b7708}> (0x00000000d57b7708) 
thrown [s\src\hotspot\share\prims\jni.cpp, line 520]
Event: 113.459 Thread 0x00000114fe7f3c40 Exception <a 'java/lang/IncompatibleClassChangeError'{0x00000000d5a54788}: Found class java.lang.Object, but interface was expected> (0x00000000d5a54788) 
thrown [s\src\hotspot\share\interpreter\linkResolver.cpp, line 840]
Event: 113.460 Thread 0x00000114fe7f3c40 Exception <a 'java/lang/IncompatibleClassChangeError'{0x00000000d5a58b60}: Found class java.lang.Object, but interface was expected> (0x00000000d5a58b60) 
thrown [s\src\hotspot\share\interpreter\linkResolver.cpp, line 840]
Event: 113.479 Thread 0x00000114fe7f3c40 Exception <a 'java/lang/IncompatibleClassChangeError'{0x00000000d5b9c8c8}: Found class java.lang.Object, but interface was expected> (0x00000000d5b9c8c8) 
thrown [s\src\hotspot\share\interpreter\linkResolver.cpp, line 840]
Event: 113.487 Thread 0x00000114fe7f9eb0 Exception <a 'java/lang/NoSuchMethodError'{0x00000000d5bdc420}: 'void java.lang.invoke.DirectMethodHandle$Holder.invokeSpecial(java.lang.Object, java.lang.Object, int)'> (0x00000000d5bdc420) 
thrown [s\src\hotspot\share\interpreter\linkResolver.cpp, line 773]
Event: 113.591 Thread 0x00000114fe7f3c40 Exception <a 'java/lang/NoSuchMethodError'{0x00000000d56d5c80}: 'java.lang.Object java.lang.invoke.DirectMethodHandle$Holder.invokeStatic(java.lang.Object, java.lang.Object, int, java.lang.Object)'> (0x00000000d56d5c80) 
thrown [s\src\hotspot\share\interpreter\linkResolver.cpp, line 773]
Event: 113.592 Thread 0x00000114fe7f3c40 Exception <a 'java/lang/NoSuchMethodError'{0x00000000d56dccd0}: 'java.lang.Object java.lang.invoke.DirectMethodHandle$Holder.newInvokeSpecial(java.lang.Object, java.lang.Object, int)'> (0x00000000d56dccd0) 
thrown [s\src\hotspot\share\interpreter\linkResolver.cpp, line 773]
Event: 115.197 Thread 0x00000114fe7f3c40 Exception <a 'java/lang/IncompatibleClassChangeError'{0x00000000d55f7378}: Found class java.lang.Object, but interface was expected> (0x00000000d55f7378) 
thrown [s\src\hotspot\share\interpreter\linkResolver.cpp, line 840]
Event: 115.360 Thread 0x00000114fe7f3c40 Exception <a 'java/lang/IncompatibleClassChangeError'{0x00000000d5c926d0}: Found class java.lang.Object, but interface was expected> (0x00000000d5c926d0) 
thrown [s\src\hotspot\share\interpreter\linkResolver.cpp, line 840]

ZGC Phase Switch (0 events):
No events

VM Operations (20 events):
Event: 115.386 Executing VM operation: ParallelGCFailedAllocation (Allocation Failure)
Event: 115.388 Executing VM operation: ParallelGCFailedAllocation (Allocation Failure) done
Event: 115.462 Executing VM operation: ParallelGCFailedAllocation (Allocation Failure)
Event: 115.463 Executing VM operation: ParallelGCFailedAllocation (Allocation Failure) done
Event: 115.503 Executing VM operation: ParallelGCFailedAllocation (Allocation Failure)
Event: 115.505 Executing VM operation: ParallelGCFailedAllocation (Allocation Failure) done
Event: 115.856 Executing VM operation: ParallelGCFailedAllocation (Allocation Failure)
Event: 115.858 Executing VM operation: ParallelGCFailedAllocation (Allocation Failure) done
Event: 116.870 Executing VM operation: Cleanup
Event: 116.870 Executing VM operation: Cleanup done
Event: 120.324 Executing VM operation: HandshakeAllThreads (HandshakeForDeflation)
Event: 120.324 Executing VM operation: HandshakeAllThreads (HandshakeForDeflation) done
Event: 120.324 Executing VM operation: RendezvousGCThreads
Event: 120.324 Executing VM operation: RendezvousGCThreads done
Event: 120.882 Executing VM operation: ParallelGCFailedAllocation (Allocation Failure)
Event: 120.883 Executing VM operation: ParallelGCFailedAllocation (Allocation Failure) done
Event: 121.064 Executing VM operation: ParallelGCFailedAllocation (Allocation Failure)
Event: 121.066 Executing VM operation: ParallelGCFailedAllocation (Allocation Failure) done
Event: 121.345 Executing VM operation: ParallelGCFailedAllocation (Allocation Failure)
Event: 122.346 Executing VM operation: ParallelGCFailedAllocation (Allocation Failure) done

Memory protections (0 events):
No events

Nmethod flushes (20 events):
Event: 54.793 Thread 0x000001149ee74120 flushing  nmethod 0x00000114a29ce610
Event: 54.793 Thread 0x000001149ee74120 flushing  nmethod 0x00000114a29d6010
Event: 54.793 Thread 0x000001149ee74120 flushing  nmethod 0x00000114a2a29790
Event: 54.793 Thread 0x000001149ee74120 flushing  nmethod 0x00000114a2a42510
Event: 54.793 Thread 0x000001149ee74120 flushing  nmethod 0x00000114a2a44d90
Event: 54.793 Thread 0x000001149ee74120 flushing  nmethod 0x00000114a2a48290
Event: 54.793 Thread 0x000001149ee74120 flushing  nmethod 0x00000114a2a48610
Event: 54.793 Thread 0x000001149ee74120 flushing  nmethod 0x00000114a2a48c10
Event: 54.793 Thread 0x000001149ee74120 flushing  nmethod 0x00000114a2a48f90
Event: 54.793 Thread 0x000001149ee74120 flushing  nmethod 0x00000114a2a5bb10
Event: 54.793 Thread 0x000001149ee74120 flushing  nmethod 0x00000114a2a6e510
Event: 54.793 Thread 0x000001149ee74120 flushing  nmethod 0x00000114a2a7ad90
Event: 54.793 Thread 0x000001149ee74120 flushing  nmethod 0x00000114a2a7b390
Event: 54.793 Thread 0x000001149ee74120 flushing  nmethod 0x00000114a2a7ba90
Event: 54.793 Thread 0x000001149ee74120 flushing  nmethod 0x00000114a2a7c310
Event: 54.793 Thread 0x000001149ee74120 flushing  nmethod 0x00000114a2a7e110
Event: 54.793 Thread 0x000001149ee74120 flushing  nmethod 0x00000114a2a8c210
Event: 54.793 Thread 0x000001149ee74120 flushing  nmethod 0x00000114a2a90810
Event: 54.793 Thread 0x000001149ee74120 flushing  nmethod 0x00000114a2ac8d10
Event: 54.793 Thread 0x000001149ee74120 flushing  nmethod 0x00000114a2ad2910

Events (20 events):
Event: 57.639 Thread 0x00000114f7c41930 Thread added: 0x00000114816c70f0
Event: 57.763 Thread 0x00000114fe69c970 Thread added: 0x0000011481d71860
Event: 58.817 Thread 0x00000114816c70f0 Thread exited: 0x00000114816c70f0
Event: 58.817 Thread 0x00000114816c6350 Thread exited: 0x00000114816c6350
Event: 63.832 Thread 0x00000114816c8560 Thread exited: 0x00000114816c8560
Event: 68.843 Thread 0x00000114816c5c80 Thread exited: 0x00000114816c5c80
Event: 68.843 Thread 0x00000114816c77c0 Thread exited: 0x00000114816c77c0
Event: 113.472 Thread 0x00000114f7c41930 Thread added: 0x00000114816c5c80
Event: 113.543 Thread 0x00000114f7c41930 Thread added: 0x00000114816c6350
Event: 113.740 Thread 0x00000114fe69c970 Thread added: 0x00000114fe7f35b0
Event: 113.768 Thread 0x00000114fe69c970 Thread added: 0x00000114fe8a3030
Event: 115.198 Thread 0x00000114816c5c80 Thread exited: 0x00000114816c5c80
Event: 115.238 Thread 0x00000114f7c41930 Thread added: 0x00000114816c70f0
Event: 115.247 Thread 0x00000114816c6350 Thread added: 0x00000114816c5c80
Event: 117.680 Thread 0x000001149ef9d510 Thread added: 0x00000114816c8560
Event: 120.847 Thread 0x00000114816c8560 Thread exited: 0x00000114816c8560
Event: 120.847 Thread 0x00000114816c5c80 Thread exited: 0x00000114816c5c80
Event: 120.848 Thread 0x00000114816c70f0 Thread exited: 0x00000114816c70f0
Event: 120.853 Thread 0x000001149ef9d510 Thread added: 0x00000114816c5c80
Event: 120.861 Thread 0x00000114f7c41930 Thread added: 0x00000114816c70f0


Dynamic libraries:
0x00007ff64b9f0000 - 0x00007ff64b9fe000 	c:\Users\aoife\.vscode\extensions\redhat.java-1.47.0-win32-x64\jre\21.0.8-win32-x86_64\bin\java.exe
0x00007ffabde00000 - 0x00007ffabe068000 	C:\WINDOWS\SYSTEM32\ntdll.dll
0x00007ffabcb70000 - 0x00007ffabcc39000 	C:\WINDOWS\System32\KERNEL32.DLL
0x00007ffabaf50000 - 0x00007ffabb348000 	C:\WINDOWS\System32\KERNELBASE.dll
0x00007ffabb350000 - 0x00007ffabb49b000 	C:\WINDOWS\System32\ucrtbase.dll
0x00007ffa97e50000 - 0x00007ffa97e6e000 	c:\Users\aoife\.vscode\extensions\redhat.java-1.47.0-win32-x64\jre\21.0.8-win32-x86_64\bin\VCRUNTIME140.dll
0x00007ffaa0010000 - 0x00007ffaa0028000 	c:\Users\aoife\.vscode\extensions\redhat.java-1.47.0-win32-x64\jre\21.0.8-win32-x86_64\bin\jli.dll
0x00007ffabdb70000 - 0x00007ffabdd37000 	C:\WINDOWS\System32\USER32.dll
0x00007ffaa0df0000 - 0x00007ffaa1084000 	C:\WINDOWS\WinSxS\amd64_microsoft.windows.common-controls_6595b64144ccf1df_6.0.26100.7019_none_3e06ffa0e335b8a8\COMCTL32.dll
0x00007ffabbab0000 - 0x00007ffabbad7000 	C:\WINDOWS\System32\win32u.dll
0x00007ffabbc00000 - 0x00007ffabbca9000 	C:\WINDOWS\System32\msvcrt.dll
0x00007ffabbba0000 - 0x00007ffabbbcb000 	C:\WINDOWS\System32\GDI32.dll
0x00007ffabb690000 - 0x00007ffabb7bc000 	C:\WINDOWS\System32\gdi32full.dll
0x00007ffabb4a0000 - 0x00007ffabb543000 	C:\WINDOWS\System32\msvcp_win.dll
0x00007ffabc070000 - 0x00007ffabc0a1000 	C:\WINDOWS\System32\IMM32.DLL
0x00007ffab5fc0000 - 0x00007ffab5fcc000 	c:\Users\aoife\.vscode\extensions\redhat.java-1.47.0-win32-x64\jre\21.0.8-win32-x86_64\bin\vcruntime140_1.dll
0x00007ffa7c3a0000 - 0x00007ffa7c42d000 	c:\Users\aoife\.vscode\extensions\redhat.java-1.47.0-win32-x64\jre\21.0.8-win32-x86_64\bin\msvcp140.dll
0x00007ffa3f6a0000 - 0x00007ffa40437000 	c:\Users\aoife\.vscode\extensions\redhat.java-1.47.0-win32-x64\jre\21.0.8-win32-x86_64\bin\server\jvm.dll
0x00007ffabbcb0000 - 0x00007ffabbd64000 	C:\WINDOWS\System32\ADVAPI32.dll
0x00007ffabbfc0000 - 0x00007ffabc066000 	C:\WINDOWS\System32\sechost.dll
0x00007ffabc790000 - 0x00007ffabc8a8000 	C:\WINDOWS\System32\RPCRT4.dll
0x00007ffabc930000 - 0x00007ffabc9a4000 	C:\WINDOWS\System32\WS2_32.dll
0x00007ffab39d0000 - 0x00007ffab3a05000 	C:\WINDOWS\SYSTEM32\WINMM.dll
0x00007ffab3a10000 - 0x00007ffab3a1b000 	C:\WINDOWS\SYSTEM32\VERSION.dll
0x00007ffabadb0000 - 0x00007ffabae0e000 	C:\WINDOWS\SYSTEM32\POWRPROF.dll
0x00007ffabad90000 - 0x00007ffabada4000 	C:\WINDOWS\SYSTEM32\UMPDC.dll
0x00007ffab9d10000 - 0x00007ffab9d2b000 	C:\WINDOWS\SYSTEM32\kernel.appcore.dll
0x00007ffab5090000 - 0x00007ffab509a000 	c:\Users\aoife\.vscode\extensions\redhat.java-1.47.0-win32-x64\jre\21.0.8-win32-x86_64\bin\jimage.dll
0x00007ffab88b0000 - 0x00007ffab8af2000 	C:\WINDOWS\SYSTEM32\DBGHELP.DLL
0x00007ffabd7e0000 - 0x00007ffabdb6b000 	C:\WINDOWS\System32\combase.dll
0x00007ffabbd70000 - 0x00007ffabbe47000 	C:\WINDOWS\System32\OLEAUT32.dll
0x00007ffaa0db0000 - 0x00007ffaa0dec000 	C:\WINDOWS\SYSTEM32\dbgcore.DLL
0x00007ffabb5e0000 - 0x00007ffabb685000 	C:\WINDOWS\System32\bcryptPrimitives.dll
0x00007ffaa0300000 - 0x00007ffaa030f000 	c:\Users\aoife\.vscode\extensions\redhat.java-1.47.0-win32-x64\jre\21.0.8-win32-x86_64\bin\instrument.dll
0x00007ffa96f20000 - 0x00007ffa96f3f000 	c:\Users\aoife\.vscode\extensions\redhat.java-1.47.0-win32-x64\jre\21.0.8-win32-x86_64\bin\java.dll
0x00007ffabcdb0000 - 0x00007ffabd4ff000 	C:\WINDOWS\System32\SHELL32.dll
0x00007ffabb940000 - 0x00007ffabbaab000 	C:\WINDOWS\System32\wintypes.dll
0x00007ffab8b70000 - 0x00007ffab93cd000 	C:\WINDOWS\SYSTEM32\windows.storage.dll
0x00007ffabc600000 - 0x00007ffabc6f2000 	C:\WINDOWS\System32\SHCORE.dll
0x00007ffabdd50000 - 0x00007ffabddb7000 	C:\WINDOWS\System32\shlwapi.dll
0x00007ffabae70000 - 0x00007ffabae99000 	C:\WINDOWS\SYSTEM32\profapi.dll
0x00007ffa929c0000 - 0x00007ffa929d8000 	c:\Users\aoife\.vscode\extensions\redhat.java-1.47.0-win32-x64\jre\21.0.8-win32-x86_64\bin\zip.dll
0x00007ffab0530000 - 0x00007ffab0540000 	C:\Users\aoife\.vscode\extensions\redhat.java-1.47.0-win32-x64\jre\21.0.8-win32-x86_64\bin\net.dll
0x00007ffab4bb0000 - 0x00007ffab4cd8000 	C:\WINDOWS\SYSTEM32\WINHTTP.dll
0x00007ffaba280000 - 0x00007ffaba2eb000 	C:\WINDOWS\system32\mswsock.dll
0x00007ffa8b110000 - 0x00007ffa8b126000 	C:\Users\aoife\.vscode\extensions\redhat.java-1.47.0-win32-x64\jre\21.0.8-win32-x86_64\bin\nio.dll
0x00007ffa97bd0000 - 0x00007ffa97be0000 	c:\Users\aoife\.vscode\extensions\redhat.java-1.47.0-win32-x64\jre\21.0.8-win32-x86_64\bin\verify.dll
0x00007ffa75c80000 - 0x00007ffa75cc4000 	C:\Users\aoife\AppData\Roaming\Code\User\globalStorage\redhat.java\1.47.0\config_win\org.eclipse.equinox.launcher\org.eclipse.equinox.launcher.win32.win32.x86_64_1.2.1400.v20250801-0854\eclipse_11916.dll
0x00007ffabc9b0000 - 0x00007ffabcb47000 	C:\WINDOWS\System32\ole32.dll
0x00007ffaba550000 - 0x00007ffaba56b000 	C:\WINDOWS\SYSTEM32\CRYPTSP.dll
0x00007ffab9c70000 - 0x00007ffab9caa000 	C:\WINDOWS\system32\rsaenh.dll
0x00007ffaba330000 - 0x00007ffaba35b000 	C:\WINDOWS\SYSTEM32\USERENV.dll
0x00007ffabae40000 - 0x00007ffabae6a000 	C:\WINDOWS\SYSTEM32\bcrypt.dll
0x00007ffaba540000 - 0x00007ffaba54c000 	C:\WINDOWS\SYSTEM32\CRYPTBASE.dll
0x00007ffab9700000 - 0x00007ffab9734000 	C:\WINDOWS\SYSTEM32\IPHLPAPI.DLL
0x00007ffabd750000 - 0x00007ffabd75a000 	C:\WINDOWS\System32\NSI.dll
0x00007ffa76090000 - 0x00007ffa760d9000 	C:\Users\aoife\AppData\Local\Temp\jna-92992506\jna3746706711660868426.dll
0x00007ffabcb50000 - 0x00007ffabcb58000 	C:\WINDOWS\System32\PSAPI.DLL
0x00007ffab52e0000 - 0x00007ffab52fe000 	C:\WINDOWS\SYSTEM32\dhcpcsvc6.DLL
0x00007ffab5210000 - 0x00007ffab5233000 	C:\WINDOWS\SYSTEM32\dhcpcsvc.DLL
0x00007ffa96c50000 - 0x00007ffa96c5e000 	C:\Users\aoife\.vscode\extensions\redhat.java-1.47.0-win32-x64\jre\21.0.8-win32-x86_64\bin\sunmscapi.dll
0x00007ffabb7c0000 - 0x00007ffabb937000 	C:\WINDOWS\System32\CRYPT32.dll
0x00007ffaba760000 - 0x00007ffaba790000 	C:\WINDOWS\SYSTEM32\ncrypt.dll
0x00007ffaba710000 - 0x00007ffaba74f000 	C:\WINDOWS\SYSTEM32\NTASN1.dll
0x00007ffab97f0000 - 0x00007ffab991c000 	C:\WINDOWS\SYSTEM32\DNSAPI.dll
0x00007ffab4380000 - 0x00007ffab438b000 	C:\Windows\System32\rasadhlp.dll
0x00007ffab5620000 - 0x00007ffab56a6000 	C:\WINDOWS\System32\fwpuclnt.dll
0x00007ffa92b90000 - 0x00007ffa92b99000 	C:\Users\aoife\.vscode\extensions\redhat.java-1.47.0-win32-x64\jre\21.0.8-win32-x86_64\bin\extnet.dll

JVMTI agents:
c:\Users\aoife\.vscode\extensions\redhat.java-1.47.0-win32-x64\lombok\lombok-1.18.39-4050.jar path:c:\Users\aoife\.vscode\extensions\redhat.java-1.47.0-win32-x64\jre\21.0.8-win32-x86_64\bin\instrument.dll, loaded, initialized, instrumentlib options:none

dbghelp: loaded successfully - version: 4.0.5 - missing functions: none
symbol engine: initialized successfully - sym options: 0x614 - pdb path: .;c:\Users\aoife\.vscode\extensions\redhat.java-1.47.0-win32-x64\jre\21.0.8-win32-x86_64\bin;C:\WINDOWS\SYSTEM32;C:\WINDOWS\WinSxS\amd64_microsoft.windows.common-controls_6595b64144ccf1df_6.0.26100.7019_none_3e06ffa0e335b8a8;c:\Users\aoife\.vscode\extensions\redhat.java-1.47.0-win32-x64\jre\21.0.8-win32-x86_64\bin\server;C:\Users\aoife\AppData\Roaming\Code\User\globalStorage\redhat.java\1.47.0\config_win\org.eclipse.equinox.launcher\org.eclipse.equinox.launcher.win32.win32.x86_64_1.2.1400.v20250801-0854;C:\Users\aoife\AppData\Local\Temp\jna-92992506

VM Arguments:
jvm_args: --add-modules=ALL-SYSTEM --add-opens=java.base/java.util=ALL-UNNAMED --add-opens=java.base/java.lang=ALL-UNNAMED --add-opens=java.base/sun.nio.fs=ALL-UNNAMED -Declipse.application=org.eclipse.jdt.ls.core.id1 -Dosgi.bundles.defaultStartLevel=4 -Declipse.product=org.eclipse.jdt.ls.core.product -Djava.import.generatesMetadataFilesAtProjectRoot=false -DDetectVMInstallationsJob.disabled=true -Dfile.encoding=utf8 -XX:+UseParallelGC -XX:GCTimeRatio=4 -XX:AdaptiveSizePolicyWeight=90 -Dsun.zip.disableMemoryMapping=true -Xmx2G -Xms100m -Xlog:disable -javaagent:c:\Users\aoife\.vscode\extensions\redhat.java-1.47.0-win32-x64\lombok\lombok-1.18.39-4050.jar -XX:+HeapDumpOnOutOfMemoryError -XX:HeapDumpPath=c:\Users\aoife\AppData\Roaming\Code\User\workspaceStorage\75d32d1431a1d4da82323331620cd040\redhat.java -Daether.dependencyCollector.impl=bf 
java_command: c:\Users\aoife\.vscode\extensions\redhat.java-1.47.0-win32-x64\server\plugins\org.eclipse.equinox.launcher_1.7.100.v20251014-1222.jar -configuration c:\Users\aoife\AppData\Roaming\Code\User\globalStorage\redhat.java\1.47.0\config_win -data c:\Users\aoife\AppData\Roaming\Code\User\workspaceStorage\75d32d1431a1d4da82323331620cd040\redhat.java\jdt_ws --pipe=\\.\pipe\lsp-37d3be80724c8eb9b894ca015f7d4550-sock
java_class_path (initial): c:\Users\aoife\.vscode\extensions\redhat.java-1.47.0-win32-x64\server\plugins\org.eclipse.equinox.launcher_1.7.100.v20251014-1222.jar
Launcher Type: SUN_STANDARD

[Global flags]
    uintx AdaptiveSizePolicyWeight                 = 90                                        {product} {command line}
     intx CICompilerCount                          = 12                                        {product} {ergonomic}
    uintx GCTimeRatio                              = 4                                         {product} {command line}
     bool HeapDumpOnOutOfMemoryError               = true                                   {manageable} {command line}
    ccstr HeapDumpPath                             = c:\Users\aoife\AppData\Roaming\Code\User\workspaceStorage\75d32d1431a1d4da82323331620cd040\redhat.java         {manageable} {command line}
   size_t InitialHeapSize                          = 104857600                                 {product} {command line}
   size_t MaxHeapSize                              = 2147483648                                {product} {command line}
   size_t MaxNewSize                               = 715653120                                 {product} {ergonomic}
   size_t MinHeapDeltaBytes                        = 524288                                    {product} {ergonomic}
   size_t MinHeapSize                              = 104857600                                 {product} {command line}
   size_t NewSize                                  = 34603008                                  {product} {ergonomic}
    uintx NonNMethodCodeHeapSize                   = 7602480                                {pd product} {ergonomic}
    uintx NonProfiledCodeHeapSize                  = 122027880                              {pd product} {ergonomic}
   size_t OldSize                                  = 70254592                                  {product} {ergonomic}
    uintx ProfiledCodeHeapSize                     = 122027880                              {pd product} {ergonomic}
    uintx ReservedCodeCacheSize                    = 251658240                              {pd product} {ergonomic}
     bool SegmentedCodeCache                       = true                                      {product} {ergonomic}
   size_t SoftMaxHeapSize                          = 2147483648                             {manageable} {ergonomic}
     bool UseCompressedOops                        = true                           {product lp64_product} {ergonomic}
     bool UseLargePagesIndividualAllocation        = false                                  {pd product} {ergonomic}
     bool UseParallelGC                            = true                                      {product} {command line}

Logging:
Log output configuration:
 #0: stdout all=off uptime,level,tags foldmultilines=false
 #1: stderr all=off uptime,level,tags foldmultilines=false

Environment Variables:
PATH=C:\Program Files\Common Files\Oracle\Java\javapath;C:\Program Files (x86)\Common Files\Oracle\Java\javapath;C:\ProgramData\Oracle\Java\javapath;C:\windows\system32;C:\windows;C:\windows\System32\Wbem;C:\windows\System32\WindowsPowerShell\v1.0\;C:\windows\System32\OpenSSH\;C:\Users\aoife\AppData\Roaming\nvm;C:\Program Files\nodejs;C:\xampp\php;C:\composer;C:\Program Files\HP\HP One Agent;C:\Program Files\Git\cmd;C:\Program Files\CMake\bin;C:\Program Files (x86)\Windows Kits\10\Windows Performance Toolkit\;C:\Program Files\PuTTY\;C:\WINDOWS\system32;C:\WINDOWS;C:\WINDOWS\System32\Wbem;C:\WINDOWS\System32\WindowsPowerShell\v1.0\;C:\WINDOWS\System32\OpenSSH\;C:\Program Files\Wolfram Research\WolframScript\;C:\Program Files\Docker\Docker\resources\bin;C:\Users\aoife\anaconda3;C:\Users\aoife\anaconda3\Library\mingw-w64\bin;C:\Users\aoife\anaconda3\Library\usr\bin;C:\Users\aoife\anaconda3\Library\bin;C:\Users\aoife\anaconda3\Scripts;C:\Ruby32-x64\bin;C:\Users\aoife\AppData\Local\Microsoft\WindowsApps;C:\Users\aoife\AppData\Local\Programs\Microsoft VS Code\bin;C:\Users\aoife\AppData\Local\GitHubDesktop\bin;C:\Users\aoife\AppData\Roaming\npm;C:\Users\aoife\AppData\Roaming\nvm;C:\Program Files\nodejs;C:\msys64\ucrt64\bin;C:\Program Files\JetBrains\CLion 2023.3.3\bin;;C:\Users\aoife\AppData\Roaming\Composer\vendor\bin;C:\Program Files\MySQL\MySQL Server 8.0\bin;C:\flutter\flutter\bin;
USERNAME=aoife
OS=Windows_NT
PROCESSOR_IDENTIFIER=AMD64 Family 23 Model 104 Stepping 1, AuthenticAMD
TMP=C:\Users\aoife\AppData\Local\Temp
TEMP=C:\Users\aoife\AppData\Local\Temp




Periodic native trim disabled

---------------  S Y S T E M  ---------------

OS:
 Windows 11 , 64 bit Build 26100 (10.0.26100.7019)
OS uptime: 4 days 16:52 hours
Hyper-V role detected

CPU: total 16 (initial active 16) (16 cores per cpu, 2 threads per core) family 23 model 104 stepping 1 microcode 0x8608107, cx8, cmov, fxsr, ht, mmx, 3dnowpref, sse, sse2, sse3, ssse3, sse4a, sse4.1, sse4.2, popcnt, lzcnt, tsc, tscinvbit, avx, avx2, aes, clmul, bmi1, bmi2, adx, sha, fma, vzeroupper, clflush, clflushopt, hv, rdtscp, rdpid, f16c
Processor Information for the first 16 processors :
  Max Mhz: 1801, Current Mhz: 1801, Mhz Limit: 1801

Memory: 4k page, system-wide physical 15693M (826M free)
TotalPageFile size 62797M (AvailPageFile size 37M)
current process WorkingSet (physical memory assigned to process): 427M, peak: 498M
current process commit charge ("private bytes"): 518M, peak: 587M

vm_info: OpenJDK 64-Bit Server VM (21.0.8+9-LTS) for windows-amd64 JRE (21.0.8+9-LTS), built on 2025-07-15T00:00:00Z by "admin" with MS VC++ 17.7 (VS2022)

END.
