#
# There is insufficient memory for the Java Runtime Environment to continue.
# Native memory allocation (malloc) failed to allocate 1134256 bytes. Error detail: Chunk::new
# Possible reasons:
#   The system is out of physical RAM or swap space
#   This process is running with CompressedOops enabled, and the Java Heap may be blocking the growth of the native heap
# Possible solutions:
#   Reduce memory load on the system
#   Increase physical memory or swap space
#   Check if swap backing store is full
#   Decrease Java heap size (-Xmx/-Xms)
#   Decrease number of Java threads
#   Decrease Java thread stack sizes (-Xss)
#   Set larger code cache with -XX:ReservedCodeCacheSize=
#   JVM is running with Unscaled Compressed Oops mode in which the Java heap is
#     placed in the first 4GB address space. The Java Heap base address is the
#     maximum limit for the native heap growth. Please use -XX:HeapBaseMinAddress
#     to set the Java Heap base and to place the Java Heap above 4GB virtual address.
# This output file may be truncated or incomplete.
#
#  Out of Memory Error (arena.cpp:168), pid=25368, tid=21100
#
# JRE version: OpenJDK Runtime Environment Temurin-21.0.8+9 (21.0.8+9) (build 21.0.8+9-LTS)
# Java VM: OpenJDK 64-Bit Server VM Temurin-21.0.8+9 (21.0.8+9-LTS, mixed mode, sharing, tiered, compressed oops, compressed class ptrs, parallel gc, windows-amd64)
# No core dump will be written. Minidumps are not enabled by default on client versions of Windows
#

---------------  S U M M A R Y ------------

Command Line: --add-modules=ALL-SYSTEM --add-opens=java.base/java.util=ALL-UNNAMED --add-opens=java.base/java.lang=ALL-UNNAMED --add-opens=java.base/sun.nio.fs=ALL-UNNAMED -Declipse.application=org.eclipse.jdt.ls.core.id1 -Dosgi.bundles.defaultStartLevel=4 -Declipse.product=org.eclipse.jdt.ls.core.product -Djava.import.generatesMetadataFilesAtProjectRoot=false -DDetectVMInstallationsJob.disabled=true -Dfile.encoding=utf8 -XX:+UseParallelGC -XX:GCTimeRatio=4 -XX:AdaptiveSizePolicyWeight=90 -Dsun.zip.disableMemoryMapping=true -Xmx2G -Xms100m -Xlog:disable -javaagent:c:\Users\aoife\.vscode\extensions\redhat.java-1.47.0-win32-x64\lombok\lombok-1.18.39-4050.jar -XX:+HeapDumpOnOutOfMemoryError -XX:HeapDumpPath=c:\Users\aoife\AppData\Roaming\Code\User\workspaceStorage\75d32d1431a1d4da82323331620cd040\redhat.java -Daether.dependencyCollector.impl=bf c:\Users\aoife\.vscode\extensions\redhat.java-1.47.0-win32-x64\server\plugins\org.eclipse.equinox.launcher_1.7.100.v20251014-1222.jar -configuration c:\Users\aoife\AppData\Roaming\Code\User\globalStorage\redhat.java\1.47.0\config_win -data c:\Users\aoife\AppData\Roaming\Code\User\workspaceStorage\75d32d1431a1d4da82323331620cd040\redhat.java\jdt_ws --pipe=\\.\pipe\lsp-389f379bdb790840e7f96107a7b86c26-sock

Host: AMD Ryzen 7 5700U with Radeon Graphics         , 16 cores, 15G,  Windows 11 , 64 bit Build 26100 (10.0.26100.7019)
Time: Sun Nov 16 22:16:39 2025 GMT Standard Time elapsed time: 9.829206 seconds (0d 0h 0m 9s)

---------------  T H R E A D  ---------------

Current thread (0x0000020d607f7000):  JavaThread "C2 CompilerThread0" daemon [_thread_in_native, id=21100, stack(0x00000071ead00000,0x00000071eae00000) (1024K)]


Current CompileTask:
C2:9829 6793       4       org.eclipse.osgi.internal.loader.BundleLoader::addExportedProvidersFor (167 bytes)

Stack: [0x00000071ead00000,0x00000071eae00000]
Native frames: (J=compiled Java code, j=interpreted, Vv=VM code, C=native code)
V  [jvm.dll+0x6d2449]
V  [jvm.dll+0x8ae341]
V  [jvm.dll+0x8b08be]
V  [jvm.dll+0x8b0fa3]
V  [jvm.dll+0x280c96]
V  [jvm.dll+0xc581d]
V  [jvm.dll+0xc5d53]
V  [jvm.dll+0x3b9162]
V  [jvm.dll+0x385315]
V  [jvm.dll+0x38477a]
V  [jvm.dll+0x248ed0]
V  [jvm.dll+0x2484af]
V  [jvm.dll+0x1c89ee]
V  [jvm.dll+0x257d4d]
V  [jvm.dll+0x2562ea]
V  [jvm.dll+0x3f2d16]
V  [jvm.dll+0x857e6b]
V  [jvm.dll+0x6d0b0d]
C  [ucrtbase.dll+0x37b0]
C  [KERNEL32.DLL+0x2e8d7]
C  [ntdll.dll+0x8c53c]


---------------  P R O C E S S  ---------------

Threads class SMR info:
_java_thread_list=0x0000020d683bef60, length=48, elements={
0x0000020d077de8e0, 0x0000020d607e4160, 0x0000020d607e4f70, 0x0000020d607eac20,
0x0000020d607ebad0, 0x0000020d607ec9a0, 0x0000020d607f1720, 0x0000020d607f7000,
0x0000020d6082aa20, 0x0000020d0784b650, 0x0000020d60929ef0, 0x0000020d6092a590,
0x0000020d660f23a0, 0x0000020d66a20080, 0x0000020d66af5b90, 0x0000020d664fbb90,
0x0000020d662017f0, 0x0000020d6739e360, 0x0000020d668123e0, 0x0000020d67434f50,
0x0000020d674376b0, 0x0000020d67436990, 0x0000020d67437020, 0x0000020d67434230,
0x0000020d67435c70, 0x0000020d674348c0, 0x0000020d67436300, 0x0000020d688741b0,
0x0000020d68874840, 0x0000020d68872e00, 0x0000020d68876280, 0x0000020d68874ed0,
0x0000020d68873490, 0x0000020d68875560, 0x0000020d68875bf0, 0x0000020d68873b20,
0x0000020d68877cc0, 0x0000020d68876910, 0x0000020d68877630, 0x0000020d68879700,
0x0000020d68879070, 0x0000020d68879d90, 0x0000020d68878350, 0x0000020d688789e0,
0x0000020d6887a420, 0x0000020d68876fa0, 0x0000020d6888dc00, 0x0000020d66743c60
}

Java Threads: ( => current thread )
  0x0000020d077de8e0 JavaThread "main"                              [_thread_blocked, id=24640, stack(0x00000071ea300000,0x00000071ea400000) (1024K)]
  0x0000020d607e4160 JavaThread "Reference Handler"          daemon [_thread_blocked, id=2180, stack(0x00000071ea700000,0x00000071ea800000) (1024K)]
  0x0000020d607e4f70 JavaThread "Finalizer"                  daemon [_thread_blocked, id=14784, stack(0x00000071ea800000,0x00000071ea900000) (1024K)]
  0x0000020d607eac20 JavaThread "Signal Dispatcher"          daemon [_thread_blocked, id=26260, stack(0x00000071ea900000,0x00000071eaa00000) (1024K)]
  0x0000020d607ebad0 JavaThread "Attach Listener"            daemon [_thread_blocked, id=1508, stack(0x00000071eaa00000,0x00000071eab00000) (1024K)]
  0x0000020d607ec9a0 JavaThread "Service Thread"             daemon [_thread_blocked, id=22556, stack(0x00000071eab00000,0x00000071eac00000) (1024K)]
  0x0000020d607f1720 JavaThread "Monitor Deflation Thread"   daemon [_thread_blocked, id=26952, stack(0x00000071eac00000,0x00000071ead00000) (1024K)]
=>0x0000020d607f7000 JavaThread "C2 CompilerThread0"         daemon [_thread_in_native, id=21100, stack(0x00000071ead00000,0x00000071eae00000) (1024K)]
  0x0000020d6082aa20 JavaThread "C1 CompilerThread0"         daemon [_thread_blocked, id=19388, stack(0x00000071eae00000,0x00000071eaf00000) (1024K)]
  0x0000020d0784b650 JavaThread "Common-Cleaner"             daemon [_thread_blocked, id=24896, stack(0x00000071eaf00000,0x00000071eb000000) (1024K)]
  0x0000020d60929ef0 JavaThread "C1 CompilerThread1"         daemon [_thread_blocked, id=23440, stack(0x00000071eb000000,0x00000071eb100000) (1024K)]
  0x0000020d6092a590 JavaThread "C1 CompilerThread2"         daemon [_thread_blocked, id=11872, stack(0x00000071eb100000,0x00000071eb200000) (1024K)]
  0x0000020d660f23a0 JavaThread "Notification Thread"        daemon [_thread_blocked, id=16992, stack(0x00000071eb400000,0x00000071eb500000) (1024K)]
  0x0000020d66a20080 JavaThread "Active Thread: Equinox Container: 1fcfb517-1876-45d1-b94d-93ef709dc18f"        [_thread_blocked, id=27472, stack(0x00000071ebe00000,0x00000071ebf00000) (1024K)]
  0x0000020d66af5b90 JavaThread "Refresh Thread: Equinox Container: 1fcfb517-1876-45d1-b94d-93ef709dc18f" daemon [_thread_blocked, id=20508, stack(0x00000071ec000000,0x00000071ec100000) (1024K)]
  0x0000020d664fbb90 JavaThread "Framework Event Dispatcher: Equinox Container: 1fcfb517-1876-45d1-b94d-93ef709dc18f" daemon [_thread_blocked, id=3400, stack(0x00000071ec100000,0x00000071ec200000) (1024K)]
  0x0000020d662017f0 JavaThread "Start Level: Equinox Container: 1fcfb517-1876-45d1-b94d-93ef709dc18f" daemon [_thread_blocked, id=15984, stack(0x00000071ec200000,0x00000071ec300000) (1024K)]
  0x0000020d6739e360 JavaThread "Bundle File Closer"         daemon [_thread_blocked, id=10988, stack(0x00000071ec600000,0x00000071ec700000) (1024K)]
  0x0000020d668123e0 JavaThread "SCR Component Actor"        daemon [_thread_blocked, id=11452, stack(0x00000071ebd00000,0x00000071ebe00000) (1024K)]
  0x0000020d67434f50 JavaThread "Worker-JM"                         [_thread_blocked, id=19696, stack(0x00000071ec700000,0x00000071ec800000) (1024K)]
  0x0000020d674376b0 JavaThread "JNA Cleaner"                daemon [_thread_blocked, id=3984, stack(0x00000071eb500000,0x00000071eb600000) (1024K)]
  0x0000020d67436990 JavaThread "Worker-0"                          [_thread_blocked, id=28932, stack(0x00000071ec900000,0x00000071eca00000) (1024K)]
  0x0000020d67437020 JavaThread "Worker-1"                          [_thread_blocked, id=3260, stack(0x00000071eca00000,0x00000071ecb00000) (1024K)]
  0x0000020d67434230 JavaThread "Java indexing"              daemon [_thread_in_vm, id=16340, stack(0x00000071ecd00000,0x00000071ece00000) (1024K)]
  0x0000020d67435c70 JavaThread "Worker-2"                          [_thread_blocked, id=7644, stack(0x00000071ed000000,0x00000071ed100000) (1024K)]
  0x0000020d674348c0 JavaThread "Worker-3: Initialize Workspace"        [_thread_in_vm, id=13352, stack(0x00000071ed100000,0x00000071ed200000) (1024K)]
  0x0000020d67436300 JavaThread "Thread-1"                   daemon [_thread_in_native, id=12436, stack(0x00000071ed200000,0x00000071ed300000) (1024K)]
  0x0000020d688741b0 JavaThread "Thread-2"                   daemon [_thread_in_native, id=8408, stack(0x00000071ed300000,0x00000071ed400000) (1024K)]
  0x0000020d68874840 JavaThread "Thread-3"                   daemon [_thread_in_native, id=28920, stack(0x00000071ed400000,0x00000071ed500000) (1024K)]
  0x0000020d68872e00 JavaThread "Thread-4"                   daemon [_thread_in_native, id=34336, stack(0x00000071ed500000,0x00000071ed600000) (1024K)]
  0x0000020d68876280 JavaThread "Thread-5"                   daemon [_thread_in_native, id=28548, stack(0x00000071ed600000,0x00000071ed700000) (1024K)]
  0x0000020d68874ed0 JavaThread "Thread-6"                   daemon [_thread_in_native, id=13916, stack(0x00000071ed700000,0x00000071ed800000) (1024K)]
  0x0000020d68873490 JavaThread "Thread-7"                   daemon [_thread_in_native, id=35240, stack(0x00000071ed800000,0x00000071ed900000) (1024K)]
  0x0000020d68875560 JavaThread "Thread-8"                   daemon [_thread_in_native, id=12196, stack(0x00000071ed900000,0x00000071eda00000) (1024K)]
  0x0000020d68875bf0 JavaThread "Thread-9"                   daemon [_thread_in_native, id=9632, stack(0x00000071eda00000,0x00000071edb00000) (1024K)]
  0x0000020d68873b20 JavaThread "Thread-10"                  daemon [_thread_in_native, id=28824, stack(0x00000071edb00000,0x00000071edc00000) (1024K)]
  0x0000020d68877cc0 JavaThread "Thread-11"                  daemon [_thread_in_native, id=17424, stack(0x00000071edc00000,0x00000071edd00000) (1024K)]
  0x0000020d68876910 JavaThread "Thread-12"                  daemon [_thread_in_native, id=28992, stack(0x00000071edd00000,0x00000071ede00000) (1024K)]
  0x0000020d68877630 JavaThread "Thread-13"                  daemon [_thread_in_native, id=28348, stack(0x00000071ede00000,0x00000071edf00000) (1024K)]
  0x0000020d68879700 JavaThread "Thread-14"                  daemon [_thread_in_native, id=2280, stack(0x00000071edf00000,0x00000071ee000000) (1024K)]
  0x0000020d68879070 JavaThread "Thread-15"                  daemon [_thread_in_native, id=33568, stack(0x00000071ee000000,0x00000071ee100000) (1024K)]
  0x0000020d68879d90 JavaThread "Thread-16"                  daemon [_thread_in_native, id=16172, stack(0x00000071ee100000,0x00000071ee200000) (1024K)]
  0x0000020d68878350 JavaThread "Thread-17"                  daemon [_thread_in_native, id=22284, stack(0x00000071ee200000,0x00000071ee300000) (1024K)]
  0x0000020d688789e0 JavaThread "pool-2-thread-1"                   [_thread_blocked, id=35148, stack(0x00000071ee300000,0x00000071ee400000) (1024K)]
  0x0000020d6887a420 JavaThread "Worker-4: Java indexing... "        [_thread_blocked, id=13444, stack(0x00000071ee400000,0x00000071ee500000) (1024K)]
  0x0000020d68876fa0 JavaThread "WorkspaceEventsHandler"            [_thread_blocked, id=13824, stack(0x00000071ee500000,0x00000071ee600000) (1024K)]
  0x0000020d6888dc00 JavaThread "pool-1-thread-1"                   [_thread_in_Java, id=4120, stack(0x00000071ee600000,0x00000071ee700000) (1024K)]
  0x0000020d66743c60 JavaThread "C2 CompilerThread1"         daemon [_thread_in_native, id=28716, stack(0x00000071eb200000,0x00000071eb300000) (1024K)]
Total: 48

Other Threads:
  0x0000020d0789e900 VMThread "VM Thread"                           [id=10476, stack(0x00000071ea600000,0x00000071ea700000) (1024K)]
  0x0000020d0766ca00 WatcherThread "VM Periodic Task Thread"        [id=8840, stack(0x00000071ea500000,0x00000071ea600000) (1024K)]
  0x0000020d077fcc30 WorkerThread "GC Thread#0"                     [id=16796, stack(0x00000071ea400000,0x00000071ea500000) (1024K)]
  0x0000020d6683e4d0 WorkerThread "GC Thread#1"                     [id=33732, stack(0x00000071eb600000,0x00000071eb700000) (1024K)]
  0x0000020d664e0740 WorkerThread "GC Thread#2"                     [id=20896, stack(0x00000071eb700000,0x00000071eb800000) (1024K)]
  0x0000020d664e0ae0 WorkerThread "GC Thread#3"                     [id=32136, stack(0x00000071eb800000,0x00000071eb900000) (1024K)]
  0x0000020d664e0e80 WorkerThread "GC Thread#4"                     [id=26504, stack(0x00000071eb900000,0x00000071eba00000) (1024K)]
  0x0000020d66332640 WorkerThread "GC Thread#5"                     [id=33156, stack(0x00000071eba00000,0x00000071ebb00000) (1024K)]
  0x0000020d6672b090 WorkerThread "GC Thread#6"                     [id=4232, stack(0x00000071ebb00000,0x00000071ebc00000) (1024K)]
  0x0000020d6672acf0 WorkerThread "GC Thread#7"                     [id=17624, stack(0x00000071ebf00000,0x00000071ec000000) (1024K)]
  0x0000020d6672b7d0 WorkerThread "GC Thread#8"                     [id=18260, stack(0x00000071ec300000,0x00000071ec400000) (1024K)]
  0x0000020d6672a210 WorkerThread "GC Thread#9"                     [id=28996, stack(0x00000071ec400000,0x00000071ec500000) (1024K)]
  0x0000020d6672a5b0 WorkerThread "GC Thread#10"                    [id=34532, stack(0x00000071ec500000,0x00000071ec600000) (1024K)]
  0x0000020d6672a950 WorkerThread "GC Thread#11"                    [id=27192, stack(0x00000071ebc00000,0x00000071ebd00000) (1024K)]
  0x0000020d6777f7a0 WorkerThread "GC Thread#12"                    [id=24052, stack(0x00000071ec800000,0x00000071ec900000) (1024K)]
Total: 15

Threads with active compile tasks:
C2 CompilerThread0  9843 6793       4       org.eclipse.osgi.internal.loader.BundleLoader::addExportedProvidersFor (167 bytes)
C1 CompilerThread0  9843 6868       3       com.google.gson.reflect.TypeToken::get (9 bytes)
C1 CompilerThread1  9843 6866   !   3       com.google.gson.Gson::getAdapter (267 bytes)
C2 CompilerThread1  9843 6837 %     4       java.util.Properties$LineReader::readLine @ 53 (584 bytes)
Total: 4

VM state: not at safepoint (normal execution)

VM Mutex/Monitor currently owned by a thread: None

Heap address: 0x0000000080000000, size: 2048 MB, Compressed Oops mode: 32-bit

CDS archive(s) mapped at: [0x0000020d1f000000-0x0000020d1fba0000-0x0000020d1fba0000), size 12189696, SharedBaseAddress: 0x0000020d1f000000, ArchiveRelocationMode: 1.
Compressed class space mapped at: 0x0000020d20000000-0x0000020d60000000, reserved size: 1073741824
Narrow klass base: 0x0000020d1f000000, Narrow klass shift: 0, Narrow klass range: 0x100000000

GC Precious Log:
 CardTable entry size: 512
 CPUs: 16 total, 16 available
 Memory: 15693M
 Large Page Support: Disabled
 NUMA Support: Disabled
 Compressed Oops: Enabled (32-bit)
 Alignments: Space 512K, Generation 512K, Heap 2M
 Heap Min Capacity: 100M
 Heap Initial Capacity: 100M
 Heap Max Capacity: 2G
 Pre-touch: Disabled
 Parallel Workers: 13

Heap:
 PSYoungGen      total 23552K, used 19171K [0x00000000d5580000, 0x00000000d7200000, 0x0000000100000000)
  eden space 22016K, 80% used [0x00000000d5580000,0x00000000d66ba720,0x00000000d6b00000)
  from space 1536K, 99% used [0x00000000d6e80000,0x00000000d6ffe5e0,0x00000000d7000000)
  to   space 3584K, 0% used [0x00000000d6b00000,0x00000000d6b00000,0x00000000d6e80000)
 ParOldGen       total 68608K, used 22693K [0x0000000080000000, 0x0000000084300000, 0x00000000d5580000)
  object space 68608K, 33% used [0x0000000080000000,0x0000000081629648,0x0000000084300000)
 Metaspace       used 46860K, committed 48000K, reserved 1114112K
  class space    used 5075K, committed 5568K, reserved 1048576K

Card table byte_map: [0x0000020d07180000,0x0000020d07590000] _byte_map_base: 0x0000020d06d80000

Marking Bits: (ParMarkBitMap*) 0x00007ffa4035a340
 Begin Bits: [0x0000020d19c80000, 0x0000020d1bc80000)
 End Bits:   [0x0000020d1bc80000, 0x0000020d1dc80000)

Polling page: 0x0000020d05570000

Metaspace:

Usage:
  Non-class:     40.81 MB used.
      Class:      4.96 MB used.
       Both:     45.76 MB used.

Virtual space:
  Non-class space:       64.00 MB reserved,      41.44 MB ( 65%) committed,  1 nodes.
      Class space:        1.00 GB reserved,       5.44 MB ( <1%) committed,  1 nodes.
             Both:        1.06 GB reserved,      46.88 MB (  4%) committed. 

Chunk freelists:
   Non-Class:  6.51 MB
       Class:  10.60 MB
        Both:  17.11 MB

MaxMetaspaceSize: unlimited
CompressedClassSpaceSize: 1.00 GB
Initial GC threshold: 21.00 MB
Current GC threshold: 58.38 MB
CDS: on
 - commit_granule_bytes: 65536.
 - commit_granule_words: 8192.
 - virtual_space_node_default_size: 8388608.
 - enlarge_chunks_in_place: 1.
 - use_allocation_guard: 0.


Internal statistics:

num_allocs_failed_limit: 6.
num_arena_births: 798.
num_arena_deaths: 14.
num_vsnodes_births: 2.
num_vsnodes_deaths: 0.
num_space_committed: 750.
num_space_uncommitted: 0.
num_chunks_returned_to_freelist: 20.
num_chunks_taken_from_freelist: 2826.
num_chunk_merges: 11.
num_chunk_splits: 1775.
num_chunks_enlarged: 1076.
num_inconsistent_stats: 0.

CodeHeap 'non-profiled nmethods': size=119168Kb used=3339Kb max_used=3339Kb free=115828Kb
 bounds [0x0000020d12570000, 0x0000020d128c0000, 0x0000020d199d0000]
CodeHeap 'profiled nmethods': size=119104Kb used=13689Kb max_used=13689Kb free=105414Kb
 bounds [0x0000020d0a9d0000, 0x0000020d0b730000, 0x0000020d11e20000]
CodeHeap 'non-nmethods': size=7488Kb used=2495Kb max_used=3123Kb free=4992Kb
 bounds [0x0000020d11e20000, 0x0000020d12140000, 0x0000020d12570000]
CodeCache: size=245760Kb, used=19523Kb, max_used=20151Kb, free=226234Kb
 total_blobs=6980, nmethods=6310, adapters=574, full_count=0
Compilation: enabled, stopped_count=0, restarted_count=0

Compilation events (20 events):
Event: 8.797 Thread 0x0000020d60b11570 nmethod 6841 0x0000020d0b71f190 code [0x0000020d0b71f360, 0x0000020d0b71f608]
Event: 8.798 Thread 0x0000020d60929ef0 nmethod 6842 0x0000020d0b71f790 code [0x0000020d0b71fa60, 0x0000020d0b720830]
Event: 8.798 Thread 0x0000020d60b11570 6843       3       java.lang.Runtime$Version::feature (17 bytes)
Event: 8.798 Thread 0x0000020d60b11570 nmethod 6843 0x0000020d0b720f10 code [0x0000020d0b7210c0, 0x0000020d0b7213b0]
Event: 8.800 Thread 0x0000020d6082aa20 6846       1       java.lang.ClassLoader::findResource (2 bytes)
Event: 8.801 Thread 0x0000020d6082aa20 nmethod 6846 0x0000020d128b0590 code [0x0000020d128b0720, 0x0000020d128b07f0]
Event: 8.801 Thread 0x0000020d6082aa20 6847       3       java.io.File::getCanonicalFile (38 bytes)
Event: 8.801 Thread 0x0000020d6082aa20 nmethod 6847 0x0000020d0b721490 code [0x0000020d0b7216c0, 0x0000020d0b721c60]
Event: 8.801 Thread 0x0000020d6092a590 6848       3       sun.net.www.MessageHeader::grow (92 bytes)
Event: 8.802 Thread 0x0000020d6092a590 nmethod 6848 0x0000020d0b721e90 code [0x0000020d0b722060, 0x0000020d0b722538]
Event: 8.804 Thread 0x0000020d6092a590 6849       3       java.lang.invoke.MethodHandleImpl$IntrinsicMethodHandle::<init> (25 bytes)
Event: 8.804 Thread 0x0000020d6092a590 nmethod 6849 0x0000020d0b722690 code [0x0000020d0b722860, 0x0000020d0b722dc0]
Event: 8.805 Thread 0x0000020d6092a590 6850       1       org.eclipse.core.internal.jobs.InternalJob::getStartTime (5 bytes)
Event: 8.805 Thread 0x0000020d6092a590 nmethod 6850 0x0000020d128b0890 code [0x0000020d128b0a20, 0x0000020d128b0af0]
Event: 8.807 Thread 0x0000020d6092a590 6851       3       sun.net.www.URLConnection::<init> (22 bytes)
Event: 8.807 Thread 0x0000020d6082aa20 6852       3       sun.net.www.MessageHeader::<init> (6 bytes)
Event: 8.807 Thread 0x0000020d60929ef0 6853       3       sun.net.www.MessageHeader::<init> (14 bytes)
Event: 8.807 Thread 0x0000020d6082aa20 nmethod 6852 0x0000020d0b722f90 code [0x0000020d0b723140, 0x0000020d0b723338]
Event: 8.807 Thread 0x0000020d6092a590 nmethod 6851 0x0000020d0b723410 code [0x0000020d0b7235e0, 0x0000020d0b723918]
Event: 8.807 Thread 0x0000020d60929ef0 nmethod 6853 0x0000020d0b723a90 code [0x0000020d0b723c40, 0x0000020d0b723dd8]

GC Heap History (20 events):
Event: 3.861 GC heap before
{Heap before GC invocations=11 (full 1):
 PSYoungGen      total 26112K, used 25670K [0x00000000d5580000, 0x00000000d7400000, 0x0000000100000000)
  eden space 23552K, 100% used [0x00000000d5580000,0x00000000d6c80000,0x00000000d6c80000)
  from space 2560K, 82% used [0x00000000d7000000,0x00000000d7211b70,0x00000000d7280000)
  to   space 1536K, 0% used [0x00000000d7280000,0x00000000d7280000,0x00000000d7400000)
 ParOldGen       total 68608K, used 13443K [0x0000000080000000, 0x0000000084300000, 0x00000000d5580000)
  object space 68608K, 19% used [0x0000000080000000,0x0000000080d20f70,0x0000000084300000)
 Metaspace       used 27964K, committed 28864K, reserved 1114112K
  class space    used 2716K, committed 3072K, reserved 1048576K
}
Event: 3.863 GC heap after
{Heap after GC invocations=11 (full 1):
 PSYoungGen      total 24576K, used 1524K [0x00000000d5580000, 0x00000000d7400000, 0x0000000100000000)
  eden space 23040K, 0% used [0x00000000d5580000,0x00000000d5580000,0x00000000d6c00000)
  from space 1536K, 99% used [0x00000000d7280000,0x00000000d73fd3b0,0x00000000d7400000)
  to   space 3584K, 0% used [0x00000000d6d00000,0x00000000d6d00000,0x00000000d7080000)
 ParOldGen       total 68608K, used 15211K [0x0000000080000000, 0x0000000084300000, 0x00000000d5580000)
  object space 68608K, 22% used [0x0000000080000000,0x0000000080edac58,0x0000000084300000)
 Metaspace       used 27964K, committed 28864K, reserved 1114112K
  class space    used 2716K, committed 3072K, reserved 1048576K
}
Event: 4.204 GC heap before
{Heap before GC invocations=12 (full 1):
 PSYoungGen      total 24576K, used 24491K [0x00000000d5580000, 0x00000000d7400000, 0x0000000100000000)
  eden space 23040K, 99% used [0x00000000d5580000,0x00000000d6bedb20,0x00000000d6c00000)
  from space 1536K, 99% used [0x00000000d7280000,0x00000000d73fd3b0,0x00000000d7400000)
  to   space 3584K, 0% used [0x00000000d6d00000,0x00000000d6d00000,0x00000000d7080000)
 ParOldGen       total 68608K, used 15211K [0x0000000080000000, 0x0000000084300000, 0x00000000d5580000)
  object space 68608K, 22% used [0x0000000080000000,0x0000000080edac58,0x0000000084300000)
 Metaspace       used 31384K, committed 32448K, reserved 1114112K
  class space    used 3100K, committed 3520K, reserved 1048576K
}
Event: 4.206 GC heap after
{Heap after GC invocations=12 (full 1):
 PSYoungGen      total 26112K, used 1742K [0x00000000d5580000, 0x00000000d7300000, 0x0000000100000000)
  eden space 22528K, 0% used [0x00000000d5580000,0x00000000d5580000,0x00000000d6b80000)
  from space 3584K, 48% used [0x00000000d6d00000,0x00000000d6eb3960,0x00000000d7080000)
  to   space 2560K, 0% used [0x00000000d7080000,0x00000000d7080000,0x00000000d7300000)
 ParOldGen       total 68608K, used 16672K [0x0000000080000000, 0x0000000084300000, 0x00000000d5580000)
  object space 68608K, 24% used [0x0000000080000000,0x0000000081048138,0x0000000084300000)
 Metaspace       used 31384K, committed 32448K, reserved 1114112K
  class space    used 3100K, committed 3520K, reserved 1048576K
}
Event: 4.398 GC heap before
{Heap before GC invocations=13 (full 1):
 PSYoungGen      total 26112K, used 24268K [0x00000000d5580000, 0x00000000d7300000, 0x0000000100000000)
  eden space 22528K, 99% used [0x00000000d5580000,0x00000000d6b7f770,0x00000000d6b80000)
  from space 3584K, 48% used [0x00000000d6d00000,0x00000000d6eb3960,0x00000000d7080000)
  to   space 2560K, 0% used [0x00000000d7080000,0x00000000d7080000,0x00000000d7300000)
 ParOldGen       total 68608K, used 16672K [0x0000000080000000, 0x0000000084300000, 0x00000000d5580000)
  object space 68608K, 24% used [0x0000000080000000,0x0000000081048138,0x0000000084300000)
 Metaspace       used 34094K, committed 35200K, reserved 1114112K
  class space    used 3469K, committed 3904K, reserved 1048576K
}
Event: 4.400 GC heap after
{Heap after GC invocations=13 (full 1):
 PSYoungGen      total 24064K, used 1952K [0x00000000d5580000, 0x00000000d7280000, 0x0000000100000000)
  eden space 22016K, 0% used [0x00000000d5580000,0x00000000d5580000,0x00000000d6b00000)
  from space 2048K, 95% used [0x00000000d7080000,0x00000000d7268000,0x00000000d7280000)
  to   space 2048K, 0% used [0x00000000d6e80000,0x00000000d6e80000,0x00000000d7080000)
 ParOldGen       total 68608K, used 18194K [0x0000000080000000, 0x0000000084300000, 0x00000000d5580000)
  object space 68608K, 26% used [0x0000000080000000,0x00000000811c49a8,0x0000000084300000)
 Metaspace       used 34094K, committed 35200K, reserved 1114112K
  class space    used 3469K, committed 3904K, reserved 1048576K
}
Event: 4.445 GC heap before
{Heap before GC invocations=14 (full 1):
 PSYoungGen      total 24064K, used 6998K [0x00000000d5580000, 0x00000000d7280000, 0x0000000100000000)
  eden space 22016K, 22% used [0x00000000d5580000,0x00000000d5a6d838,0x00000000d6b00000)
  from space 2048K, 95% used [0x00000000d7080000,0x00000000d7268000,0x00000000d7280000)
  to   space 2048K, 0% used [0x00000000d6e80000,0x00000000d6e80000,0x00000000d7080000)
 ParOldGen       total 68608K, used 18194K [0x0000000080000000, 0x0000000084300000, 0x00000000d5580000)
  object space 68608K, 26% used [0x0000000080000000,0x00000000811c49a8,0x0000000084300000)
 Metaspace       used 34695K, committed 35840K, reserved 1114112K
  class space    used 3540K, committed 3968K, reserved 1048576K
}
Event: 4.447 GC heap after
{Heap after GC invocations=14 (full 1):
 PSYoungGen      total 22528K, used 512K [0x00000000d5580000, 0x00000000d7100000, 0x0000000100000000)
  eden space 22016K, 0% used [0x00000000d5580000,0x00000000d5580000,0x00000000d6b00000)
  from space 512K, 100% used [0x00000000d6e80000,0x00000000d6f00000,0x00000000d6f00000)
  to   space 1536K, 0% used [0x00000000d6f80000,0x00000000d6f80000,0x00000000d7100000)
 ParOldGen       total 68608K, used 19850K [0x0000000080000000, 0x0000000084300000, 0x00000000d5580000)
  object space 68608K, 28% used [0x0000000080000000,0x00000000813629b8,0x0000000084300000)
 Metaspace       used 34695K, committed 35840K, reserved 1114112K
  class space    used 3540K, committed 3968K, reserved 1048576K
}
Event: 4.447 GC heap before
{Heap before GC invocations=15 (full 2):
 PSYoungGen      total 22528K, used 512K [0x00000000d5580000, 0x00000000d7100000, 0x0000000100000000)
  eden space 22016K, 0% used [0x00000000d5580000,0x00000000d5580000,0x00000000d6b00000)
  from space 512K, 100% used [0x00000000d6e80000,0x00000000d6f00000,0x00000000d6f00000)
  to   space 1536K, 0% used [0x00000000d6f80000,0x00000000d6f80000,0x00000000d7100000)
 ParOldGen       total 68608K, used 19850K [0x0000000080000000, 0x0000000084300000, 0x00000000d5580000)
  object space 68608K, 28% used [0x0000000080000000,0x00000000813629b8,0x0000000084300000)
 Metaspace       used 34695K, committed 35840K, reserved 1114112K
  class space    used 3540K, committed 3968K, reserved 1048576K
}
Event: 4.479 GC heap after
{Heap after GC invocations=15 (full 2):
 PSYoungGen      total 22528K, used 0K [0x00000000d5580000, 0x00000000d7100000, 0x0000000100000000)
  eden space 22016K, 0% used [0x00000000d5580000,0x00000000d5580000,0x00000000d6b00000)
  from space 512K, 0% used [0x00000000d6e80000,0x00000000d6e80000,0x00000000d6f00000)
  to   space 1536K, 0% used [0x00000000d6f80000,0x00000000d6f80000,0x00000000d7100000)
 ParOldGen       total 68608K, used 19278K [0x0000000080000000, 0x0000000084300000, 0x00000000d5580000)
  object space 68608K, 28% used [0x0000000080000000,0x00000000812d3938,0x0000000084300000)
 Metaspace       used 34695K, committed 35840K, reserved 1114112K
  class space    used 3540K, committed 3968K, reserved 1048576K
}
Event: 4.751 GC heap before
{Heap before GC invocations=16 (full 2):
 PSYoungGen      total 22528K, used 22016K [0x00000000d5580000, 0x00000000d7100000, 0x0000000100000000)
  eden space 22016K, 100% used [0x00000000d5580000,0x00000000d6b00000,0x00000000d6b00000)
  from space 512K, 0% used [0x00000000d6e80000,0x00000000d6e80000,0x00000000d6f00000)
  to   space 1536K, 0% used [0x00000000d6f80000,0x00000000d6f80000,0x00000000d7100000)
 ParOldGen       total 68608K, used 19278K [0x0000000080000000, 0x0000000084300000, 0x00000000d5580000)
  object space 68608K, 28% used [0x0000000080000000,0x00000000812d3938,0x0000000084300000)
 Metaspace       used 36723K, committed 37824K, reserved 1114112K
  class space    used 3811K, committed 4224K, reserved 1048576K
}
Event: 4.752 GC heap after
{Heap after GC invocations=16 (full 2):
 PSYoungGen      total 23552K, used 1062K [0x00000000d5580000, 0x00000000d7100000, 0x0000000100000000)
  eden space 22016K, 0% used [0x00000000d5580000,0x00000000d5580000,0x00000000d6b00000)
  from space 1536K, 69% used [0x00000000d6f80000,0x00000000d7089b48,0x00000000d7100000)
  to   space 1536K, 0% used [0x00000000d6e00000,0x00000000d6e00000,0x00000000d6f80000)
 ParOldGen       total 68608K, used 19286K [0x0000000080000000, 0x0000000084300000, 0x00000000d5580000)
  object space 68608K, 28% used [0x0000000080000000,0x00000000812d5938,0x0000000084300000)
 Metaspace       used 36723K, committed 37824K, reserved 1114112K
  class space    used 3811K, committed 4224K, reserved 1048576K
}
Event: 5.019 GC heap before
{Heap before GC invocations=17 (full 2):
 PSYoungGen      total 23552K, used 23078K [0x00000000d5580000, 0x00000000d7100000, 0x0000000100000000)
  eden space 22016K, 100% used [0x00000000d5580000,0x00000000d6b00000,0x00000000d6b00000)
  from space 1536K, 69% used [0x00000000d6f80000,0x00000000d7089b48,0x00000000d7100000)
  to   space 1536K, 0% used [0x00000000d6e00000,0x00000000d6e00000,0x00000000d6f80000)
 ParOldGen       total 68608K, used 19286K [0x0000000080000000, 0x0000000084300000, 0x00000000d5580000)
  object space 68608K, 28% used [0x0000000080000000,0x00000000812d5938,0x0000000084300000)
 Metaspace       used 37986K, committed 39104K, reserved 1114112K
  class space    used 3977K, committed 4416K, reserved 1048576K
}
Event: 5.021 GC heap after
{Heap after GC invocations=17 (full 2):
 PSYoungGen      total 23040K, used 736K [0x00000000d5580000, 0x00000000d7000000, 0x0000000100000000)
  eden space 22016K, 0% used [0x00000000d5580000,0x00000000d5580000,0x00000000d6b00000)
  from space 1024K, 71% used [0x00000000d6e00000,0x00000000d6eb8000,0x00000000d6f00000)
  to   space 1024K, 0% used [0x00000000d6f00000,0x00000000d6f00000,0x00000000d7000000)
 ParOldGen       total 68608K, used 20102K [0x0000000080000000, 0x0000000084300000, 0x00000000d5580000)
  object space 68608K, 29% used [0x0000000080000000,0x00000000813a1948,0x0000000084300000)
 Metaspace       used 37986K, committed 39104K, reserved 1114112K
  class space    used 3977K, committed 4416K, reserved 1048576K
}
Event: 5.353 GC heap before
{Heap before GC invocations=18 (full 2):
 PSYoungGen      total 23040K, used 22752K [0x00000000d5580000, 0x00000000d7000000, 0x0000000100000000)
  eden space 22016K, 100% used [0x00000000d5580000,0x00000000d6b00000,0x00000000d6b00000)
  from space 1024K, 71% used [0x00000000d6e00000,0x00000000d6eb8000,0x00000000d6f00000)
  to   space 1024K, 0% used [0x00000000d6f00000,0x00000000d6f00000,0x00000000d7000000)
 ParOldGen       total 68608K, used 20102K [0x0000000080000000, 0x0000000084300000, 0x00000000d5580000)
  object space 68608K, 29% used [0x0000000080000000,0x00000000813a1948,0x0000000084300000)
 Metaspace       used 40301K, committed 41408K, reserved 1114112K
  class space    used 4277K, committed 4736K, reserved 1048576K
}
Event: 5.354 GC heap after
{Heap after GC invocations=18 (full 2):
 PSYoungGen      total 23040K, used 992K [0x00000000d5580000, 0x00000000d7000000, 0x0000000100000000)
  eden space 22016K, 0% used [0x00000000d5580000,0x00000000d5580000,0x00000000d6b00000)
  from space 1024K, 96% used [0x00000000d6f00000,0x00000000d6ff8000,0x00000000d7000000)
  to   space 1536K, 0% used [0x00000000d6d00000,0x00000000d6d00000,0x00000000d6e80000)
 ParOldGen       total 68608K, used 20526K [0x0000000080000000, 0x0000000084300000, 0x00000000d5580000)
  object space 68608K, 29% used [0x0000000080000000,0x000000008140b948,0x0000000084300000)
 Metaspace       used 40301K, committed 41408K, reserved 1114112K
  class space    used 4277K, committed 4736K, reserved 1048576K
}
Event: 5.855 GC heap before
{Heap before GC invocations=19 (full 2):
 PSYoungGen      total 23040K, used 23008K [0x00000000d5580000, 0x00000000d7000000, 0x0000000100000000)
  eden space 22016K, 100% used [0x00000000d5580000,0x00000000d6b00000,0x00000000d6b00000)
  from space 1024K, 96% used [0x00000000d6f00000,0x00000000d6ff8000,0x00000000d7000000)
  to   space 1536K, 0% used [0x00000000d6d00000,0x00000000d6d00000,0x00000000d6e80000)
 ParOldGen       total 68608K, used 20526K [0x0000000080000000, 0x0000000084300000, 0x00000000d5580000)
  object space 68608K, 29% used [0x0000000080000000,0x000000008140b948,0x0000000084300000)
 Metaspace       used 42888K, committed 43968K, reserved 1114112K
  class space    used 4627K, committed 5056K, reserved 1048576K
}
Event: 5.856 GC heap after
{Heap after GC invocations=19 (full 2):
 PSYoungGen      total 23552K, used 1536K [0x00000000d5580000, 0x00000000d7000000, 0x0000000100000000)
  eden space 22016K, 0% used [0x00000000d5580000,0x00000000d5580000,0x00000000d6b00000)
  from space 1536K, 100% used [0x00000000d6d00000,0x00000000d6e80000,0x00000000d6e80000)
  to   space 1536K, 0% used [0x00000000d6e80000,0x00000000d6e80000,0x00000000d7000000)
 ParOldGen       total 68608K, used 21262K [0x0000000080000000, 0x0000000084300000, 0x00000000d5580000)
  object space 68608K, 30% used [0x0000000080000000,0x00000000814c3948,0x0000000084300000)
 Metaspace       used 42888K, committed 43968K, reserved 1114112K
  class space    used 4627K, committed 5056K, reserved 1048576K
}
Event: 6.362 GC heap before
{Heap before GC invocations=20 (full 2):
 PSYoungGen      total 23552K, used 23552K [0x00000000d5580000, 0x00000000d7000000, 0x0000000100000000)
  eden space 22016K, 100% used [0x00000000d5580000,0x00000000d6b00000,0x00000000d6b00000)
  from space 1536K, 100% used [0x00000000d6d00000,0x00000000d6e80000,0x00000000d6e80000)
  to   space 1536K, 0% used [0x00000000d6e80000,0x00000000d6e80000,0x00000000d7000000)
 ParOldGen       total 68608K, used 21262K [0x0000000080000000, 0x0000000084300000, 0x00000000d5580000)
  object space 68608K, 30% used [0x0000000080000000,0x00000000814c3948,0x0000000084300000)
 Metaspace       used 45007K, committed 46144K, reserved 1114112K
  class space    used 4859K, committed 5312K, reserved 1048576K
}
Event: 6.364 GC heap after
{Heap after GC invocations=20 (full 2):
 PSYoungGen      total 23552K, used 1529K [0x00000000d5580000, 0x00000000d7200000, 0x0000000100000000)
  eden space 22016K, 0% used [0x00000000d5580000,0x00000000d5580000,0x00000000d6b00000)
  from space 1536K, 99% used [0x00000000d6e80000,0x00000000d6ffe5e0,0x00000000d7000000)
  to   space 3584K, 0% used [0x00000000d6b00000,0x00000000d6b00000,0x00000000d6e80000)
 ParOldGen       total 68608K, used 22693K [0x0000000080000000, 0x0000000084300000, 0x00000000d5580000)
  object space 68608K, 33% used [0x0000000080000000,0x0000000081629648,0x0000000084300000)
 Metaspace       used 45007K, committed 46144K, reserved 1114112K
  class space    used 4859K, committed 5312K, reserved 1048576K
}

Dll operation events (10 events):
Event: 0.013 Loaded shared library c:\Users\aoife\.vscode\extensions\redhat.java-1.47.0-win32-x64\jre\21.0.8-win32-x86_64\bin\java.dll
Event: 0.077 Loaded shared library c:\Users\aoife\.vscode\extensions\redhat.java-1.47.0-win32-x64\jre\21.0.8-win32-x86_64\bin\zip.dll
Event: 0.097 Loaded shared library C:\Users\aoife\.vscode\extensions\redhat.java-1.47.0-win32-x64\jre\21.0.8-win32-x86_64\bin\instrument.dll
Event: 0.101 Loaded shared library C:\Users\aoife\.vscode\extensions\redhat.java-1.47.0-win32-x64\jre\21.0.8-win32-x86_64\bin\net.dll
Event: 0.103 Loaded shared library C:\Users\aoife\.vscode\extensions\redhat.java-1.47.0-win32-x64\jre\21.0.8-win32-x86_64\bin\nio.dll
Event: 0.106 Loaded shared library C:\Users\aoife\.vscode\extensions\redhat.java-1.47.0-win32-x64\jre\21.0.8-win32-x86_64\bin\zip.dll
Event: 0.123 Loaded shared library C:\Users\aoife\.vscode\extensions\redhat.java-1.47.0-win32-x64\jre\21.0.8-win32-x86_64\bin\jimage.dll
Event: 0.199 Loaded shared library c:\Users\aoife\.vscode\extensions\redhat.java-1.47.0-win32-x64\jre\21.0.8-win32-x86_64\bin\verify.dll
Event: 1.328 Loaded shared library C:\Users\aoife\AppData\Roaming\Code\User\globalStorage\redhat.java\1.47.0\config_win\org.eclipse.equinox.launcher\org.eclipse.equinox.launcher.win32.win32.x86_64_1.2.1400.v20250801-0854\eclipse_11916.dll
Event: 2.734 Loaded shared library C:\Users\aoife\AppData\Local\Temp\jna-92992506\jna5849918920454713279.dll

Deoptimization events (20 events):
Event: 6.339 Thread 0x0000020d67437020 DEOPT UNPACKING pc=0x0000020d11e73aa2 sp=0x00000071ecafe2c8 mode 2
Event: 6.358 Thread 0x0000020d67437020 DEOPT PACKING pc=0x0000020d0aa89878 sp=0x00000071ecafe0b0
Event: 6.358 Thread 0x0000020d67437020 DEOPT UNPACKING pc=0x0000020d11e74242 sp=0x00000071ecafd598 mode 0
Event: 6.366 Thread 0x0000020d67437020 Uncommon trap: trap_request=0xffffff45 fr.pc=0x0000020d1288c160 relative=0x00000000000003a0
Event: 6.366 Thread 0x0000020d67437020 Uncommon trap: reason=unstable_if action=reinterpret pc=0x0000020d1288c160 method=org.eclipse.core.runtime.Path.equals(Ljava/lang/Object;)Z @ 61 c2
Event: 6.366 Thread 0x0000020d67437020 DEOPT PACKING pc=0x0000020d1288c160 sp=0x00000071ecafe660
Event: 6.366 Thread 0x0000020d67437020 DEOPT UNPACKING pc=0x0000020d11e73aa2 sp=0x00000071ecafe5e8 mode 2
Event: 6.372 Thread 0x0000020d67437020 DEOPT PACKING pc=0x0000020d0ac46afb sp=0x00000071ecafe180
Event: 6.372 Thread 0x0000020d67437020 DEOPT UNPACKING pc=0x0000020d11e74242 sp=0x00000071ecafd6b8 mode 0
Event: 7.647 Thread 0x0000020d6888dc00 DEOPT PACKING pc=0x0000020d0b4df6bc sp=0x00000071ee6f8a60
Event: 7.647 Thread 0x0000020d6888dc00 DEOPT UNPACKING pc=0x0000020d11e74242 sp=0x00000071ee6f7f80 mode 0
Event: 8.793 Thread 0x0000020d67434230 DEOPT PACKING pc=0x0000020d0a9f3106 sp=0x00000071ecdfdef0
Event: 8.793 Thread 0x0000020d67434230 DEOPT UNPACKING pc=0x0000020d11e74242 sp=0x00000071ecdfd3d8 mode 0
Event: 8.793 Thread 0x0000020d67434230 DEOPT PACKING pc=0x0000020d0b3d24d6 sp=0x00000071ecdfdd30
Event: 8.793 Thread 0x0000020d67434230 DEOPT UNPACKING pc=0x0000020d11e74242 sp=0x00000071ecdfd240 mode 0
Event: 8.794 Thread 0x0000020d67434230 DEOPT PACKING pc=0x0000020d0a9f3106 sp=0x00000071ecdfdef0
Event: 8.794 Thread 0x0000020d67434230 DEOPT UNPACKING pc=0x0000020d11e74242 sp=0x00000071ecdfd3d8 mode 0
Event: 8.805 Thread 0x0000020d674348c0 Uncommon trap: trap_request=0xffffff45 fr.pc=0x0000020d1278de04 relative=0x0000000000000324
Event: 8.805 Thread 0x0000020d674348c0 Uncommon trap: reason=unstable_if action=reinterpret pc=0x0000020d1278de04 method=java.lang.ThreadLocal$ThreadLocalMap.set(Ljava/lang/ThreadLocal;Ljava/lang/Object;)V @ 116 c2
Event: 8.805 Thread 0x0000020d674348c0 DEOPT PACKING pc=0x0000020d1278de04 sp=0x00000071ed1fe2d0

Classes loaded (20 events):
Event: 6.125 Loading class sun/net/www/protocol/http/Handler
Event: 6.125 Loading class sun/net/www/protocol/http/Handler done
Event: 6.125 Loading class sun/net/www/protocol/https/Handler done
Event: 6.171 Loading class java/io/DataOutputStream
Event: 6.172 Loading class java/io/DataOutputStream done
Event: 6.338 Loading class sun/nio/cs/ThreadLocalCoders
Event: 6.338 Loading class sun/nio/cs/ThreadLocalCoders done
Event: 6.338 Loading class sun/nio/cs/ThreadLocalCoders$1
Event: 6.339 Loading class sun/nio/cs/ThreadLocalCoders$Cache
Event: 6.339 Loading class sun/nio/cs/ThreadLocalCoders$Cache done
Event: 6.339 Loading class sun/nio/cs/ThreadLocalCoders$1 done
Event: 6.339 Loading class sun/nio/cs/ThreadLocalCoders$2
Event: 6.339 Loading class sun/nio/cs/ThreadLocalCoders$2 done
Event: 6.402 Loading class java/io/UTFDataFormatException
Event: 6.402 Loading class java/io/UTFDataFormatException done
Event: 8.805 Loading class java/util/concurrent/CompletableFuture$AltResult
Event: 8.805 Loading class java/util/concurrent/CompletableFuture$AltResult done
Event: 8.805 Loading class java/util/concurrent/CompletableFuture$Completion
Event: 8.805 Loading class java/util/concurrent/CompletableFuture$AsynchronousCompletionTask
Event: 8.805 Loading class java/util/concurrent/CompletableFuture$AsynchronousCompletionTask done

Classes unloaded (7 events):
Event: 3.207 Thread 0x0000020d0789e900 Unloading class 0x0000020d201a2800 'java/lang/invoke/LambdaForm$MH+0x0000020d201a2800'
Event: 3.207 Thread 0x0000020d0789e900 Unloading class 0x0000020d201a2400 'java/lang/invoke/LambdaForm$MH+0x0000020d201a2400'
Event: 3.207 Thread 0x0000020d0789e900 Unloading class 0x0000020d201a2000 'java/lang/invoke/LambdaForm$MH+0x0000020d201a2000'
Event: 3.207 Thread 0x0000020d0789e900 Unloading class 0x0000020d201a1c00 'java/lang/invoke/LambdaForm$MH+0x0000020d201a1c00'
Event: 3.207 Thread 0x0000020d0789e900 Unloading class 0x0000020d201a1800 'java/lang/invoke/LambdaForm$BMH+0x0000020d201a1800'
Event: 3.207 Thread 0x0000020d0789e900 Unloading class 0x0000020d201a1400 'java/lang/invoke/LambdaForm$DMH+0x0000020d201a1400'
Event: 3.207 Thread 0x0000020d0789e900 Unloading class 0x0000020d201a0000 'java/lang/invoke/LambdaForm$DMH+0x0000020d201a0000'

Classes redefined (0 events):
No events

Internal exceptions (20 events):
Event: 6.159 Thread 0x0000020d67437020 Exception <a 'sun/nio/fs/WindowsException'{0x00000000d63fd808}> (0x00000000d63fd808) 
thrown [s\src\hotspot\share\prims\jni.cpp, line 520]
Event: 6.159 Thread 0x0000020d67437020 Exception <a 'sun/nio/fs/WindowsException'{0x00000000d63fde38}> (0x00000000d63fde38) 
thrown [s\src\hotspot\share\prims\jni.cpp, line 520]
Event: 6.159 Thread 0x0000020d67437020 Exception <a 'sun/nio/fs/WindowsException'{0x00000000d64013f0}> (0x00000000d64013f0) 
thrown [s\src\hotspot\share\prims\jni.cpp, line 520]
Event: 6.159 Thread 0x0000020d67437020 Exception <a 'sun/nio/fs/WindowsException'{0x00000000d6401f78}> (0x00000000d6401f78) 
thrown [s\src\hotspot\share\prims\jni.cpp, line 520]
Event: 6.159 Thread 0x0000020d67437020 Exception <a 'sun/nio/fs/WindowsException'{0x00000000d64054e0}> (0x00000000d64054e0) 
thrown [s\src\hotspot\share\prims\jni.cpp, line 520]
Event: 6.159 Thread 0x0000020d67437020 Exception <a 'sun/nio/fs/WindowsException'{0x00000000d6405f70}> (0x00000000d6405f70) 
thrown [s\src\hotspot\share\prims\jni.cpp, line 520]
Event: 6.159 Thread 0x0000020d67437020 Exception <a 'sun/nio/fs/WindowsException'{0x00000000d6409e98}> (0x00000000d6409e98) 
thrown [s\src\hotspot\share\prims\jni.cpp, line 520]
Event: 6.159 Thread 0x0000020d67437020 Exception <a 'sun/nio/fs/WindowsException'{0x00000000d640a6e8}> (0x00000000d640a6e8) 
thrown [s\src\hotspot\share\prims\jni.cpp, line 520]
Event: 6.160 Thread 0x0000020d67437020 Exception <a 'sun/nio/fs/WindowsException'{0x00000000d640de68}> (0x00000000d640de68) 
thrown [s\src\hotspot\share\prims\jni.cpp, line 520]
Event: 6.160 Thread 0x0000020d67437020 Exception <a 'sun/nio/fs/WindowsException'{0x00000000d640e6b8}> (0x00000000d640e6b8) 
thrown [s\src\hotspot\share\prims\jni.cpp, line 520]
Event: 6.168 Thread 0x0000020d67437020 Exception <a 'sun/nio/fs/WindowsException'{0x00000000d6476d90}> (0x00000000d6476d90) 
thrown [s\src\hotspot\share\prims\jni.cpp, line 520]
Event: 6.168 Thread 0x0000020d67437020 Exception <a 'sun/nio/fs/WindowsException'{0x00000000d64775e0}> (0x00000000d64775e0) 
thrown [s\src\hotspot\share\prims\jni.cpp, line 520]
Event: 6.366 Thread 0x0000020d67437020 Exception <a 'sun/nio/fs/WindowsException'{0x00000000d5588df8}> (0x00000000d5588df8) 
thrown [s\src\hotspot\share\prims\jni.cpp, line 520]
Event: 6.393 Thread 0x0000020d67437020 Exception <a 'java/io/FileNotFoundException'{0x00000000d56d5000}> (0x00000000d56d5000) 
thrown [s\src\hotspot\share\prims\jni.cpp, line 520]
Event: 6.394 Thread 0x0000020d67437020 Exception <a 'java/io/FileNotFoundException'{0x00000000d56d62a8}> (0x00000000d56d62a8) 
thrown [s\src\hotspot\share\prims\jni.cpp, line 520]
Event: 6.395 Thread 0x0000020d67437020 Exception <a 'java/lang/NoSuchMethodError'{0x00000000d56e6d08}: 'java.lang.Object java.lang.invoke.DirectMethodHandle$Holder.newInvokeSpecial(java.lang.Object, java.lang.Object, java.lang.Object, int)'> (0x00000000d56e6d08) 
thrown [s\src\hotspot\share\interpreter\linkResolver.cpp, line 773]
Event: 6.395 Thread 0x0000020d67437020 Exception <a 'java/lang/NoSuchMethodError'{0x00000000d56ea920}: 'java.lang.Object java.lang.invoke.DirectMethodHandle$Holder.invokeSpecial(java.lang.Object, java.lang.Object, java.lang.Object, java.lang.Object, int)'> (0x00000000d56ea920) 
thrown [s\src\hotspot\share\interpreter\linkResolver.cpp, line 773]
Event: 6.395 Thread 0x0000020d67437020 Exception <a 'java/lang/NoSuchMethodError'{0x00000000d56eddb8}: 'java.lang.Object java.lang.invoke.Invokers$Holder.linkToTargetMethod(java.lang.Object, java.lang.Object, int, java.lang.Object)'> (0x00000000d56eddb8) 
thrown [s\src\hotspot\share\interpreter\linkResolver.cpp, line 773]
Event: 7.658 Thread 0x0000020d6888dc00 Exception <a 'java/io/FileNotFoundException'{0x00000000d599baf8}> (0x00000000d599baf8) 
thrown [s\src\hotspot\share\prims\jni.cpp, line 520]
Event: 8.717 Thread 0x0000020d6888dc00 Exception <a 'java/io/FileNotFoundException'{0x00000000d5de3330}> (0x00000000d5de3330) 
thrown [s\src\hotspot\share\prims\jni.cpp, line 520]

ZGC Phase Switch (0 events):
No events

VM Operations (20 events):
Event: 5.200 Executing VM operation: HandshakeAllThreads (Deoptimize) done
Event: 5.353 Executing VM operation: ParallelGCFailedAllocation (Allocation Failure)
Event: 5.354 Executing VM operation: ParallelGCFailedAllocation (Allocation Failure) done
Event: 5.597 Executing VM operation: HandshakeAllThreads (Deoptimize)
Event: 5.597 Executing VM operation: HandshakeAllThreads (Deoptimize) done
Event: 5.847 Executing VM operation: ICBufferFull
Event: 5.847 Executing VM operation: ICBufferFull done
Event: 5.855 Executing VM operation: ParallelGCFailedAllocation (Allocation Failure)
Event: 5.856 Executing VM operation: ParallelGCFailedAllocation (Allocation Failure) done
Event: 6.280 Executing VM operation: ICBufferFull
Event: 6.280 Executing VM operation: ICBufferFull done
Event: 6.362 Executing VM operation: ParallelGCFailedAllocation (Allocation Failure)
Event: 6.364 Executing VM operation: ParallelGCFailedAllocation (Allocation Failure) done
Event: 7.378 Executing VM operation: Cleanup
Event: 7.378 Executing VM operation: Cleanup done
Event: 7.648 Executing VM operation: HandshakeAllThreads (Deoptimize)
Event: 7.649 Executing VM operation: HandshakeAllThreads (Deoptimize) done
Event: 8.651 Executing VM operation: Cleanup
Event: 8.697 Executing VM operation: Cleanup done
Event: 9.708 Executing VM operation: Cleanup

Memory protections (0 events):
No events

Nmethod flushes (20 events):
Event: 4.464 Thread 0x0000020d0789e900 flushing  nmethod 0x0000020d0b005390
Event: 4.464 Thread 0x0000020d0789e900 flushing  nmethod 0x0000020d0b059590
Event: 4.464 Thread 0x0000020d0789e900 flushing  nmethod 0x0000020d0b05d810
Event: 4.464 Thread 0x0000020d0789e900 flushing  nmethod 0x0000020d0b08d390
Event: 4.464 Thread 0x0000020d0789e900 flushing  nmethod 0x0000020d0b08dc90
Event: 4.464 Thread 0x0000020d0789e900 flushing  nmethod 0x0000020d0b08e590
Event: 4.464 Thread 0x0000020d0789e900 flushing  nmethod 0x0000020d0b08f790
Event: 4.464 Thread 0x0000020d0789e900 flushing  nmethod 0x0000020d0b090510
Event: 4.464 Thread 0x0000020d0789e900 flushing  nmethod 0x0000020d0b090a10
Event: 4.464 Thread 0x0000020d0789e900 flushing  nmethod 0x0000020d0b092210
Event: 4.464 Thread 0x0000020d0789e900 flushing  nmethod 0x0000020d0b092b10
Event: 4.464 Thread 0x0000020d0789e900 flushing  nmethod 0x0000020d0b093690
Event: 4.464 Thread 0x0000020d0789e900 flushing  nmethod 0x0000020d0b093f10
Event: 4.464 Thread 0x0000020d0789e900 flushing  nmethod 0x0000020d0b094d90
Event: 4.464 Thread 0x0000020d0789e900 flushing  nmethod 0x0000020d0b096290
Event: 4.464 Thread 0x0000020d0789e900 flushing  nmethod 0x0000020d0b096990
Event: 4.464 Thread 0x0000020d0789e900 flushing  nmethod 0x0000020d0b09f690
Event: 4.464 Thread 0x0000020d0789e900 flushing  nmethod 0x0000020d0b0f5390
Event: 4.464 Thread 0x0000020d0789e900 flushing  nmethod 0x0000020d0b0fa610
Event: 4.464 Thread 0x0000020d0789e900 flushing  nmethod 0x0000020d0b102610

Events (20 events):
Event: 4.214 Thread 0x0000020d077de8e0 Thread added: 0x0000020d68875560
Event: 4.214 Thread 0x0000020d077de8e0 Thread added: 0x0000020d68875bf0
Event: 4.215 Thread 0x0000020d077de8e0 Thread added: 0x0000020d68873b20
Event: 4.215 Thread 0x0000020d077de8e0 Thread added: 0x0000020d68877cc0
Event: 4.215 Thread 0x0000020d077de8e0 Thread added: 0x0000020d68876910
Event: 4.215 Thread 0x0000020d077de8e0 Thread added: 0x0000020d68877630
Event: 4.215 Thread 0x0000020d077de8e0 Thread added: 0x0000020d68879700
Event: 4.215 Thread 0x0000020d077de8e0 Thread added: 0x0000020d68879070
Event: 4.216 Thread 0x0000020d077de8e0 Thread added: 0x0000020d68879d90
Event: 4.216 Thread 0x0000020d077de8e0 Thread added: 0x0000020d68878350
Event: 4.243 Thread 0x0000020d077de8e0 Thread added: 0x0000020d688789e0
Event: 4.247 Thread 0x0000020d674348c0 Thread added: 0x0000020d6887a420
Event: 4.505 Thread 0x0000020d077de8e0 Thread added: 0x0000020d68876fa0
Event: 4.506 Thread 0x0000020d077de8e0 Thread added: 0x0000020d6888dc00
Event: 6.468 Thread 0x0000020d67a80080 Thread exited: 0x0000020d67a80080
Event: 7.236 Thread 0x0000020d66ebee40 Thread exited: 0x0000020d66ebee40
Event: 7.236 Thread 0x0000020d66743c60 Thread exited: 0x0000020d66743c60
Event: 7.669 Thread 0x0000020d60929ef0 Thread added: 0x0000020d66743c60
Event: 8.108 Thread 0x0000020d66743c60 Thread exited: 0x0000020d66743c60
Event: 8.734 Thread 0x0000020d60929ef0 Thread added: 0x0000020d66743c60


Dynamic libraries:
0x00007ff64b9f0000 - 0x00007ff64b9fe000 	c:\Users\aoife\.vscode\extensions\redhat.java-1.47.0-win32-x64\jre\21.0.8-win32-x86_64\bin\java.exe
0x00007ffabde00000 - 0x00007ffabe068000 	C:\WINDOWS\SYSTEM32\ntdll.dll
0x00007ffabcb70000 - 0x00007ffabcc39000 	C:\WINDOWS\System32\KERNEL32.DLL
0x00007ffabaf50000 - 0x00007ffabb348000 	C:\WINDOWS\System32\KERNELBASE.dll
0x00007ffabb350000 - 0x00007ffabb49b000 	C:\WINDOWS\System32\ucrtbase.dll
0x00007ffa97e50000 - 0x00007ffa97e6e000 	c:\Users\aoife\.vscode\extensions\redhat.java-1.47.0-win32-x64\jre\21.0.8-win32-x86_64\bin\VCRUNTIME140.dll
0x00007ffaa0010000 - 0x00007ffaa0028000 	c:\Users\aoife\.vscode\extensions\redhat.java-1.47.0-win32-x64\jre\21.0.8-win32-x86_64\bin\jli.dll
0x00007ffabdb70000 - 0x00007ffabdd37000 	C:\WINDOWS\System32\USER32.dll
0x00007ffaa0df0000 - 0x00007ffaa1084000 	C:\WINDOWS\WinSxS\amd64_microsoft.windows.common-controls_6595b64144ccf1df_6.0.26100.7019_none_3e06ffa0e335b8a8\COMCTL32.dll
0x00007ffabbab0000 - 0x00007ffabbad7000 	C:\WINDOWS\System32\win32u.dll
0x00007ffabbc00000 - 0x00007ffabbca9000 	C:\WINDOWS\System32\msvcrt.dll
0x00007ffabbba0000 - 0x00007ffabbbcb000 	C:\WINDOWS\System32\GDI32.dll
0x00007ffabb690000 - 0x00007ffabb7bc000 	C:\WINDOWS\System32\gdi32full.dll
0x00007ffabb4a0000 - 0x00007ffabb543000 	C:\WINDOWS\System32\msvcp_win.dll
0x00007ffabc070000 - 0x00007ffabc0a1000 	C:\WINDOWS\System32\IMM32.DLL
0x00007ffab5fc0000 - 0x00007ffab5fcc000 	c:\Users\aoife\.vscode\extensions\redhat.java-1.47.0-win32-x64\jre\21.0.8-win32-x86_64\bin\vcruntime140_1.dll
0x00007ffa7c3a0000 - 0x00007ffa7c42d000 	c:\Users\aoife\.vscode\extensions\redhat.java-1.47.0-win32-x64\jre\21.0.8-win32-x86_64\bin\msvcp140.dll
0x00007ffa3f6a0000 - 0x00007ffa40437000 	c:\Users\aoife\.vscode\extensions\redhat.java-1.47.0-win32-x64\jre\21.0.8-win32-x86_64\bin\server\jvm.dll
0x00007ffabbcb0000 - 0x00007ffabbd64000 	C:\WINDOWS\System32\ADVAPI32.dll
0x00007ffabbfc0000 - 0x00007ffabc066000 	C:\WINDOWS\System32\sechost.dll
0x00007ffabc790000 - 0x00007ffabc8a8000 	C:\WINDOWS\System32\RPCRT4.dll
0x00007ffabc930000 - 0x00007ffabc9a4000 	C:\WINDOWS\System32\WS2_32.dll
0x00007ffabadb0000 - 0x00007ffabae0e000 	C:\WINDOWS\SYSTEM32\POWRPROF.dll
0x00007ffab39d0000 - 0x00007ffab3a05000 	C:\WINDOWS\SYSTEM32\WINMM.dll
0x00007ffab3a10000 - 0x00007ffab3a1b000 	C:\WINDOWS\SYSTEM32\VERSION.dll
0x00007ffabad90000 - 0x00007ffabada4000 	C:\WINDOWS\SYSTEM32\UMPDC.dll
0x00007ffab9d10000 - 0x00007ffab9d2b000 	C:\WINDOWS\SYSTEM32\kernel.appcore.dll
0x00007ffab5090000 - 0x00007ffab509a000 	c:\Users\aoife\.vscode\extensions\redhat.java-1.47.0-win32-x64\jre\21.0.8-win32-x86_64\bin\jimage.dll
0x00007ffab88b0000 - 0x00007ffab8af2000 	C:\WINDOWS\SYSTEM32\DBGHELP.DLL
0x00007ffabd7e0000 - 0x00007ffabdb6b000 	C:\WINDOWS\System32\combase.dll
0x00007ffabbd70000 - 0x00007ffabbe47000 	C:\WINDOWS\System32\OLEAUT32.dll
0x00007ffaa0db0000 - 0x00007ffaa0dec000 	C:\WINDOWS\SYSTEM32\dbgcore.DLL
0x00007ffabb5e0000 - 0x00007ffabb685000 	C:\WINDOWS\System32\bcryptPrimitives.dll
0x00007ffaa0300000 - 0x00007ffaa030f000 	c:\Users\aoife\.vscode\extensions\redhat.java-1.47.0-win32-x64\jre\21.0.8-win32-x86_64\bin\instrument.dll
0x00007ffa96f20000 - 0x00007ffa96f3f000 	c:\Users\aoife\.vscode\extensions\redhat.java-1.47.0-win32-x64\jre\21.0.8-win32-x86_64\bin\java.dll
0x00007ffabcdb0000 - 0x00007ffabd4ff000 	C:\WINDOWS\System32\SHELL32.dll
0x00007ffabb940000 - 0x00007ffabbaab000 	C:\WINDOWS\System32\wintypes.dll
0x00007ffab8b70000 - 0x00007ffab93cd000 	C:\WINDOWS\SYSTEM32\windows.storage.dll
0x00007ffabc600000 - 0x00007ffabc6f2000 	C:\WINDOWS\System32\SHCORE.dll
0x00007ffabdd50000 - 0x00007ffabddb7000 	C:\WINDOWS\System32\shlwapi.dll
0x00007ffabae70000 - 0x00007ffabae99000 	C:\WINDOWS\SYSTEM32\profapi.dll
0x00007ffa929c0000 - 0x00007ffa929d8000 	c:\Users\aoife\.vscode\extensions\redhat.java-1.47.0-win32-x64\jre\21.0.8-win32-x86_64\bin\zip.dll
0x00007ffab0530000 - 0x00007ffab0540000 	C:\Users\aoife\.vscode\extensions\redhat.java-1.47.0-win32-x64\jre\21.0.8-win32-x86_64\bin\net.dll
0x00007ffab4bb0000 - 0x00007ffab4cd8000 	C:\WINDOWS\SYSTEM32\WINHTTP.dll
0x00007ffaba280000 - 0x00007ffaba2eb000 	C:\WINDOWS\system32\mswsock.dll
0x00007ffa8b110000 - 0x00007ffa8b126000 	C:\Users\aoife\.vscode\extensions\redhat.java-1.47.0-win32-x64\jre\21.0.8-win32-x86_64\bin\nio.dll
0x00007ffa97bd0000 - 0x00007ffa97be0000 	c:\Users\aoife\.vscode\extensions\redhat.java-1.47.0-win32-x64\jre\21.0.8-win32-x86_64\bin\verify.dll
0x00007ffa76960000 - 0x00007ffa769a4000 	C:\Users\aoife\AppData\Roaming\Code\User\globalStorage\redhat.java\1.47.0\config_win\org.eclipse.equinox.launcher\org.eclipse.equinox.launcher.win32.win32.x86_64_1.2.1400.v20250801-0854\eclipse_11916.dll
0x00007ffabc9b0000 - 0x00007ffabcb47000 	C:\WINDOWS\System32\ole32.dll
0x00007ffaba550000 - 0x00007ffaba56b000 	C:\WINDOWS\SYSTEM32\CRYPTSP.dll
0x00007ffab9c70000 - 0x00007ffab9caa000 	C:\WINDOWS\system32\rsaenh.dll
0x00007ffaba330000 - 0x00007ffaba35b000 	C:\WINDOWS\SYSTEM32\USERENV.dll
0x00007ffabae40000 - 0x00007ffabae6a000 	C:\WINDOWS\SYSTEM32\bcrypt.dll
0x00007ffaba540000 - 0x00007ffaba54c000 	C:\WINDOWS\SYSTEM32\CRYPTBASE.dll
0x00007ffab9700000 - 0x00007ffab9734000 	C:\WINDOWS\SYSTEM32\IPHLPAPI.DLL
0x00007ffabd750000 - 0x00007ffabd75a000 	C:\WINDOWS\System32\NSI.dll
0x00007ffa76090000 - 0x00007ffa760d9000 	C:\Users\aoife\AppData\Local\Temp\jna-92992506\jna5849918920454713279.dll
0x00007ffabcb50000 - 0x00007ffabcb58000 	C:\WINDOWS\System32\PSAPI.DLL
0x00007ffab52e0000 - 0x00007ffab52fe000 	C:\WINDOWS\SYSTEM32\dhcpcsvc6.DLL
0x00007ffab5210000 - 0x00007ffab5233000 	C:\WINDOWS\SYSTEM32\dhcpcsvc.DLL

JVMTI agents:
c:\Users\aoife\.vscode\extensions\redhat.java-1.47.0-win32-x64\lombok\lombok-1.18.39-4050.jar path:c:\Users\aoife\.vscode\extensions\redhat.java-1.47.0-win32-x64\jre\21.0.8-win32-x86_64\bin\instrument.dll, loaded, initialized, instrumentlib options:none

dbghelp: loaded successfully - version: 4.0.5 - missing functions: none
symbol engine: initialized successfully - sym options: 0x614 - pdb path: .;c:\Users\aoife\.vscode\extensions\redhat.java-1.47.0-win32-x64\jre\21.0.8-win32-x86_64\bin;C:\WINDOWS\SYSTEM32;C:\WINDOWS\WinSxS\amd64_microsoft.windows.common-controls_6595b64144ccf1df_6.0.26100.7019_none_3e06ffa0e335b8a8;c:\Users\aoife\.vscode\extensions\redhat.java-1.47.0-win32-x64\jre\21.0.8-win32-x86_64\bin\server;C:\Users\aoife\AppData\Roaming\Code\User\globalStorage\redhat.java\1.47.0\config_win\org.eclipse.equinox.launcher\org.eclipse.equinox.launcher.win32.win32.x86_64_1.2.1400.v20250801-0854;C:\Users\aoife\AppData\Local\Temp\jna-92992506

VM Arguments:
jvm_args: --add-modules=ALL-SYSTEM --add-opens=java.base/java.util=ALL-UNNAMED --add-opens=java.base/java.lang=ALL-UNNAMED --add-opens=java.base/sun.nio.fs=ALL-UNNAMED -Declipse.application=org.eclipse.jdt.ls.core.id1 -Dosgi.bundles.defaultStartLevel=4 -Declipse.product=org.eclipse.jdt.ls.core.product -Djava.import.generatesMetadataFilesAtProjectRoot=false -DDetectVMInstallationsJob.disabled=true -Dfile.encoding=utf8 -XX:+UseParallelGC -XX:GCTimeRatio=4 -XX:AdaptiveSizePolicyWeight=90 -Dsun.zip.disableMemoryMapping=true -Xmx2G -Xms100m -Xlog:disable -javaagent:c:\Users\aoife\.vscode\extensions\redhat.java-1.47.0-win32-x64\lombok\lombok-1.18.39-4050.jar -XX:+HeapDumpOnOutOfMemoryError -XX:HeapDumpPath=c:\Users\aoife\AppData\Roaming\Code\User\workspaceStorage\75d32d1431a1d4da82323331620cd040\redhat.java -Daether.dependencyCollector.impl=bf 
java_command: c:\Users\aoife\.vscode\extensions\redhat.java-1.47.0-win32-x64\server\plugins\org.eclipse.equinox.launcher_1.7.100.v20251014-1222.jar -configuration c:\Users\aoife\AppData\Roaming\Code\User\globalStorage\redhat.java\1.47.0\config_win -data c:\Users\aoife\AppData\Roaming\Code\User\workspaceStorage\75d32d1431a1d4da82323331620cd040\redhat.java\jdt_ws --pipe=\\.\pipe\lsp-389f379bdb790840e7f96107a7b86c26-sock
java_class_path (initial): c:\Users\aoife\.vscode\extensions\redhat.java-1.47.0-win32-x64\server\plugins\org.eclipse.equinox.launcher_1.7.100.v20251014-1222.jar
Launcher Type: SUN_STANDARD

[Global flags]
    uintx AdaptiveSizePolicyWeight                 = 90                                        {product} {command line}
     intx CICompilerCount                          = 12                                        {product} {ergonomic}
    uintx GCTimeRatio                              = 4                                         {product} {command line}
     bool HeapDumpOnOutOfMemoryError               = true                                   {manageable} {command line}
    ccstr HeapDumpPath                             = c:\Users\aoife\AppData\Roaming\Code\User\workspaceStorage\75d32d1431a1d4da82323331620cd040\redhat.java         {manageable} {command line}
   size_t InitialHeapSize                          = 104857600                                 {product} {command line}
   size_t MaxHeapSize                              = 2147483648                                {product} {command line}
   size_t MaxNewSize                               = 715653120                                 {product} {ergonomic}
   size_t MinHeapDeltaBytes                        = 524288                                    {product} {ergonomic}
   size_t MinHeapSize                              = 104857600                                 {product} {command line}
   size_t NewSize                                  = 34603008                                  {product} {ergonomic}
    uintx NonNMethodCodeHeapSize                   = 7602480                                {pd product} {ergonomic}
    uintx NonProfiledCodeHeapSize                  = 122027880                              {pd product} {ergonomic}
   size_t OldSize                                  = 70254592                                  {product} {ergonomic}
    uintx ProfiledCodeHeapSize                     = 122027880                              {pd product} {ergonomic}
    uintx ReservedCodeCacheSize                    = 251658240                              {pd product} {ergonomic}
     bool SegmentedCodeCache                       = true                                      {product} {ergonomic}
   size_t SoftMaxHeapSize                          = 2147483648                             {manageable} {ergonomic}
     bool UseCompressedOops                        = true                           {product lp64_product} {ergonomic}
     bool UseLargePagesIndividualAllocation        = false                                  {pd product} {ergonomic}
     bool UseParallelGC                            = true                                      {product} {command line}

Logging:
Log output configuration:
 #0: stdout all=off uptime,level,tags foldmultilines=false
 #1: stderr all=off uptime,level,tags foldmultilines=false

Environment Variables:
PATH=C:\Program Files\Common Files\Oracle\Java\javapath;C:\Program Files (x86)\Common Files\Oracle\Java\javapath;C:\ProgramData\Oracle\Java\javapath;C:\windows\system32;C:\windows;C:\windows\System32\Wbem;C:\windows\System32\WindowsPowerShell\v1.0\;C:\windows\System32\OpenSSH\;C:\Users\aoife\AppData\Roaming\nvm;C:\Program Files\nodejs;C:\xampp\php;C:\composer;C:\Program Files\HP\HP One Agent;C:\Program Files\Git\cmd;C:\Program Files\CMake\bin;C:\Program Files (x86)\Windows Kits\10\Windows Performance Toolkit\;C:\Program Files\PuTTY\;C:\WINDOWS\system32;C:\WINDOWS;C:\WINDOWS\System32\Wbem;C:\WINDOWS\System32\WindowsPowerShell\v1.0\;C:\WINDOWS\System32\OpenSSH\;C:\Program Files\Wolfram Research\WolframScript\;C:\Program Files\Docker\Docker\resources\bin;C:\Users\aoife\anaconda3;C:\Users\aoife\anaconda3\Library\mingw-w64\bin;C:\Users\aoife\anaconda3\Library\usr\bin;C:\Users\aoife\anaconda3\Library\bin;C:\Users\aoife\anaconda3\Scripts;C:\Ruby32-x64\bin;C:\Users\aoife\AppData\Local\Microsoft\WindowsApps;C:\Users\aoife\AppData\Local\Programs\Microsoft VS Code\bin;C:\Users\aoife\AppData\Local\GitHubDesktop\bin;C:\Users\aoife\AppData\Roaming\npm;C:\Users\aoife\AppData\Roaming\nvm;C:\Program Files\nodejs;C:\msys64\ucrt64\bin;C:\Program Files\JetBrains\CLion 2023.3.3\bin;;C:\Users\aoife\AppData\Roaming\Composer\vendor\bin;C:\Program Files\MySQL\MySQL Server 8.0\bin;C:\flutter\flutter\bin;
USERNAME=aoife
OS=Windows_NT
PROCESSOR_IDENTIFIER=AMD64 Family 23 Model 104 Stepping 1, AuthenticAMD
TMP=C:\Users\aoife\AppData\Local\Temp
TEMP=C:\Users\aoife\AppData\Local\Temp




Periodic native trim disabled

---------------  S Y S T E M  ---------------

OS:
 Windows 11 , 64 bit Build 26100 (10.0.26100.7019)
OS uptime: 4 days 16:52 hours
Hyper-V role detected

CPU: total 16 (initial active 16) (16 cores per cpu, 2 threads per core) family 23 model 104 stepping 1 microcode 0x8608107, cx8, cmov, fxsr, ht, mmx, 3dnowpref, sse, sse2, sse3, ssse3, sse4a, sse4.1, sse4.2, popcnt, lzcnt, tsc, tscinvbit, avx, avx2, aes, clmul, bmi1, bmi2, adx, sha, fma, vzeroupper, clflush, clflushopt, hv, rdtscp, rdpid, f16c
Processor Information for the first 16 processors :
  Max Mhz: 1801, Current Mhz: 1801, Mhz Limit: 1801

Memory: 4k page, system-wide physical 15693M (765M free)
TotalPageFile size 62797M (AvailPageFile size 2M)
current process WorkingSet (physical memory assigned to process): 242M, peak: 247M
current process commit charge ("private bytes"): 378M, peak: 385M

vm_info: OpenJDK 64-Bit Server VM (21.0.8+9-LTS) for windows-amd64 JRE (21.0.8+9-LTS), built on 2025-07-15T00:00:00Z by "admin" with MS VC++ 17.7 (VS2022)

END.
