#
# There is insufficient memory for the Java Runtime Environment to continue.
# Native memory allocation (malloc) failed to allocate 1048576 bytes. Error detail: AllocateHeap
# Possible reasons:
#   The system is out of physical RAM or swap space
#   This process is running with CompressedOops enabled, and the Java Heap may be blocking the growth of the native heap
# Possible solutions:
#   Reduce memory load on the system
#   Increase physical memory or swap space
#   Check if swap backing store is full
#   Decrease Java heap size (-Xmx/-Xms)
#   Decrease number of Java threads
#   Decrease Java thread stack sizes (-Xss)
#   Set larger code cache with -XX:ReservedCodeCacheSize=
#   JVM is running with Unscaled Compressed Oops mode in which the Java heap is
#     placed in the first 4GB address space. The Java Heap base address is the
#     maximum limit for the native heap growth. Please use -XX:HeapBaseMinAddress
#     to set the Java Heap base and to place the Java Heap above 4GB virtual address.
# This output file may be truncated or incomplete.
#
#  Out of Memory Error (allocation.cpp:44), pid=25312, tid=34104
#
# JRE version:  (21.0.8+9) (build )
# Java VM: OpenJDK 64-Bit Server VM (21.0.8+9-LTS, mixed mode, sharing, tiered, compressed oops, compressed class ptrs, parallel gc, windows-amd64)
# No core dump will be written. Minidumps are not enabled by default on client versions of Windows
#

---------------  S U M M A R Y ------------

Command Line: --add-modules=ALL-SYSTEM --add-opens=java.base/java.util=ALL-UNNAMED --add-opens=java.base/java.lang=ALL-UNNAMED --add-opens=java.base/sun.nio.fs=ALL-UNNAMED -Declipse.application=org.eclipse.jdt.ls.core.id1 -Dosgi.bundles.defaultStartLevel=4 -Declipse.product=org.eclipse.jdt.ls.core.product -Djava.import.generatesMetadataFilesAtProjectRoot=false -DDetectVMInstallationsJob.disabled=true -Dfile.encoding=utf8 -XX:+UseParallelGC -XX:GCTimeRatio=4 -XX:AdaptiveSizePolicyWeight=90 -Dsun.zip.disableMemoryMapping=true -Xmx2G -Xms100m -Xlog:disable -javaagent:c:\Users\aoife\.vscode\extensions\redhat.java-1.47.0-win32-x64\lombok\lombok-1.18.39-4050.jar c:\Users\aoife\.vscode\extensions\redhat.java-1.47.0-win32-x64\server\plugins\org.eclipse.equinox.launcher_1.7.100.v20251014-1222.jar -configuration c:\Users\aoife\AppData\Roaming\Code\User\globalStorage\redhat.java\1.47.0\config_ss_win -data c:\Users\aoife\AppData\Roaming\Code\User\workspaceStorage\75d32d1431a1d4da82323331620cd040\redhat.java\ss_ws --pipe=\\.\pipe\lsp-ffa0c2390c8990c1839068ecfe807779-sock

Host: AMD Ryzen 7 5700U with Radeon Graphics         , 16 cores, 15G,  Windows 11 , 64 bit Build 26100 (10.0.26100.7019)
Time: Sun Nov 16 22:17:27 2025 GMT Standard Time elapsed time: 1.063051 seconds (0d 0h 0m 1s)

---------------  T H R E A D  ---------------

Current thread (0x000002805a32d060):  JavaThread "Unknown thread" [_thread_in_vm, id=34104, stack(0x0000008b62e00000,0x0000008b62f00000) (1024K)]

Stack: [0x0000008b62e00000,0x0000008b62f00000]
Native frames: (J=compiled Java code, j=interpreted, Vv=VM code, C=native code)
V  [jvm.dll+0x6d2449]
V  [jvm.dll+0x8ae341]
V  [jvm.dll+0x8b08be]
V  [jvm.dll+0x8b0fa3]
V  [jvm.dll+0x280c96]
V  [jvm.dll+0xc0347]
V  [jvm.dll+0x706540]
V  [jvm.dll+0x7070ac]
V  [jvm.dll+0x6e0f43]
V  [jvm.dll+0x877c7c]
V  [jvm.dll+0x3becec]
V  [jvm.dll+0x8606d8]
V  [jvm.dll+0x4530ee]
V  [jvm.dll+0x454d31]
C  [jli.dll+0x5278]
C  [ucrtbase.dll+0x37b0]
C  [KERNEL32.DLL+0x2e8d7]
C  [ntdll.dll+0x8c53c]


---------------  P R O C E S S  ---------------

Threads class SMR info:
_java_thread_list=0x000002805a3990e0, length=1, elements={
0x000002805a32d060
}

Java Threads: ( => current thread )
=>0x000002805a32d060 JavaThread "Unknown thread"             [_thread_in_vm, id=34104, stack(0x0000008b62e00000,0x0000008b62f00000) (1024K)]
Total: 1

Other Threads:
  0x000002805a1bca00 WatcherThread "VM Periodic Task Thread"        [id=35568, stack(0x0000008b63000000,0x0000008b63100000) (1024K)]
  0x000002805a34bd20 WorkerThread "GC Thread#0"                     [id=30168, stack(0x0000008b62f00000,0x0000008b63000000) (1024K)]
Total: 2

Threads with active compile tasks:
Total: 0

VM state: not at safepoint (normal execution)

VM Mutex/Monitor currently owned by a thread: None

Heap address: 0x0000000080000000, size: 2048 MB, Compressed Oops mode: 32-bit

CDS archive(s) mapped at: [0x0000028000000000-0x0000028000ba0000-0x0000028000ba0000), size 12189696, SharedBaseAddress: 0x0000028000000000, ArchiveRelocationMode: 1.
Compressed class space mapped at: 0x0000028001000000-0x0000028041000000, reserved size: 1073741824
Narrow klass base: 0x0000028000000000, Narrow klass shift: 0, Narrow klass range: 0x100000000

GC Precious Log:
 CardTable entry size: 512
 CPUs: 16 total, 16 available
 Memory: 15693M
 Large Page Support: Disabled
 NUMA Support: Disabled
 Compressed Oops: Enabled (32-bit)
 Alignments: Space 512K, Generation 512K, Heap 2M
 Heap Min Capacity: 100M
 Heap Initial Capacity: 100M
 Heap Max Capacity: 2G
 Pre-touch: Disabled
 Parallel Workers: 13

Heap:
 PSYoungGen      total 29696K, used 512K [0x00000000d5580000, 0x00000000d7680000, 0x0000000100000000)
  eden space 25600K, 2% used [0x00000000d5580000,0x00000000d5600020,0x00000000d6e80000)
  from space 4096K, 0% used [0x00000000d7280000,0x00000000d7280000,0x00000000d7680000)
  to   space 4096K, 0% used [0x00000000d6e80000,0x00000000d6e80000,0x00000000d7280000)
 ParOldGen       total 68608K, used 0K [0x0000000080000000, 0x0000000084300000, 0x00000000d5580000)
  object space 68608K, 0% used [0x0000000080000000,0x0000000080000000,0x0000000084300000)
 Metaspace       used 0K, committed 0K, reserved 1048576K
  class space    used 0K, committed 0K, reserved 1048576K

Card table byte_map: [0x0000028059cd0000,0x000002805a0e0000] _byte_map_base: 0x00000280598d0000

Marking Bits: (ParMarkBitMap*) 0x00007ffa4035a340
 Begin Bits: [0x000002806c7d0000, 0x000002806e7d0000)
 End Bits:   [0x000002806e7d0000, 0x00000280707d0000)

Polling page: 0x00000280580e0000

Metaspace:

Usage:
  Non-class:      0 bytes used.
      Class:      0 bytes used.
       Both:      0 bytes used.

Virtual space:
  Non-class space:        0 bytes reserved,       0 bytes (  ?%) committed,  0 nodes.
      Class space:        1.00 GB reserved,       0 bytes (  0%) committed,  1 nodes.
             Both:        1.00 GB reserved,       0 bytes (  0%) committed. 

Chunk freelists:
   Non-Class:  0 bytes
       Class:  16.00 MB
        Both:  16.00 MB

MaxMetaspaceSize: unlimited
CompressedClassSpaceSize: 1.00 GB
Initial GC threshold: 21.00 MB
Current GC threshold: 17179869184.00 GB
CDS: on
 - commit_granule_bytes: 65536.
 - commit_granule_words: 8192.
 - virtual_space_node_default_size: 8388608.
 - enlarge_chunks_in_place: 1.
 - use_allocation_guard: 0.


Internal statistics:

num_allocs_failed_limit: 0.
num_arena_births: 0.
num_arena_deaths: 0.
num_vsnodes_births: 1.
num_vsnodes_deaths: 0.
num_space_committed: 0.
num_space_uncommitted: 0.
num_chunks_returned_to_freelist: 0.
num_chunks_taken_from_freelist: 1.
num_chunk_merges: 0.
num_chunk_splits: 1.
num_chunks_enlarged: 0.
num_inconsistent_stats: 0.

CodeHeap 'non-profiled nmethods': size=119168Kb used=0Kb max_used=0Kb free=119168Kb
 bounds [0x00000280650c0000, 0x0000028065330000, 0x000002806c520000]
CodeHeap 'profiled nmethods': size=119104Kb used=0Kb max_used=0Kb free=119104Kb
 bounds [0x000002805d520000, 0x000002805d790000, 0x0000028064970000]
CodeHeap 'non-nmethods': size=7488Kb used=194Kb max_used=342Kb free=7293Kb
 bounds [0x0000028064970000, 0x0000028064be0000, 0x00000280650c0000]
CodeCache: size=245760Kb, used=194Kb, max_used=342Kb, free=245565Kb
 total_blobs=70, nmethods=0, adapters=48, full_count=0
Compilation: enabled, stopped_count=0, restarted_count=0

Compilation events (0 events):
No events

GC Heap History (0 events):
No events

Dll operation events (1 events):
Event: 0.014 Loaded shared library c:\Users\aoife\.vscode\extensions\redhat.java-1.47.0-win32-x64\jre\21.0.8-win32-x86_64\bin\java.dll

Deoptimization events (0 events):
No events

Classes loaded (0 events):
No events

Classes unloaded (0 events):
No events

Classes redefined (0 events):
No events

Internal exceptions (0 events):
No events

ZGC Phase Switch (0 events):
No events

VM Operations (0 events):
No events

Memory protections (0 events):
No events

Nmethod flushes (0 events):
No events

Events (1 events):
Event: 0.052 Thread 0x000002805a32d060 Thread added: 0x000002805a32d060


Dynamic libraries:
0x00007ff64b9f0000 - 0x00007ff64b9fe000 	c:\Users\aoife\.vscode\extensions\redhat.java-1.47.0-win32-x64\jre\21.0.8-win32-x86_64\bin\java.exe
0x00007ffabde00000 - 0x00007ffabe068000 	C:\WINDOWS\SYSTEM32\ntdll.dll
0x00007ffabcb70000 - 0x00007ffabcc39000 	C:\WINDOWS\System32\KERNEL32.DLL
0x00007ffabaf50000 - 0x00007ffabb348000 	C:\WINDOWS\System32\KERNELBASE.dll
0x00007ffabb350000 - 0x00007ffabb49b000 	C:\WINDOWS\System32\ucrtbase.dll
0x00007ffaa0010000 - 0x00007ffaa0028000 	c:\Users\aoife\.vscode\extensions\redhat.java-1.47.0-win32-x64\jre\21.0.8-win32-x86_64\bin\jli.dll
0x00007ffa97e50000 - 0x00007ffa97e6e000 	c:\Users\aoife\.vscode\extensions\redhat.java-1.47.0-win32-x64\jre\21.0.8-win32-x86_64\bin\VCRUNTIME140.dll
0x00007ffabdb70000 - 0x00007ffabdd37000 	C:\WINDOWS\System32\USER32.dll
0x00007ffaa0df0000 - 0x00007ffaa1084000 	C:\WINDOWS\WinSxS\amd64_microsoft.windows.common-controls_6595b64144ccf1df_6.0.26100.7019_none_3e06ffa0e335b8a8\COMCTL32.dll
0x00007ffabbab0000 - 0x00007ffabbad7000 	C:\WINDOWS\System32\win32u.dll
0x00007ffabbba0000 - 0x00007ffabbbcb000 	C:\WINDOWS\System32\GDI32.dll
0x00007ffabbc00000 - 0x00007ffabbca9000 	C:\WINDOWS\System32\msvcrt.dll
0x00007ffabb690000 - 0x00007ffabb7bc000 	C:\WINDOWS\System32\gdi32full.dll
0x00007ffabb4a0000 - 0x00007ffabb543000 	C:\WINDOWS\System32\msvcp_win.dll
0x00007ffabc070000 - 0x00007ffabc0a1000 	C:\WINDOWS\System32\IMM32.DLL
0x00007ffab5fc0000 - 0x00007ffab5fcc000 	c:\Users\aoife\.vscode\extensions\redhat.java-1.47.0-win32-x64\jre\21.0.8-win32-x86_64\bin\vcruntime140_1.dll
0x00007ffa7c3a0000 - 0x00007ffa7c42d000 	c:\Users\aoife\.vscode\extensions\redhat.java-1.47.0-win32-x64\jre\21.0.8-win32-x86_64\bin\msvcp140.dll
0x00007ffa3f6a0000 - 0x00007ffa40437000 	c:\Users\aoife\.vscode\extensions\redhat.java-1.47.0-win32-x64\jre\21.0.8-win32-x86_64\bin\server\jvm.dll
0x00007ffabbcb0000 - 0x00007ffabbd64000 	C:\WINDOWS\System32\ADVAPI32.dll
0x00007ffabbfc0000 - 0x00007ffabc066000 	C:\WINDOWS\System32\sechost.dll
0x00007ffabc790000 - 0x00007ffabc8a8000 	C:\WINDOWS\System32\RPCRT4.dll
0x00007ffabc930000 - 0x00007ffabc9a4000 	C:\WINDOWS\System32\WS2_32.dll
0x00007ffabadb0000 - 0x00007ffabae0e000 	C:\WINDOWS\SYSTEM32\POWRPROF.dll
0x00007ffab39d0000 - 0x00007ffab3a05000 	C:\WINDOWS\SYSTEM32\WINMM.dll
0x00007ffab3a10000 - 0x00007ffab3a1b000 	C:\WINDOWS\SYSTEM32\VERSION.dll
0x00007ffabad90000 - 0x00007ffabada4000 	C:\WINDOWS\SYSTEM32\UMPDC.dll
0x00007ffab9d10000 - 0x00007ffab9d2b000 	C:\WINDOWS\SYSTEM32\kernel.appcore.dll
0x00007ffab5090000 - 0x00007ffab509a000 	c:\Users\aoife\.vscode\extensions\redhat.java-1.47.0-win32-x64\jre\21.0.8-win32-x86_64\bin\jimage.dll
0x00007ffab88b0000 - 0x00007ffab8af2000 	C:\WINDOWS\SYSTEM32\DBGHELP.DLL
0x00007ffabd7e0000 - 0x00007ffabdb6b000 	C:\WINDOWS\System32\combase.dll
0x00007ffabbd70000 - 0x00007ffabbe47000 	C:\WINDOWS\System32\OLEAUT32.dll
0x00007ffaa0db0000 - 0x00007ffaa0dec000 	C:\WINDOWS\SYSTEM32\dbgcore.DLL
0x00007ffabb5e0000 - 0x00007ffabb685000 	C:\WINDOWS\System32\bcryptPrimitives.dll
0x00007ffaa0300000 - 0x00007ffaa030f000 	c:\Users\aoife\.vscode\extensions\redhat.java-1.47.0-win32-x64\jre\21.0.8-win32-x86_64\bin\instrument.dll
0x00007ffa96f20000 - 0x00007ffa96f3f000 	c:\Users\aoife\.vscode\extensions\redhat.java-1.47.0-win32-x64\jre\21.0.8-win32-x86_64\bin\java.dll

JVMTI agents:
c:\Users\aoife\.vscode\extensions\redhat.java-1.47.0-win32-x64\lombok\lombok-1.18.39-4050.jar path:none, loaded, not initialized, instrumentlib options:none

dbghelp: loaded successfully - version: 4.0.5 - missing functions: none
symbol engine: initialized successfully - sym options: 0x614 - pdb path: .;c:\Users\aoife\.vscode\extensions\redhat.java-1.47.0-win32-x64\jre\21.0.8-win32-x86_64\bin;C:\WINDOWS\SYSTEM32;C:\WINDOWS\WinSxS\amd64_microsoft.windows.common-controls_6595b64144ccf1df_6.0.26100.7019_none_3e06ffa0e335b8a8;c:\Users\aoife\.vscode\extensions\redhat.java-1.47.0-win32-x64\jre\21.0.8-win32-x86_64\bin\server

VM Arguments:
jvm_args: --add-modules=ALL-SYSTEM --add-opens=java.base/java.util=ALL-UNNAMED --add-opens=java.base/java.lang=ALL-UNNAMED --add-opens=java.base/sun.nio.fs=ALL-UNNAMED -Declipse.application=org.eclipse.jdt.ls.core.id1 -Dosgi.bundles.defaultStartLevel=4 -Declipse.product=org.eclipse.jdt.ls.core.product -Djava.import.generatesMetadataFilesAtProjectRoot=false -DDetectVMInstallationsJob.disabled=true -Dfile.encoding=utf8 -XX:+UseParallelGC -XX:GCTimeRatio=4 -XX:AdaptiveSizePolicyWeight=90 -Dsun.zip.disableMemoryMapping=true -Xmx2G -Xms100m -Xlog:disable -javaagent:c:\Users\aoife\.vscode\extensions\redhat.java-1.47.0-win32-x64\lombok\lombok-1.18.39-4050.jar 
java_command: c:\Users\aoife\.vscode\extensions\redhat.java-1.47.0-win32-x64\server\plugins\org.eclipse.equinox.launcher_1.7.100.v20251014-1222.jar -configuration c:\Users\aoife\AppData\Roaming\Code\User\globalStorage\redhat.java\1.47.0\config_ss_win -data c:\Users\aoife\AppData\Roaming\Code\User\workspaceStorage\75d32d1431a1d4da82323331620cd040\redhat.java\ss_ws --pipe=\\.\pipe\lsp-ffa0c2390c8990c1839068ecfe807779-sock
java_class_path (initial): c:\Users\aoife\.vscode\extensions\redhat.java-1.47.0-win32-x64\server\plugins\org.eclipse.equinox.launcher_1.7.100.v20251014-1222.jar
Launcher Type: SUN_STANDARD

[Global flags]
    uintx AdaptiveSizePolicyWeight                 = 90                                        {product} {command line}
     intx CICompilerCount                          = 12                                        {product} {ergonomic}
    uintx GCTimeRatio                              = 4                                         {product} {command line}
   size_t InitialHeapSize                          = 104857600                                 {product} {command line}
   size_t MaxHeapSize                              = 2147483648                                {product} {command line}
   size_t MaxNewSize                               = 715653120                                 {product} {ergonomic}
   size_t MinHeapDeltaBytes                        = 524288                                    {product} {ergonomic}
   size_t MinHeapSize                              = 104857600                                 {product} {command line}
   size_t NewSize                                  = 34603008                                  {product} {ergonomic}
    uintx NonNMethodCodeHeapSize                   = 7602480                                {pd product} {ergonomic}
    uintx NonProfiledCodeHeapSize                  = 122027880                              {pd product} {ergonomic}
   size_t OldSize                                  = 70254592                                  {product} {ergonomic}
    uintx ProfiledCodeHeapSize                     = 122027880                              {pd product} {ergonomic}
    uintx ReservedCodeCacheSize                    = 251658240                              {pd product} {ergonomic}
     bool SegmentedCodeCache                       = true                                      {product} {ergonomic}
   size_t SoftMaxHeapSize                          = 2147483648                             {manageable} {ergonomic}
     bool UseCompressedOops                        = true                           {product lp64_product} {ergonomic}
     bool UseLargePagesIndividualAllocation        = false                                  {pd product} {ergonomic}
     bool UseParallelGC                            = true                                      {product} {command line}

Logging:
Log output configuration:
 #0: stdout all=off uptime,level,tags foldmultilines=false
 #1: stderr all=off uptime,level,tags foldmultilines=false

Environment Variables:
PATH=C:\Program Files\Common Files\Oracle\Java\javapath;C:\Program Files (x86)\Common Files\Oracle\Java\javapath;C:\ProgramData\Oracle\Java\javapath;C:\windows\system32;C:\windows;C:\windows\System32\Wbem;C:\windows\System32\WindowsPowerShell\v1.0\;C:\windows\System32\OpenSSH\;C:\Users\aoife\AppData\Roaming\nvm;C:\Program Files\nodejs;C:\xampp\php;C:\composer;C:\Program Files\HP\HP One Agent;C:\Program Files\Git\cmd;C:\Program Files\CMake\bin;C:\Program Files (x86)\Windows Kits\10\Windows Performance Toolkit\;C:\Program Files\PuTTY\;C:\WINDOWS\system32;C:\WINDOWS;C:\WINDOWS\System32\Wbem;C:\WINDOWS\System32\WindowsPowerShell\v1.0\;C:\WINDOWS\System32\OpenSSH\;C:\Program Files\Wolfram Research\WolframScript\;C:\Program Files\Docker\Docker\resources\bin;C:\Users\aoife\anaconda3;C:\Users\aoife\anaconda3\Library\mingw-w64\bin;C:\Users\aoife\anaconda3\Library\usr\bin;C:\Users\aoife\anaconda3\Library\bin;C:\Users\aoife\anaconda3\Scripts;C:\Ruby32-x64\bin;C:\Users\aoife\AppData\Local\Microsoft\WindowsApps;C:\Users\aoife\AppData\Local\Programs\Microsoft VS Code\bin;C:\Users\aoife\AppData\Local\GitHubDesktop\bin;C:\Users\aoife\AppData\Roaming\npm;C:\Users\aoife\AppData\Roaming\nvm;C:\Program Files\nodejs;C:\msys64\ucrt64\bin;C:\Program Files\JetBrains\CLion 2023.3.3\bin;;C:\Users\aoife\AppData\Roaming\Composer\vendor\bin;C:\Program Files\MySQL\MySQL Server 8.0\bin;C:\flutter\flutter\bin;
USERNAME=aoife
OS=Windows_NT
PROCESSOR_IDENTIFIER=AMD64 Family 23 Model 104 Stepping 1, AuthenticAMD
TMP=C:\Users\aoife\AppData\Local\Temp
TEMP=C:\Users\aoife\AppData\Local\Temp




Periodic native trim disabled

---------------  S Y S T E M  ---------------

OS:
 Windows 11 , 64 bit Build 26100 (10.0.26100.7019)
OS uptime: 4 days 16:53 hours
Hyper-V role detected

CPU: total 16 (initial active 16) (16 cores per cpu, 2 threads per core) family 23 model 104 stepping 1 microcode 0x8608107, cx8, cmov, fxsr, ht, mmx, 3dnowpref, sse, sse2, sse3, ssse3, sse4a, sse4.1, sse4.2, popcnt, lzcnt, tsc, tscinvbit, avx, avx2, aes, clmul, bmi1, bmi2, adx, sha, fma, vzeroupper, clflush, clflushopt, hv, rdtscp, rdpid, f16c
Processor Information for the first 16 processors :
  Max Mhz: 1801, Current Mhz: 1801, Mhz Limit: 1801

Memory: 4k page, system-wide physical 15693M (816M free)
TotalPageFile size 62797M (AvailPageFile size 3M)
current process WorkingSet (physical memory assigned to process): 25M, peak: 25M
current process commit charge ("private bytes"): 215M, peak: 216M

vm_info: OpenJDK 64-Bit Server VM (21.0.8+9-LTS) for windows-amd64 JRE (21.0.8+9-LTS), built on 2025-07-15T00:00:00Z by "admin" with MS VC++ 17.7 (VS2022)

END.
